[0.0039] Read 18 policy certificates and 2 things.
2024-10-21 21:35:55,594 [MainThread  ] [INFO ]  Checking certificates:   elevator  ->  elevator
2024-10-21 21:35:55,609 [MainThread  ] [INFO ]  Checking certificates:   elevator  ->  floor1_fire_alarm
2024-10-21 21:35:55,624 [MainThread  ] [INFO ]  Checking certificates:   elevator  ->  floor2_fire_alarm
2024-10-21 21:35:55,625 [MainThread  ] [DEBUG]           A witness is known: None
2024-10-21 21:35:55,625 [MainThread  ] [INFO ]  Checking certificates:   elevator  ->  floor1_fire_siren
2024-10-21 21:35:55,639 [MainThread  ] [INFO ]  Checking certificates:   elevator  ->  floor2_fire_siren
2024-10-21 21:35:55,640 [MainThread  ] [DEBUG]           A witness is known: None
2024-10-21 21:35:55,640 [MainThread  ] [INFO ]  Checking certificates:   elevator  ->  floor1_water_pump
2024-10-21 21:35:55,654 [MainThread  ] [INFO ]  Checking certificates:   elevator  ->  floor2_water_pump
2024-10-21 21:35:55,654 [MainThread  ] [DEBUG]           A witness is known: None
2024-10-21 21:35:55,655 [MainThread  ] [INFO ]  Checking certificates:   elevator  ->  floor1_badge_reader
2024-10-21 21:35:55,670 [MainThread  ] [INFO ]  Checking certificates:   elevator  ->  floor2_badge_reader
2024-10-21 21:35:55,670 [MainThread  ] [DEBUG]           A witness is known: None
2024-10-21 21:35:55,670 [MainThread  ] [INFO ]  Checking certificates:   elevator  ->  floor1_door_lock
2024-10-21 21:35:55,685 [MainThread  ] [INFO ]  Checking certificates:   elevator  ->  floor2_door_lock
2024-10-21 21:35:55,699 [MainThread  ] [INFO ]  Checking certificates:   elevator  ->  floor1_smoke_sensor
2024-10-21 21:35:55,713 [MainThread  ] [INFO ]  Checking certificates:   elevator  ->  floor2_smoke_sensor
2024-10-21 21:35:55,714 [MainThread  ] [DEBUG]           A witness is known: None
2024-10-21 21:35:55,714 [MainThread  ] [INFO ]  Checking certificates:   elevator  ->  floor1_light
2024-10-21 21:35:55,729 [MainThread  ] [INFO ]  Checking certificates:   elevator  ->  floor2_light
2024-10-21 21:35:55,730 [MainThread  ] [DEBUG]           A witness is known: None
2024-10-21 21:35:55,730 [MainThread  ] [INFO ]  Checking certificates:   elevator  ->  lambda_badge_check
2024-10-21 21:35:55,744 [MainThread  ] [INFO ]  Checking certificates:   elevator  ->  lambda_fire_alarm
2024-10-21 21:35:55,759 [MainThread  ] [INFO ]  Checking certificates:   elevator  ->  lambda_logger
2024-10-21 21:35:55,774 [MainThread  ] [INFO ]  Checking certificates:   elevator  ->  presenceSensor1
2024-10-21 21:35:55,789 [MainThread  ] [INFO ]  Checking certificates:   elevator  ->  presenceSensor2
2024-10-21 21:35:55,790 [MainThread  ] [DEBUG]           A witness is known: None
2024-10-21 21:35:55,790 [MainThread  ] [INFO ]  Checking certificates:   floor1_fire_alarm  ->  elevator
2024-10-21 21:35:55,861 [MainThread  ] [INFO ]  Checking certificates:   floor1_fire_alarm  ->  floor1_fire_alarm
2024-10-21 21:35:55,874 [MainThread  ] [INFO ]  Checking certificates:   floor1_fire_alarm  ->  floor2_fire_alarm
2024-10-21 21:35:55,875 [MainThread  ] [DEBUG]           A witness is known: None
2024-10-21 21:35:55,875 [MainThread  ] [INFO ]  Checking certificates:   floor1_fire_alarm  ->  floor1_fire_siren
2024-10-21 21:35:55,940 [MainThread  ] [INFO ]  Checking certificates:   floor1_fire_alarm  ->  floor2_fire_siren
2024-10-21 21:35:55,940 [MainThread  ] [DEBUG]           A witness is known: fireAlarmza -> fire/detected => fire/detected <- sirenz#
2024-10-21 21:35:55,940 [MainThread  ] [INFO ]  Checking certificates:   floor1_fire_alarm  ->  floor1_water_pump
2024-10-21 21:35:56,006 [MainThread  ] [INFO ]  Checking certificates:   floor1_fire_alarm  ->  floor2_water_pump
2024-10-21 21:35:56,006 [MainThread  ] [DEBUG]           A witness is known: fireAlarmZ+ -> fire/detected => fire/detected <- pump00
2024-10-21 21:35:56,006 [MainThread  ] [INFO ]  Checking certificates:   floor1_fire_alarm  ->  floor1_badge_reader
2024-10-21 21:35:56,020 [MainThread  ] [INFO ]  Checking certificates:   floor1_fire_alarm  ->  floor2_badge_reader
2024-10-21 21:35:56,021 [MainThread  ] [DEBUG]           A witness is known: None
2024-10-21 21:35:56,021 [MainThread  ] [INFO ]  Checking certificates:   floor1_fire_alarm  ->  floor1_door_lock
2024-10-21 21:35:56,111 [MainThread  ] [INFO ]  Checking certificates:   floor1_fire_alarm  ->  floor2_door_lock
2024-10-21 21:35:56,193 [MainThread  ] [INFO ]  Checking certificates:   floor1_fire_alarm  ->  floor1_smoke_sensor
2024-10-21 21:35:56,207 [MainThread  ] [INFO ]  Checking certificates:   floor1_fire_alarm  ->  floor2_smoke_sensor
2024-10-21 21:35:56,207 [MainThread  ] [DEBUG]           A witness is known: None
2024-10-21 21:35:56,207 [MainThread  ] [INFO ]  Checking certificates:   floor1_fire_alarm  ->  floor1_light
2024-10-21 21:35:56,325 [MainThread  ] [DEBUG]  Solving floor1_fire_alarm -> floor1_light requires hard solver:
2024-10-21 21:35:56,340 [MainThread  ] [DEBUG]          [0.0080] #1 topic levels is unsat
2024-10-21 21:35:56,393 [MainThread  ] [DEBUG]          [0.0449] #2 topic levels is unsat
2024-10-21 21:35:56,430 [MainThread  ] [DEBUG]          [0.0284] #3 topic levels is unsat
2024-10-21 21:35:56,446 [MainThread  ] [DEBUG]          [0.0070] #4 topic levels is unsat
2024-10-21 21:35:56,465 [MainThread  ] [DEBUG]          [0.0100] #5 topic levels is unsat
2024-10-21 21:35:56,481 [MainThread  ] [DEBUG]          [0.0080] #6 topic levels is unsat
2024-10-21 21:35:56,498 [MainThread  ] [DEBUG]          [0.0080] #7 topic levels is unsat
2024-10-21 21:35:56,515 [MainThread  ] [DEBUG]          [0.0080] #8 topic levels is unsat
2024-10-21 21:35:56,515 [MainThread  ] [DEBUG]          [0.1900] No solution found.
2024-10-21 21:35:56,517 [MainThread  ] [INFO ]  Checking certificates:   floor1_fire_alarm  ->  floor2_light
2024-10-21 21:35:56,518 [MainThread  ] [DEBUG]           A witness is known: None
2024-10-21 21:35:56,518 [MainThread  ] [INFO ]  Checking certificates:   floor1_fire_alarm  ->  lambda_badge_check
2024-10-21 21:35:56,534 [MainThread  ] [INFO ]  Checking certificates:   floor1_fire_alarm  ->  lambda_fire_alarm
2024-10-21 21:35:56,550 [MainThread  ] [INFO ]  Checking certificates:   floor1_fire_alarm  ->  lambda_logger
2024-10-21 21:35:56,566 [MainThread  ] [INFO ]  Checking certificates:   floor1_fire_alarm  ->  presenceSensor1
2024-10-21 21:35:56,583 [MainThread  ] [INFO ]  Checking certificates:   floor1_fire_alarm  ->  presenceSensor2
2024-10-21 21:35:56,583 [MainThread  ] [DEBUG]           A witness is known: None
2024-10-21 21:35:56,583 [MainThread  ] [INFO ]  Checking certificates:   floor2_fire_alarm  ->  elevator
2024-10-21 21:35:56,583 [MainThread  ] [DEBUG]           A witness is known: fireAlarm3/ -> fire/detected => fire/detected <- elevator/P     
2024-10-21 21:35:56,583 [MainThread  ] [INFO ]  Checking certificates:   floor2_fire_alarm  ->  floor1_fire_alarm
2024-10-21 21:35:56,583 [MainThread  ] [DEBUG]           A witness is known: None
2024-10-21 21:35:56,583 [MainThread  ] [INFO ]  Checking certificates:   floor2_fire_alarm  ->  floor2_fire_alarm
2024-10-21 21:35:56,584 [MainThread  ] [DEBUG]           A witness is known: None
2024-10-21 21:35:56,584 [MainThread  ] [INFO ]  Checking certificates:   floor2_fire_alarm  ->  floor1_fire_siren
2024-10-21 21:35:56,584 [MainThread  ] [DEBUG]           A witness is known: fireAlarmza -> fire/detected => fire/detected <- sirenz#        
2024-10-21 21:35:56,584 [MainThread  ] [INFO ]  Checking certificates:   floor2_fire_alarm  ->  floor2_fire_siren
2024-10-21 21:35:56,584 [MainThread  ] [DEBUG]           A witness is known: fireAlarmza -> fire/detected => fire/detected <- sirenz#        
2024-10-21 21:35:56,584 [MainThread  ] [INFO ]  Checking certificates:   floor2_fire_alarm  ->  floor1_water_pump
2024-10-21 21:35:56,584 [MainThread  ] [DEBUG]           A witness is known: fireAlarmZ+ -> fire/detected => fire/detected <- pump00
2024-10-21 21:35:56,584 [MainThread  ] [INFO ]  Checking certificates:   floor2_fire_alarm  ->  floor2_water_pump
2024-10-21 21:35:56,585 [MainThread  ] [DEBUG]           A witness is known: fireAlarmZ+ -> fire/detected => fire/detected <- pump00
2024-10-21 21:35:56,585 [MainThread  ] [INFO ]  Checking certificates:   floor2_fire_alarm  ->  floor1_badge_reader
2024-10-21 21:35:56,585 [MainThread  ] [DEBUG]           A witness is known: None
2024-10-21 21:35:56,585 [MainThread  ] [INFO ]  Checking certificates:   floor2_fire_alarm  ->  floor2_badge_reader
2024-10-21 21:35:56,585 [MainThread  ] [DEBUG]           A witness is known: None
2024-10-21 21:35:56,585 [MainThread  ] [INFO ]  Checking certificates:   floor2_fire_alarm  ->  floor1_door_lock
2024-10-21 21:35:56,585 [MainThread  ] [DEBUG]           A witness is known: fireAlarm8+ -> fire/detected => fire/detected <- doorLock+0     
2024-10-21 21:35:56,585 [MainThread  ] [INFO ]  Checking certificates:   floor2_fire_alarm  ->  floor2_door_lock
2024-10-21 21:35:56,585 [MainThread  ] [DEBUG]           A witness is known: fireAlarm+0 -> fire/detected => fire/detected <- doorLock03     
2024-10-21 21:35:56,586 [MainThread  ] [INFO ]  Checking certificates:   floor2_fire_alarm  ->  floor1_smoke_sensor
2024-10-21 21:35:56,586 [MainThread  ] [DEBUG]           A witness is known: None
2024-10-21 21:35:56,586 [MainThread  ] [INFO ]  Checking certificates:   floor2_fire_alarm  ->  floor2_smoke_sensor
2024-10-21 21:35:56,586 [MainThread  ] [DEBUG]           A witness is known: None
2024-10-21 21:35:56,586 [MainThread  ] [INFO ]  Checking certificates:   floor2_fire_alarm  ->  floor1_light
2024-10-21 21:35:56,586 [MainThread  ] [DEBUG]           A witness is known: None
2024-10-21 21:35:56,586 [MainThread  ] [INFO ]  Checking certificates:   floor2_fire_alarm  ->  floor2_light
2024-10-21 21:35:56,586 [MainThread  ] [DEBUG]           A witness is known: None
2024-10-21 21:35:56,586 [MainThread  ] [INFO ]  Checking certificates:   floor2_fire_alarm  ->  lambda_badge_check
2024-10-21 21:35:56,587 [MainThread  ] [DEBUG]           A witness is known: None
2024-10-21 21:35:56,587 [MainThread  ] [INFO ]  Checking certificates:   floor2_fire_alarm  ->  lambda_fire_alarm
2024-10-21 21:35:56,587 [MainThread  ] [DEBUG]           A witness is known: None
2024-10-21 21:35:56,587 [MainThread  ] [INFO ]  Checking certificates:   floor2_fire_alarm  ->  lambda_logger
2024-10-21 21:35:56,587 [MainThread  ] [DEBUG]           A witness is known: None
2024-10-21 21:35:56,587 [MainThread  ] [INFO ]  Checking certificates:   floor2_fire_alarm  ->  presenceSensor1
2024-10-21 21:35:56,587 [MainThread  ] [DEBUG]           A witness is known: None
2024-10-21 21:35:56,587 [MainThread  ] [INFO ]  Checking certificates:   floor2_fire_alarm  ->  presenceSensor2
2024-10-21 21:35:56,588 [MainThread  ] [DEBUG]           A witness is known: None
2024-10-21 21:35:56,588 [MainThread  ] [INFO ]  Checking certificates:   floor1_fire_siren  ->  elevator
2024-10-21 21:35:56,603 [MainThread  ] [INFO ]  Checking certificates:   floor1_fire_siren  ->  floor1_fire_alarm
2024-10-21 21:35:56,618 [MainThread  ] [INFO ]  Checking certificates:   floor1_fire_siren  ->  floor2_fire_alarm
2024-10-21 21:35:56,619 [MainThread  ] [DEBUG]           A witness is known: None
2024-10-21 21:35:56,619 [MainThread  ] [INFO ]  Checking certificates:   floor1_fire_siren  ->  floor1_fire_siren
2024-10-21 21:35:56,634 [MainThread  ] [INFO ]  Checking certificates:   floor1_fire_siren  ->  floor2_fire_siren
2024-10-21 21:35:56,634 [MainThread  ] [DEBUG]           A witness is known: None
2024-10-21 21:35:56,635 [MainThread  ] [INFO ]  Checking certificates:   floor1_fire_siren  ->  floor1_water_pump
2024-10-21 21:35:56,651 [MainThread  ] [INFO ]  Checking certificates:   floor1_fire_siren  ->  floor2_water_pump
2024-10-21 21:35:56,651 [MainThread  ] [DEBUG]           A witness is known: None
2024-10-21 21:35:56,651 [MainThread  ] [INFO ]  Checking certificates:   floor1_fire_siren  ->  floor1_badge_reader
2024-10-21 21:35:56,666 [MainThread  ] [INFO ]  Checking certificates:   floor1_fire_siren  ->  floor2_badge_reader
2024-10-21 21:35:56,666 [MainThread  ] [DEBUG]           A witness is known: None
2024-10-21 21:35:56,666 [MainThread  ] [INFO ]  Checking certificates:   floor1_fire_siren  ->  floor1_door_lock
2024-10-21 21:35:56,682 [MainThread  ] [INFO ]  Checking certificates:   floor1_fire_siren  ->  floor2_door_lock
2024-10-21 21:35:56,697 [MainThread  ] [INFO ]  Checking certificates:   floor1_fire_siren  ->  floor1_smoke_sensor
2024-10-21 21:35:56,713 [MainThread  ] [INFO ]  Checking certificates:   floor1_fire_siren  ->  floor2_smoke_sensor
2024-10-21 21:35:56,714 [MainThread  ] [DEBUG]           A witness is known: None
2024-10-21 21:35:56,714 [MainThread  ] [INFO ]  Checking certificates:   floor1_fire_siren  ->  floor1_light
2024-10-21 21:35:56,729 [MainThread  ] [INFO ]  Checking certificates:   floor1_fire_siren  ->  floor2_light
2024-10-21 21:35:56,729 [MainThread  ] [DEBUG]           A witness is known: None
2024-10-21 21:35:56,729 [MainThread  ] [INFO ]  Checking certificates:   floor1_fire_siren  ->  lambda_badge_check
2024-10-21 21:35:56,745 [MainThread  ] [INFO ]  Checking certificates:   floor1_fire_siren  ->  lambda_fire_alarm
2024-10-21 21:35:56,761 [MainThread  ] [INFO ]  Checking certificates:   floor1_fire_siren  ->  lambda_logger
2024-10-21 21:35:56,778 [MainThread  ] [INFO ]  Checking certificates:   floor1_fire_siren  ->  presenceSensor1
2024-10-21 21:35:56,794 [MainThread  ] [INFO ]  Checking certificates:   floor1_fire_siren  ->  presenceSensor2
2024-10-21 21:35:56,794 [MainThread  ] [DEBUG]           A witness is known: None
2024-10-21 21:35:56,794 [MainThread  ] [INFO ]  Checking certificates:   floor2_fire_siren  ->  elevator
2024-10-21 21:35:56,794 [MainThread  ] [DEBUG]           A witness is known: None
2024-10-21 21:35:56,794 [MainThread  ] [INFO ]  Checking certificates:   floor2_fire_siren  ->  floor1_fire_alarm
2024-10-21 21:35:56,794 [MainThread  ] [DEBUG]           A witness is known: None
2024-10-21 21:35:56,795 [MainThread  ] [INFO ]  Checking certificates:   floor2_fire_siren  ->  floor2_fire_alarm
2024-10-21 21:35:56,795 [MainThread  ] [DEBUG]           A witness is known: None
2024-10-21 21:35:56,795 [MainThread  ] [INFO ]  Checking certificates:   floor2_fire_siren  ->  floor1_fire_siren
2024-10-21 21:35:56,795 [MainThread  ] [DEBUG]           A witness is known: None
2024-10-21 21:35:56,795 [MainThread  ] [INFO ]  Checking certificates:   floor2_fire_siren  ->  floor2_fire_siren
2024-10-21 21:35:56,795 [MainThread  ] [DEBUG]           A witness is known: None
2024-10-21 21:35:56,795 [MainThread  ] [INFO ]  Checking certificates:   floor2_fire_siren  ->  floor1_water_pump
2024-10-21 21:35:56,796 [MainThread  ] [DEBUG]           A witness is known: None
2024-10-21 21:35:56,796 [MainThread  ] [INFO ]  Checking certificates:   floor2_fire_siren  ->  floor2_water_pump
2024-10-21 21:35:56,796 [MainThread  ] [DEBUG]           A witness is known: None
2024-10-21 21:35:56,796 [MainThread  ] [INFO ]  Checking certificates:   floor2_fire_siren  ->  floor1_badge_reader
2024-10-21 21:35:56,796 [MainThread  ] [DEBUG]           A witness is known: None
2024-10-21 21:35:56,796 [MainThread  ] [INFO ]  Checking certificates:   floor2_fire_siren  ->  floor2_badge_reader
2024-10-21 21:35:56,796 [MainThread  ] [DEBUG]           A witness is known: None
2024-10-21 21:35:56,796 [MainThread  ] [INFO ]  Checking certificates:   floor2_fire_siren  ->  floor1_door_lock
2024-10-21 21:35:56,796 [MainThread  ] [DEBUG]           A witness is known: None
2024-10-21 21:35:56,796 [MainThread  ] [INFO ]  Checking certificates:   floor2_fire_siren  ->  floor2_door_lock
2024-10-21 21:35:56,797 [MainThread  ] [DEBUG]           A witness is known: None
2024-10-21 21:35:56,797 [MainThread  ] [INFO ]  Checking certificates:   floor2_fire_siren  ->  floor1_smoke_sensor
2024-10-21 21:35:56,797 [MainThread  ] [DEBUG]           A witness is known: None
2024-10-21 21:35:56,797 [MainThread  ] [INFO ]  Checking certificates:   floor2_fire_siren  ->  floor2_smoke_sensor
2024-10-21 21:35:56,797 [MainThread  ] [DEBUG]           A witness is known: None
2024-10-21 21:35:56,797 [MainThread  ] [INFO ]  Checking certificates:   floor2_fire_siren  ->  floor1_light
2024-10-21 21:35:56,797 [MainThread  ] [DEBUG]           A witness is known: None
2024-10-21 21:35:56,797 [MainThread  ] [INFO ]  Checking certificates:   floor2_fire_siren  ->  floor2_light
2024-10-21 21:35:56,797 [MainThread  ] [DEBUG]           A witness is known: None
2024-10-21 21:35:56,797 [MainThread  ] [INFO ]  Checking certificates:   floor2_fire_siren  ->  lambda_badge_check
2024-10-21 21:35:56,797 [MainThread  ] [DEBUG]           A witness is known: None
2024-10-21 21:35:56,798 [MainThread  ] [INFO ]  Checking certificates:   floor2_fire_siren  ->  lambda_fire_alarm
2024-10-21 21:35:56,798 [MainThread  ] [DEBUG]           A witness is known: None
2024-10-21 21:35:56,798 [MainThread  ] [INFO ]  Checking certificates:   floor2_fire_siren  ->  lambda_logger
2024-10-21 21:35:56,798 [MainThread  ] [DEBUG]           A witness is known: None
2024-10-21 21:35:56,798 [MainThread  ] [INFO ]  Checking certificates:   floor2_fire_siren  ->  presenceSensor1
2024-10-21 21:35:56,798 [MainThread  ] [DEBUG]           A witness is known: None
2024-10-21 21:35:56,798 [MainThread  ] [INFO ]  Checking certificates:   floor2_fire_siren  ->  presenceSensor2
2024-10-21 21:35:56,798 [MainThread  ] [DEBUG]           A witness is known: None
2024-10-21 21:35:56,798 [MainThread  ] [INFO ]  Checking certificates:   floor1_water_pump  ->  elevator
2024-10-21 21:35:56,814 [MainThread  ] [INFO ]  Checking certificates:   floor1_water_pump  ->  floor1_fire_alarm
2024-10-21 21:35:56,831 [MainThread  ] [INFO ]  Checking certificates:   floor1_water_pump  ->  floor2_fire_alarm
2024-10-21 21:35:56,831 [MainThread  ] [DEBUG]           A witness is known: None
2024-10-21 21:35:56,831 [MainThread  ] [INFO ]  Checking certificates:   floor1_water_pump  ->  floor1_fire_siren
2024-10-21 21:35:56,847 [MainThread  ] [INFO ]  Checking certificates:   floor1_water_pump  ->  floor2_fire_siren
2024-10-21 21:35:56,847 [MainThread  ] [DEBUG]           A witness is known: None
2024-10-21 21:35:56,848 [MainThread  ] [INFO ]  Checking certificates:   floor1_water_pump  ->  floor1_water_pump
2024-10-21 21:35:56,863 [MainThread  ] [INFO ]  Checking certificates:   floor1_water_pump  ->  floor2_water_pump
2024-10-21 21:35:56,864 [MainThread  ] [DEBUG]           A witness is known: None
2024-10-21 21:35:56,864 [MainThread  ] [INFO ]  Checking certificates:   floor1_water_pump  ->  floor1_badge_reader
2024-10-21 21:35:56,880 [MainThread  ] [INFO ]  Checking certificates:   floor1_water_pump  ->  floor2_badge_reader
2024-10-21 21:35:56,880 [MainThread  ] [DEBUG]           A witness is known: None
2024-10-21 21:35:56,880 [MainThread  ] [INFO ]  Checking certificates:   floor1_water_pump  ->  floor1_door_lock
2024-10-21 21:35:56,897 [MainThread  ] [INFO ]  Checking certificates:   floor1_water_pump  ->  floor2_door_lock
2024-10-21 21:35:56,913 [MainThread  ] [INFO ]  Checking certificates:   floor1_water_pump  ->  floor1_smoke_sensor
2024-10-21 21:35:56,929 [MainThread  ] [INFO ]  Checking certificates:   floor1_water_pump  ->  floor2_smoke_sensor
2024-10-21 21:35:56,929 [MainThread  ] [DEBUG]           A witness is known: None
2024-10-21 21:35:56,930 [MainThread  ] [INFO ]  Checking certificates:   floor1_water_pump  ->  floor1_light
2024-10-21 21:35:56,946 [MainThread  ] [INFO ]  Checking certificates:   floor1_water_pump  ->  floor2_light
2024-10-21 21:35:56,946 [MainThread  ] [DEBUG]           A witness is known: None
2024-10-21 21:35:56,946 [MainThread  ] [INFO ]  Checking certificates:   floor1_water_pump  ->  lambda_badge_check
2024-10-21 21:35:56,961 [MainThread  ] [INFO ]  Checking certificates:   floor1_water_pump  ->  lambda_fire_alarm
2024-10-21 21:35:56,975 [MainThread  ] [INFO ]  Checking certificates:   floor1_water_pump  ->  lambda_logger
2024-10-21 21:35:56,990 [MainThread  ] [INFO ]  Checking certificates:   floor1_water_pump  ->  presenceSensor1
2024-10-21 21:35:57,005 [MainThread  ] [INFO ]  Checking certificates:   floor1_water_pump  ->  presenceSensor2
2024-10-21 21:35:57,006 [MainThread  ] [DEBUG]           A witness is known: None
2024-10-21 21:35:57,006 [MainThread  ] [INFO ]  Checking certificates:   floor2_water_pump  ->  elevator
2024-10-21 21:35:57,006 [MainThread  ] [DEBUG]           A witness is known: None
2024-10-21 21:35:57,006 [MainThread  ] [INFO ]  Checking certificates:   floor2_water_pump  ->  floor1_fire_alarm
2024-10-21 21:35:57,006 [MainThread  ] [DEBUG]           A witness is known: None
2024-10-21 21:35:57,006 [MainThread  ] [INFO ]  Checking certificates:   floor2_water_pump  ->  floor2_fire_alarm
2024-10-21 21:35:57,006 [MainThread  ] [DEBUG]           A witness is known: None
2024-10-21 21:35:57,006 [MainThread  ] [INFO ]  Checking certificates:   floor2_water_pump  ->  floor1_fire_siren
2024-10-21 21:35:57,007 [MainThread  ] [DEBUG]           A witness is known: None
2024-10-21 21:35:57,007 [MainThread  ] [INFO ]  Checking certificates:   floor2_water_pump  ->  floor2_fire_siren
2024-10-21 21:35:57,007 [MainThread  ] [DEBUG]           A witness is known: None
2024-10-21 21:35:57,007 [MainThread  ] [INFO ]  Checking certificates:   floor2_water_pump  ->  floor1_water_pump
2024-10-21 21:35:57,007 [MainThread  ] [DEBUG]           A witness is known: None
2024-10-21 21:35:57,007 [MainThread  ] [INFO ]  Checking certificates:   floor2_water_pump  ->  floor2_water_pump
2024-10-21 21:35:57,007 [MainThread  ] [DEBUG]           A witness is known: None
2024-10-21 21:35:57,007 [MainThread  ] [INFO ]  Checking certificates:   floor2_water_pump  ->  floor1_badge_reader
2024-10-21 21:35:57,007 [MainThread  ] [DEBUG]           A witness is known: None
2024-10-21 21:35:57,007 [MainThread  ] [INFO ]  Checking certificates:   floor2_water_pump  ->  floor2_badge_reader
2024-10-21 21:35:57,007 [MainThread  ] [DEBUG]           A witness is known: None
2024-10-21 21:35:57,008 [MainThread  ] [INFO ]  Checking certificates:   floor2_water_pump  ->  floor1_door_lock
2024-10-21 21:35:57,008 [MainThread  ] [DEBUG]           A witness is known: None
2024-10-21 21:35:57,008 [MainThread  ] [INFO ]  Checking certificates:   floor2_water_pump  ->  floor2_door_lock
2024-10-21 21:35:57,008 [MainThread  ] [DEBUG]           A witness is known: None
2024-10-21 21:35:57,008 [MainThread  ] [INFO ]  Checking certificates:   floor2_water_pump  ->  floor1_smoke_sensor
2024-10-21 21:35:57,008 [MainThread  ] [DEBUG]           A witness is known: None
2024-10-21 21:35:57,008 [MainThread  ] [INFO ]  Checking certificates:   floor2_water_pump  ->  floor2_smoke_sensor
2024-10-21 21:35:57,008 [MainThread  ] [DEBUG]           A witness is known: None
2024-10-21 21:35:57,008 [MainThread  ] [INFO ]  Checking certificates:   floor2_water_pump  ->  floor1_light
2024-10-21 21:35:57,008 [MainThread  ] [DEBUG]           A witness is known: None
2024-10-21 21:35:57,008 [MainThread  ] [INFO ]  Checking certificates:   floor2_water_pump  ->  floor2_light
2024-10-21 21:35:57,008 [MainThread  ] [DEBUG]           A witness is known: None
2024-10-21 21:35:57,009 [MainThread  ] [INFO ]  Checking certificates:   floor2_water_pump  ->  lambda_badge_check
2024-10-21 21:35:57,009 [MainThread  ] [DEBUG]           A witness is known: None
2024-10-21 21:35:57,009 [MainThread  ] [INFO ]  Checking certificates:   floor2_water_pump  ->  lambda_fire_alarm
2024-10-21 21:35:57,009 [MainThread  ] [DEBUG]           A witness is known: None
2024-10-21 21:35:57,009 [MainThread  ] [INFO ]  Checking certificates:   floor2_water_pump  ->  lambda_logger
2024-10-21 21:35:57,009 [MainThread  ] [DEBUG]           A witness is known: None
2024-10-21 21:35:57,009 [MainThread  ] [INFO ]  Checking certificates:   floor2_water_pump  ->  presenceSensor1
2024-10-21 21:35:57,009 [MainThread  ] [DEBUG]           A witness is known: None
2024-10-21 21:35:57,009 [MainThread  ] [INFO ]  Checking certificates:   floor2_water_pump  ->  presenceSensor2
2024-10-21 21:35:57,010 [MainThread  ] [DEBUG]           A witness is known: None
2024-10-21 21:35:57,010 [MainThread  ] [INFO ]  Checking certificates:   floor1_badge_reader  ->  elevator
2024-10-21 21:35:57,025 [MainThread  ] [INFO ]  Checking certificates:   floor1_badge_reader  ->  floor1_fire_alarm
2024-10-21 21:35:57,039 [MainThread  ] [INFO ]  Checking certificates:   floor1_badge_reader  ->  floor2_fire_alarm
2024-10-21 21:35:57,039 [MainThread  ] [DEBUG]           A witness is known: None
2024-10-21 21:35:57,039 [MainThread  ] [INFO ]  Checking certificates:   floor1_badge_reader  ->  floor1_fire_siren
2024-10-21 21:35:57,054 [MainThread  ] [INFO ]  Checking certificates:   floor1_badge_reader  ->  floor2_fire_siren
2024-10-21 21:35:57,054 [MainThread  ] [DEBUG]           A witness is known: None
2024-10-21 21:35:57,054 [MainThread  ] [INFO ]  Checking certificates:   floor1_badge_reader  ->  floor1_water_pump
2024-10-21 21:35:57,070 [MainThread  ] [INFO ]  Checking certificates:   floor1_badge_reader  ->  floor2_water_pump
2024-10-21 21:35:57,071 [MainThread  ] [DEBUG]           A witness is known: None
2024-10-21 21:35:57,071 [MainThread  ] [INFO ]  Checking certificates:   floor1_badge_reader  ->  floor1_badge_reader
2024-10-21 21:35:57,085 [MainThread  ] [INFO ]  Checking certificates:   floor1_badge_reader  ->  floor2_badge_reader
2024-10-21 21:35:57,085 [MainThread  ] [DEBUG]           A witness is known: None
2024-10-21 21:35:57,086 [MainThread  ] [INFO ]  Checking certificates:   floor1_badge_reader  ->  floor1_door_lock
2024-10-21 21:35:57,101 [MainThread  ] [INFO ]  Checking certificates:   floor1_badge_reader  ->  floor2_door_lock
2024-10-21 21:35:57,116 [MainThread  ] [INFO ]  Checking certificates:   floor1_badge_reader  ->  floor1_smoke_sensor
2024-10-21 21:35:57,132 [MainThread  ] [INFO ]  Checking certificates:   floor1_badge_reader  ->  floor2_smoke_sensor
2024-10-21 21:35:57,132 [MainThread  ] [DEBUG]           A witness is known: None
2024-10-21 21:35:57,132 [MainThread  ] [INFO ]  Checking certificates:   floor1_badge_reader  ->  floor1_light
2024-10-21 21:35:57,687 [MainThread  ] [DEBUG]  Solving floor1_badge_reader -> floor1_light requires hard solver:
2024-10-21 21:35:57,702 [MainThread  ] [DEBUG]          [0.0080] #1 topic levels is unsat
2024-10-21 21:35:58,402 [MainThread  ] [DEBUG]          [0.6922] #2 topic levels is unsat
2024-10-21 21:36:15,945 [MainThread  ] [DEBUG]          [17.5341] #3 topic levels is unsat
2024-10-21 21:36:27,026 [MainThread  ] [DEBUG]          [11.0719] #4 topic levels is unsat
2024-10-21 21:36:40,066 [MainThread  ] [DEBUG]          [13.0309] #5 topic levels is unsat
2024-10-21 21:37:38,345 [MainThread  ] [DEBUG]          [58.2691] #6 topic levels is unsat
2024-10-21 21:38:16,963 [MainThread  ] [DEBUG]          [38.6085] #7 topic levels is unsat
2024-10-21 21:39:23,360 [MainThread  ] [DEBUG]          [66.3873] #8 topic levels is unsat
2024-10-21 21:39:23,360 [MainThread  ] [DEBUG]          [205.6731] No solution found.
2024-10-21 21:39:23,370 [MainThread  ] [INFO ]  Checking certificates:   floor1_badge_reader  ->  floor2_light      
2024-10-21 21:39:23,371 [MainThread  ] [DEBUG]           A witness is known: None
2024-10-21 21:39:23,371 [MainThread  ] [INFO ]  Checking certificates:   floor1_badge_reader  ->  lambda_badge_check
2024-10-21 21:39:23,915 [MainThread  ] [INFO ]  Checking certificates:   floor1_badge_reader  ->  lambda_fire_alarm
2024-10-21 21:39:23,932 [MainThread  ] [INFO ]  Checking certificates:   floor1_badge_reader  ->  lambda_logger
2024-10-21 21:39:23,950 [MainThread  ] [INFO ]  Checking certificates:   floor1_badge_reader  ->  presenceSensor1
2024-10-21 21:39:23,968 [MainThread  ] [INFO ]  Checking certificates:   floor1_badge_reader  ->  presenceSensor2
2024-10-21 21:39:23,969 [MainThread  ] [DEBUG]           A witness is known: None
2024-10-21 21:39:23,969 [MainThread  ] [INFO ]  Checking certificates:   floor2_badge_reader  ->  elevator
2024-10-21 21:39:23,986 [MainThread  ] [INFO ]  Checking certificates:   floor2_badge_reader  ->  floor1_fire_alarm
2024-10-21 21:39:24,003 [MainThread  ] [INFO ]  Checking certificates:   floor2_badge_reader  ->  floor2_fire_alarm
2024-10-21 21:39:24,003 [MainThread  ] [DEBUG]           A witness is known: None
2024-10-21 21:39:24,003 [MainThread  ] [INFO ]  Checking certificates:   floor2_badge_reader  ->  floor1_fire_siren
2024-10-21 21:39:24,022 [MainThread  ] [INFO ]  Checking certificates:   floor2_badge_reader  ->  floor2_fire_siren
2024-10-21 21:39:24,022 [MainThread  ] [DEBUG]           A witness is known: None
2024-10-21 21:39:24,022 [MainThread  ] [INFO ]  Checking certificates:   floor2_badge_reader  ->  floor1_water_pump
2024-10-21 21:39:24,040 [MainThread  ] [INFO ]  Checking certificates:   floor2_badge_reader  ->  floor2_water_pump
2024-10-21 21:39:24,040 [MainThread  ] [DEBUG]           A witness is known: None
2024-10-21 21:39:24,040 [MainThread  ] [INFO ]  Checking certificates:   floor2_badge_reader  ->  floor1_badge_reader
2024-10-21 21:39:24,056 [MainThread  ] [INFO ]  Checking certificates:   floor2_badge_reader  ->  floor2_badge_reader
2024-10-21 21:39:24,057 [MainThread  ] [DEBUG]           A witness is known: None
2024-10-21 21:39:24,057 [MainThread  ] [INFO ]  Checking certificates:   floor2_badge_reader  ->  floor1_door_lock
2024-10-21 21:39:24,077 [MainThread  ] [INFO ]  Checking certificates:   floor2_badge_reader  ->  floor2_door_lock
2024-10-21 21:39:24,096 [MainThread  ] [INFO ]  Checking certificates:   floor2_badge_reader  ->  floor1_smoke_sensor
2024-10-21 21:39:24,112 [MainThread  ] [INFO ]  Checking certificates:   floor2_badge_reader  ->  floor2_smoke_sensor
2024-10-21 21:39:24,113 [MainThread  ] [DEBUG]           A witness is known: None
2024-10-21 21:39:24,113 [MainThread  ] [INFO ]  Checking certificates:   floor2_badge_reader  ->  floor1_light
2024-10-21 21:39:24,739 [MainThread  ] [DEBUG]  Solving floor2_badge_reader -> floor1_light requires hard solver:
2024-10-21 21:39:24,754 [MainThread  ] [DEBUG]          [0.0070] #1 topic levels is unsat
2024-10-21 21:39:25,527 [MainThread  ] [DEBUG]          [0.7650] #2 topic levels is unsat
2024-10-21 21:39:34,550 [MainThread  ] [DEBUG]          [9.0134] #3 topic levels is unsat
2024-10-21 21:39:51,648 [MainThread  ] [DEBUG]          [17.0893] #4 topic levels is unsat
2024-10-21 21:40:03,676 [MainThread  ] [DEBUG]          [12.0185] #5 topic levels is unsat
2024-10-21 21:40:36,342 [MainThread  ] [DEBUG]          [32.6544] #6 topic levels is unsat
2024-10-21 21:41:26,693 [MainThread  ] [DEBUG]          [50.3417] #7 topic levels is unsat
2024-10-21 21:41:56,246 [MainThread  ] [DEBUG]          [29.5430] #8 topic levels is unsat
2024-10-21 21:41:56,246 [MainThread  ] [DEBUG]          [151.5070] No solution found.
2024-10-21 21:41:56,257 [MainThread  ] [INFO ]  Checking certificates:   floor2_badge_reader  ->  floor2_light
2024-10-21 21:41:56,257 [MainThread  ] [DEBUG]           A witness is known: None
2024-10-21 21:41:56,258 [MainThread  ] [INFO ]  Checking certificates:   floor2_badge_reader  ->  lambda_badge_check
2024-10-21 21:41:56,918 [MainThread  ] [INFO ]  Checking certificates:   floor2_badge_reader  ->  lambda_fire_alarm
2024-10-21 21:41:56,942 [MainThread  ] [INFO ]  Checking certificates:   floor2_badge_reader  ->  lambda_logger
2024-10-21 21:41:56,962 [MainThread  ] [INFO ]  Checking certificates:   floor2_badge_reader  ->  presenceSensor1
2024-10-21 21:41:56,983 [MainThread  ] [INFO ]  Checking certificates:   floor2_badge_reader  ->  presenceSensor2
2024-10-21 21:41:56,983 [MainThread  ] [DEBUG]           A witness is known: None
2024-10-21 21:41:56,983 [MainThread  ] [INFO ]  Checking certificates:   floor1_door_lock  ->  elevator
2024-10-21 21:41:57,002 [MainThread  ] [INFO ]  Checking certificates:   floor1_door_lock  ->  floor1_fire_alarm
2024-10-21 21:41:57,018 [MainThread  ] [INFO ]  Checking certificates:   floor1_door_lock  ->  floor2_fire_alarm
2024-10-21 21:41:57,018 [MainThread  ] [DEBUG]           A witness is known: None
2024-10-21 21:41:57,019 [MainThread  ] [INFO ]  Checking certificates:   floor1_door_lock  ->  floor1_fire_siren
2024-10-21 21:41:57,037 [MainThread  ] [INFO ]  Checking certificates:   floor1_door_lock  ->  floor2_fire_siren
2024-10-21 21:41:57,038 [MainThread  ] [DEBUG]           A witness is known: None
2024-10-21 21:41:57,038 [MainThread  ] [INFO ]  Checking certificates:   floor1_door_lock  ->  floor1_water_pump
2024-10-21 21:41:57,056 [MainThread  ] [INFO ]  Checking certificates:   floor1_door_lock  ->  floor2_water_pump
2024-10-21 21:41:57,056 [MainThread  ] [DEBUG]           A witness is known: None
2024-10-21 21:41:57,056 [MainThread  ] [INFO ]  Checking certificates:   floor1_door_lock  ->  floor1_badge_reader
2024-10-21 21:41:57,074 [MainThread  ] [INFO ]  Checking certificates:   floor1_door_lock  ->  floor2_badge_reader
2024-10-21 21:41:57,074 [MainThread  ] [DEBUG]           A witness is known: None
2024-10-21 21:41:57,075 [MainThread  ] [INFO ]  Checking certificates:   floor1_door_lock  ->  floor1_door_lock
2024-10-21 21:41:57,094 [MainThread  ] [INFO ]  Checking certificates:   floor1_door_lock  ->  floor2_door_lock
2024-10-21 21:41:57,113 [MainThread  ] [INFO ]  Checking certificates:   floor1_door_lock  ->  floor1_smoke_sensor
2024-10-21 21:41:57,130 [MainThread  ] [INFO ]  Checking certificates:   floor1_door_lock  ->  floor2_smoke_sensor
2024-10-21 21:41:57,130 [MainThread  ] [DEBUG]           A witness is known: None
2024-10-21 21:41:57,130 [MainThread  ] [INFO ]  Checking certificates:   floor1_door_lock  ->  floor1_light
2024-10-21 21:41:57,300 [MainThread  ] [DEBUG]  Solving floor1_door_lock -> floor1_light requires hard solver:
2024-10-21 21:41:57,315 [MainThread  ] [DEBUG]          [0.0080] #1 topic levels is unsat
2024-10-21 21:41:57,580 [MainThread  ] [DEBUG]          [0.2555] #2 topic levels is unsat
2024-10-21 21:41:58,734 [MainThread  ] [DEBUG]          [1.1439] #3 topic levels is unsat
2024-10-21 21:42:05,749 [MainThread  ] [DEBUG]          [7.0056] #4 topic levels is unsat
2024-10-21 21:42:09,611 [MainThread  ] [DEBUG]          [3.8514] #5 topic levels is unsat
2024-10-21 21:42:12,284 [MainThread  ] [DEBUG]          [2.6606] #6 topic levels is unsat
2024-10-21 21:42:17,815 [MainThread  ] [DEBUG]          [5.5195] #7 topic levels is unsat
2024-10-21 21:42:18,299 [MainThread  ] [DEBUG]          [0.4747] #8 topic levels is unsat
2024-10-21 21:42:18,299 [MainThread  ] [DEBUG]          [20.9990] No solution found.
2024-10-21 21:42:18,301 [MainThread  ] [INFO ]  Checking certificates:   floor1_door_lock  ->  floor2_light
2024-10-21 21:42:18,301 [MainThread  ] [DEBUG]           A witness is known: None
2024-10-21 21:42:18,302 [MainThread  ] [INFO ]  Checking certificates:   floor1_door_lock  ->  lambda_badge_check
2024-10-21 21:42:18,321 [MainThread  ] [INFO ]  Checking certificates:   floor1_door_lock  ->  lambda_fire_alarm
2024-10-21 21:42:18,342 [MainThread  ] [INFO ]  Checking certificates:   floor1_door_lock  ->  lambda_logger
2024-10-21 21:42:18,483 [MainThread  ] [INFO ]  Checking certificates:   floor1_door_lock  ->  presenceSensor1
2024-10-21 21:42:18,578 [MainThread  ] [INFO ]  Checking certificates:   floor1_door_lock  ->  presenceSensor2
2024-10-21 21:42:18,578 [MainThread  ] [DEBUG]           A witness is known: doorLocka# -> physicalAC/floor1/presenceSensor1/enable => physicalAC/floor1/presenceSensor1/enable <- presenceSensor1
2024-10-21 21:42:18,578 [MainThread  ] [INFO ]  Checking certificates:   floor2_door_lock  ->  elevator
2024-10-21 21:42:18,594 [MainThread  ] [INFO ]  Checking certificates:   floor2_door_lock  ->  floor1_fire_alarm
2024-10-21 21:42:18,612 [MainThread  ] [INFO ]  Checking certificates:   floor2_door_lock  ->  floor2_fire_alarm
2024-10-21 21:42:18,612 [MainThread  ] [DEBUG]           A witness is known: None
2024-10-21 21:42:18,612 [MainThread  ] [INFO ]  Checking certificates:   floor2_door_lock  ->  floor1_fire_siren
2024-10-21 21:42:18,632 [MainThread  ] [INFO ]  Checking certificates:   floor2_door_lock  ->  floor2_fire_siren
2024-10-21 21:42:18,632 [MainThread  ] [DEBUG]           A witness is known: None
2024-10-21 21:42:18,632 [MainThread  ] [INFO ]  Checking certificates:   floor2_door_lock  ->  floor1_water_pump
2024-10-21 21:42:18,650 [MainThread  ] [INFO ]  Checking certificates:   floor2_door_lock  ->  floor2_water_pump
2024-10-21 21:42:18,650 [MainThread  ] [DEBUG]           A witness is known: None
2024-10-21 21:42:18,650 [MainThread  ] [INFO ]  Checking certificates:   floor2_door_lock  ->  floor1_badge_reader
2024-10-21 21:42:18,667 [MainThread  ] [INFO ]  Checking certificates:   floor2_door_lock  ->  floor2_badge_reader
2024-10-21 21:42:18,667 [MainThread  ] [DEBUG]           A witness is known: None
2024-10-21 21:42:18,668 [MainThread  ] [INFO ]  Checking certificates:   floor2_door_lock  ->  floor1_door_lock
2024-10-21 21:42:18,684 [MainThread  ] [INFO ]  Checking certificates:   floor2_door_lock  ->  floor2_door_lock
2024-10-21 21:42:18,702 [MainThread  ] [INFO ]  Checking certificates:   floor2_door_lock  ->  floor1_smoke_sensor
2024-10-21 21:42:18,717 [MainThread  ] [INFO ]  Checking certificates:   floor2_door_lock  ->  floor2_smoke_sensor
2024-10-21 21:42:18,718 [MainThread  ] [DEBUG]           A witness is known: None
2024-10-21 21:42:18,718 [MainThread  ] [INFO ]  Checking certificates:   floor2_door_lock  ->  floor1_light
2024-10-21 21:42:18,887 [MainThread  ] [DEBUG]  Solving floor2_door_lock -> floor1_light requires hard solver:
2024-10-21 21:42:18,903 [MainThread  ] [DEBUG]          [0.0090] #1 topic levels is unsat
2024-10-21 21:42:19,157 [MainThread  ] [DEBUG]          [0.2433] #2 topic levels is unsat
2024-10-21 21:42:20,998 [MainThread  ] [DEBUG]          [1.8329] #3 topic levels is unsat
2024-10-21 21:42:23,397 [MainThread  ] [DEBUG]          [2.3883] #4 topic levels is unsat
2024-10-21 21:42:26,985 [MainThread  ] [DEBUG]          [3.5779] #5 topic levels is unsat
2024-10-21 21:42:31,391 [MainThread  ] [DEBUG]          [4.3958] #6 topic levels is unsat
2024-10-21 21:42:35,938 [MainThread  ] [DEBUG]          [4.5362] #7 topic levels is unsat
2024-10-21 21:42:39,161 [MainThread  ] [DEBUG]          [3.2124] #8 topic levels is unsat
2024-10-21 21:42:39,161 [MainThread  ] [DEBUG]          [20.2738] No solution found.
2024-10-21 21:42:39,165 [MainThread  ] [INFO ]  Checking certificates:   floor2_door_lock  ->  floor2_light
2024-10-21 21:42:39,165 [MainThread  ] [DEBUG]           A witness is known: None
2024-10-21 21:42:39,165 [MainThread  ] [INFO ]  Checking certificates:   floor2_door_lock  ->  lambda_badge_check
2024-10-21 21:42:39,185 [MainThread  ] [INFO ]  Checking certificates:   floor2_door_lock  ->  lambda_fire_alarm
2024-10-21 21:42:39,203 [MainThread  ] [INFO ]  Checking certificates:   floor2_door_lock  ->  lambda_logger
2024-10-21 21:42:39,347 [MainThread  ] [INFO ]  Checking certificates:   floor2_door_lock  ->  presenceSensor1
2024-10-21 21:42:39,363 [MainThread  ] [INFO ]  Checking certificates:   floor2_door_lock  ->  presenceSensor2
2024-10-21 21:42:39,364 [MainThread  ] [DEBUG]           A witness is known: None
2024-10-21 21:42:39,364 [MainThread  ] [INFO ]  Checking certificates:   floor1_smoke_sensor  ->  elevator
2024-10-21 21:42:39,383 [MainThread  ] [INFO ]  Checking certificates:   floor1_smoke_sensor  ->  floor1_fire_alarm
2024-10-21 21:42:39,400 [MainThread  ] [INFO ]  Checking certificates:   floor1_smoke_sensor  ->  floor2_fire_alarm
2024-10-21 21:42:39,400 [MainThread  ] [DEBUG]           A witness is known: None
2024-10-21 21:42:39,400 [MainThread  ] [INFO ]  Checking certificates:   floor1_smoke_sensor  ->  floor1_fire_siren
2024-10-21 21:42:39,419 [MainThread  ] [INFO ]  Checking certificates:   floor1_smoke_sensor  ->  floor2_fire_siren
2024-10-21 21:42:39,419 [MainThread  ] [DEBUG]           A witness is known: None
2024-10-21 21:42:39,419 [MainThread  ] [INFO ]  Checking certificates:   floor1_smoke_sensor  ->  floor1_water_pump
2024-10-21 21:42:39,438 [MainThread  ] [INFO ]  Checking certificates:   floor1_smoke_sensor  ->  floor2_water_pump
2024-10-21 21:42:39,438 [MainThread  ] [DEBUG]           A witness is known: None
2024-10-21 21:42:39,439 [MainThread  ] [INFO ]  Checking certificates:   floor1_smoke_sensor  ->  floor1_badge_reader
2024-10-21 21:42:39,457 [MainThread  ] [INFO ]  Checking certificates:   floor1_smoke_sensor  ->  floor2_badge_reader
2024-10-21 21:42:39,457 [MainThread  ] [DEBUG]           A witness is known: None
2024-10-21 21:42:39,457 [MainThread  ] [INFO ]  Checking certificates:   floor1_smoke_sensor  ->  floor1_door_lock
2024-10-21 21:42:39,476 [MainThread  ] [INFO ]  Checking certificates:   floor1_smoke_sensor  ->  floor2_door_lock
2024-10-21 21:42:39,494 [MainThread  ] [INFO ]  Checking certificates:   floor1_smoke_sensor  ->  floor1_smoke_sensor
2024-10-21 21:42:39,511 [MainThread  ] [INFO ]  Checking certificates:   floor1_smoke_sensor  ->  floor2_smoke_sensor
2024-10-21 21:42:39,511 [MainThread  ] [DEBUG]           A witness is known: None
2024-10-21 21:42:39,512 [MainThread  ] [INFO ]  Checking certificates:   floor1_smoke_sensor  ->  floor1_light
2024-10-21 21:42:39,682 [MainThread  ] [DEBUG]  Solving floor1_smoke_sensor -> floor1_light requires hard solver:
2024-10-21 21:42:39,698 [MainThread  ] [DEBUG]          [0.0090] #1 topic levels is unsat
2024-10-21 21:42:39,800 [MainThread  ] [DEBUG]          [0.0933] #2 topic levels is unsat
2024-10-21 21:42:39,943 [MainThread  ] [DEBUG]          [0.1336] #3 topic levels is unsat
2024-10-21 21:42:40,098 [MainThread  ] [DEBUG]          [0.1456] #4 topic levels is unsat
2024-10-21 21:42:40,232 [MainThread  ] [DEBUG]          [0.1227] #5 topic levels is unsat
2024-10-21 21:42:40,404 [MainThread  ] [DEBUG]          [0.1636] #6 topic levels is unsat
2024-10-21 21:42:40,567 [MainThread  ] [DEBUG]          [0.1526] #7 topic levels is unsat
2024-10-21 21:42:40,755 [MainThread  ] [DEBUG]          [0.1785] #8 topic levels is unsat
2024-10-21 21:42:40,755 [MainThread  ] [DEBUG]          [1.0737] No solution found.
2024-10-21 21:42:40,757 [MainThread  ] [INFO ]  Checking certificates:   floor1_smoke_sensor  ->  floor2_light
2024-10-21 21:42:40,757 [MainThread  ] [DEBUG]           A witness is known: None
2024-10-21 21:42:40,757 [MainThread  ] [INFO ]  Checking certificates:   floor1_smoke_sensor  ->  lambda_badge_check
2024-10-21 21:42:40,777 [MainThread  ] [INFO ]  Checking certificates:   floor1_smoke_sensor  ->  lambda_fire_alarm
2024-10-21 21:42:40,919 [MainThread  ] [INFO ]  Checking certificates:   floor1_smoke_sensor  ->  lambda_logger
2024-10-21 21:42:40,936 [MainThread  ] [INFO ]  Checking certificates:   floor1_smoke_sensor  ->  presenceSensor1
2024-10-21 21:42:40,955 [MainThread  ] [INFO ]  Checking certificates:   floor1_smoke_sensor  ->  presenceSensor2
2024-10-21 21:42:40,955 [MainThread  ] [DEBUG]           A witness is known: None
2024-10-21 21:42:40,955 [MainThread  ] [INFO ]  Checking certificates:   floor2_smoke_sensor  ->  elevator
2024-10-21 21:42:40,972 [MainThread  ] [INFO ]  Checking certificates:   floor2_smoke_sensor  ->  floor1_fire_alarm
2024-10-21 21:42:40,989 [MainThread  ] [INFO ]  Checking certificates:   floor2_smoke_sensor  ->  floor2_fire_alarm
2024-10-21 21:42:40,989 [MainThread  ] [DEBUG]           A witness is known: None
2024-10-21 21:42:40,989 [MainThread  ] [INFO ]  Checking certificates:   floor2_smoke_sensor  ->  floor1_fire_siren
2024-10-21 21:42:41,009 [MainThread  ] [INFO ]  Checking certificates:   floor2_smoke_sensor  ->  floor2_fire_siren
2024-10-21 21:42:41,009 [MainThread  ] [DEBUG]           A witness is known: None
2024-10-21 21:42:41,009 [MainThread  ] [INFO ]  Checking certificates:   floor2_smoke_sensor  ->  floor1_water_pump
2024-10-21 21:42:41,029 [MainThread  ] [INFO ]  Checking certificates:   floor2_smoke_sensor  ->  floor2_water_pump
2024-10-21 21:42:41,029 [MainThread  ] [DEBUG]           A witness is known: None
2024-10-21 21:42:41,029 [MainThread  ] [INFO ]  Checking certificates:   floor2_smoke_sensor  ->  floor1_badge_reader
2024-10-21 21:42:41,046 [MainThread  ] [INFO ]  Checking certificates:   floor2_smoke_sensor  ->  floor2_badge_reader
2024-10-21 21:42:41,046 [MainThread  ] [DEBUG]           A witness is known: None
2024-10-21 21:42:41,047 [MainThread  ] [INFO ]  Checking certificates:   floor2_smoke_sensor  ->  floor1_door_lock
2024-10-21 21:42:41,065 [MainThread  ] [INFO ]  Checking certificates:   floor2_smoke_sensor  ->  floor2_door_lock
2024-10-21 21:42:41,084 [MainThread  ] [INFO ]  Checking certificates:   floor2_smoke_sensor  ->  floor1_smoke_sensor
2024-10-21 21:42:41,100 [MainThread  ] [INFO ]  Checking certificates:   floor2_smoke_sensor  ->  floor2_smoke_sensor
2024-10-21 21:42:41,101 [MainThread  ] [DEBUG]           A witness is known: None
2024-10-21 21:42:41,101 [MainThread  ] [INFO ]  Checking certificates:   floor2_smoke_sensor  ->  floor1_light
2024-10-21 21:42:41,258 [MainThread  ] [DEBUG]  Solving floor2_smoke_sensor -> floor1_light requires hard solver:
2024-10-21 21:42:41,275 [MainThread  ] [DEBUG]          [0.0090] #1 topic levels is unsat
2024-10-21 21:42:41,384 [MainThread  ] [DEBUG]          [0.0997] #2 topic levels is unsat
2024-10-21 21:42:41,501 [MainThread  ] [DEBUG]          [0.1087] #3 topic levels is unsat
2024-10-21 21:42:43,255 [MainThread  ] [DEBUG]          [1.7458] #4 topic levels is unsat
2024-10-21 21:42:43,385 [MainThread  ] [DEBUG]          [0.1202] #5 topic levels is unsat
2024-10-21 21:42:45,724 [MainThread  ] [DEBUG]          [2.3285] #6 topic levels is unsat
2024-10-21 21:42:45,890 [MainThread  ] [DEBUG]          [0.1546] #7 topic levels is unsat
2024-10-21 21:42:48,222 [MainThread  ] [DEBUG]          [2.3206] #8 topic levels is unsat
2024-10-21 21:42:48,222 [MainThread  ] [DEBUG]          [6.9638] No solution found.
2024-10-21 21:42:48,225 [MainThread  ] [INFO ]  Checking certificates:   floor2_smoke_sensor  ->  floor2_light
2024-10-21 21:42:48,225 [MainThread  ] [DEBUG]           A witness is known: None
2024-10-21 21:42:48,225 [MainThread  ] [INFO ]  Checking certificates:   floor2_smoke_sensor  ->  lambda_badge_check
2024-10-21 21:42:48,244 [MainThread  ] [INFO ]  Checking certificates:   floor2_smoke_sensor  ->  lambda_fire_alarm
2024-10-21 21:42:48,388 [MainThread  ] [INFO ]  Checking certificates:   floor2_smoke_sensor  ->  lambda_logger
2024-10-21 21:42:48,405 [MainThread  ] [INFO ]  Checking certificates:   floor2_smoke_sensor  ->  presenceSensor1
2024-10-21 21:42:48,424 [MainThread  ] [INFO ]  Checking certificates:   floor2_smoke_sensor  ->  presenceSensor2
2024-10-21 21:42:48,424 [MainThread  ] [DEBUG]           A witness is known: None
2024-10-21 21:42:48,425 [MainThread  ] [INFO ]  Checking certificates:   floor1_light  ->  elevator
2024-10-21 21:42:48,441 [MainThread  ] [INFO ]  Checking certificates:   floor1_light  ->  floor1_fire_alarm
2024-10-21 21:42:48,458 [MainThread  ] [INFO ]  Checking certificates:   floor1_light  ->  floor2_fire_alarm
2024-10-21 21:42:48,458 [MainThread  ] [DEBUG]           A witness is known: None
2024-10-21 21:42:48,459 [MainThread  ] [INFO ]  Checking certificates:   floor1_light  ->  floor1_fire_siren
2024-10-21 21:42:48,476 [MainThread  ] [INFO ]  Checking certificates:   floor1_light  ->  floor2_fire_siren
2024-10-21 21:42:48,477 [MainThread  ] [DEBUG]           A witness is known: None
2024-10-21 21:42:48,477 [MainThread  ] [INFO ]  Checking certificates:   floor1_light  ->  floor1_water_pump
2024-10-21 21:42:48,494 [MainThread  ] [INFO ]  Checking certificates:   floor1_light  ->  floor2_water_pump
2024-10-21 21:42:48,494 [MainThread  ] [DEBUG]           A witness is known: None
2024-10-21 21:42:48,494 [MainThread  ] [INFO ]  Checking certificates:   floor1_light  ->  floor1_badge_reader
2024-10-21 21:42:48,512 [MainThread  ] [INFO ]  Checking certificates:   floor1_light  ->  floor2_badge_reader
2024-10-21 21:42:48,513 [MainThread  ] [DEBUG]           A witness is known: None
2024-10-21 21:42:48,513 [MainThread  ] [INFO ]  Checking certificates:   floor1_light  ->  floor1_door_lock
2024-10-21 21:42:48,531 [MainThread  ] [INFO ]  Checking certificates:   floor1_light  ->  floor2_door_lock
2024-10-21 21:42:48,548 [MainThread  ] [INFO ]  Checking certificates:   floor1_light  ->  floor1_smoke_sensor
2024-10-21 21:42:48,566 [MainThread  ] [INFO ]  Checking certificates:   floor1_light  ->  floor2_smoke_sensor
2024-10-21 21:42:48,566 [MainThread  ] [DEBUG]           A witness is known: None
2024-10-21 21:42:48,566 [MainThread  ] [INFO ]  Checking certificates:   floor1_light  ->  floor1_light
2024-10-21 21:42:48,582 [MainThread  ] [INFO ]  Checking certificates:   floor1_light  ->  floor2_light
2024-10-21 21:42:48,582 [MainThread  ] [DEBUG]           A witness is known: None
2024-10-21 21:42:48,582 [MainThread  ] [INFO ]  Checking certificates:   floor1_light  ->  lambda_badge_check
2024-10-21 21:42:48,599 [MainThread  ] [INFO ]  Checking certificates:   floor1_light  ->  lambda_fire_alarm
2024-10-21 21:42:48,614 [MainThread  ] [INFO ]  Checking certificates:   floor1_light  ->  lambda_logger
2024-10-21 21:42:48,630 [MainThread  ] [INFO ]  Checking certificates:   floor1_light  ->  presenceSensor1
2024-10-21 21:42:48,645 [MainThread  ] [INFO ]  Checking certificates:   floor1_light  ->  presenceSensor2
2024-10-21 21:42:48,646 [MainThread  ] [DEBUG]           A witness is known: None
2024-10-21 21:42:48,646 [MainThread  ] [INFO ]  Checking certificates:   floor2_light  ->  elevator
2024-10-21 21:42:48,646 [MainThread  ] [DEBUG]           A witness is known: None
2024-10-21 21:42:48,646 [MainThread  ] [INFO ]  Checking certificates:   floor2_light  ->  floor1_fire_alarm
2024-10-21 21:42:48,646 [MainThread  ] [DEBUG]           A witness is known: None
2024-10-21 21:42:48,646 [MainThread  ] [INFO ]  Checking certificates:   floor2_light  ->  floor2_fire_alarm
2024-10-21 21:42:48,647 [MainThread  ] [DEBUG]           A witness is known: None
2024-10-21 21:42:48,647 [MainThread  ] [INFO ]  Checking certificates:   floor2_light  ->  floor1_fire_siren
2024-10-21 21:42:48,647 [MainThread  ] [DEBUG]           A witness is known: None
2024-10-21 21:42:48,647 [MainThread  ] [INFO ]  Checking certificates:   floor2_light  ->  floor2_fire_siren
2024-10-21 21:42:48,647 [MainThread  ] [DEBUG]           A witness is known: None
2024-10-21 21:42:48,647 [MainThread  ] [INFO ]  Checking certificates:   floor2_light  ->  floor1_water_pump
2024-10-21 21:42:48,647 [MainThread  ] [DEBUG]           A witness is known: None
2024-10-21 21:42:48,648 [MainThread  ] [INFO ]  Checking certificates:   floor2_light  ->  floor2_water_pump
2024-10-21 21:42:48,648 [MainThread  ] [DEBUG]           A witness is known: None
2024-10-21 21:42:48,648 [MainThread  ] [INFO ]  Checking certificates:   floor2_light  ->  floor1_badge_reader
2024-10-21 21:42:48,648 [MainThread  ] [DEBUG]           A witness is known: None
2024-10-21 21:42:48,648 [MainThread  ] [INFO ]  Checking certificates:   floor2_light  ->  floor2_badge_reader
2024-10-21 21:42:48,648 [MainThread  ] [DEBUG]           A witness is known: None
2024-10-21 21:42:48,648 [MainThread  ] [INFO ]  Checking certificates:   floor2_light  ->  floor1_door_lock
2024-10-21 21:42:48,649 [MainThread  ] [DEBUG]           A witness is known: None
2024-10-21 21:42:48,649 [MainThread  ] [INFO ]  Checking certificates:   floor2_light  ->  floor2_door_lock
2024-10-21 21:42:48,649 [MainThread  ] [DEBUG]           A witness is known: None
2024-10-21 21:42:48,649 [MainThread  ] [INFO ]  Checking certificates:   floor2_light  ->  floor1_smoke_sensor
2024-10-21 21:42:48,649 [MainThread  ] [DEBUG]           A witness is known: None
2024-10-21 21:42:48,649 [MainThread  ] [INFO ]  Checking certificates:   floor2_light  ->  floor2_smoke_sensor
2024-10-21 21:42:48,649 [MainThread  ] [DEBUG]           A witness is known: None
2024-10-21 21:42:48,649 [MainThread  ] [INFO ]  Checking certificates:   floor2_light  ->  floor1_light
2024-10-21 21:42:48,649 [MainThread  ] [DEBUG]           A witness is known: None
2024-10-21 21:42:48,650 [MainThread  ] [INFO ]  Checking certificates:   floor2_light  ->  floor2_light
2024-10-21 21:42:48,650 [MainThread  ] [DEBUG]           A witness is known: None
2024-10-21 21:42:48,650 [MainThread  ] [INFO ]  Checking certificates:   floor2_light  ->  lambda_badge_check
2024-10-21 21:42:48,650 [MainThread  ] [DEBUG]           A witness is known: None
2024-10-21 21:42:48,650 [MainThread  ] [INFO ]  Checking certificates:   floor2_light  ->  lambda_fire_alarm
2024-10-21 21:42:48,650 [MainThread  ] [DEBUG]           A witness is known: None
2024-10-21 21:42:48,650 [MainThread  ] [INFO ]  Checking certificates:   floor2_light  ->  lambda_logger
2024-10-21 21:42:48,650 [MainThread  ] [DEBUG]           A witness is known: None
2024-10-21 21:42:48,650 [MainThread  ] [INFO ]  Checking certificates:   floor2_light  ->  presenceSensor1
2024-10-21 21:42:48,650 [MainThread  ] [DEBUG]           A witness is known: None
2024-10-21 21:42:48,651 [MainThread  ] [INFO ]  Checking certificates:   floor2_light  ->  presenceSensor2
2024-10-21 21:42:48,651 [MainThread  ] [DEBUG]           A witness is known: None
2024-10-21 21:42:48,651 [MainThread  ] [INFO ]  Checking certificates:   lambda_badge_check  ->  elevator
2024-10-21 21:42:48,670 [MainThread  ] [INFO ]  Checking certificates:   lambda_badge_check  ->  floor1_fire_alarm
2024-10-21 21:42:48,687 [MainThread  ] [INFO ]  Checking certificates:   lambda_badge_check  ->  floor2_fire_alarm
2024-10-21 21:42:48,688 [MainThread  ] [DEBUG]           A witness is known: None
2024-10-21 21:42:48,688 [MainThread  ] [INFO ]  Checking certificates:   lambda_badge_check  ->  floor1_fire_siren
2024-10-21 21:42:48,709 [MainThread  ] [INFO ]  Checking certificates:   lambda_badge_check  ->  floor2_fire_siren
2024-10-21 21:42:48,709 [MainThread  ] [DEBUG]           A witness is known: None
2024-10-21 21:42:48,709 [MainThread  ] [INFO ]  Checking certificates:   lambda_badge_check  ->  floor1_water_pump
2024-10-21 21:42:48,729 [MainThread  ] [INFO ]  Checking certificates:   lambda_badge_check  ->  floor2_water_pump
2024-10-21 21:42:48,730 [MainThread  ] [DEBUG]           A witness is known: None
2024-10-21 21:42:48,730 [MainThread  ] [INFO ]  Checking certificates:   lambda_badge_check  ->  floor1_badge_reader
2024-10-21 21:42:48,748 [MainThread  ] [INFO ]  Checking certificates:   lambda_badge_check  ->  floor2_badge_reader
2024-10-21 21:42:48,748 [MainThread  ] [DEBUG]           A witness is known: None
2024-10-21 21:42:48,748 [MainThread  ] [INFO ]  Checking certificates:   lambda_badge_check  ->  floor1_door_lock
2024-10-21 21:42:50,391 [MainThread  ] [INFO ]  Checking certificates:   lambda_badge_check  ->  floor2_door_lock
2024-10-21 21:42:51,832 [MainThread  ] [INFO ]  Checking certificates:   lambda_badge_check  ->  floor1_smoke_sensor
2024-10-21 21:42:51,847 [MainThread  ] [INFO ]  Checking certificates:   lambda_badge_check  ->  floor2_smoke_sensor
2024-10-21 21:42:51,847 [MainThread  ] [DEBUG]           A witness is known: None
2024-10-21 21:42:51,847 [MainThread  ] [INFO ]  Checking certificates:   lambda_badge_check  ->  floor1_light
2024-10-21 21:42:53,863 [MainThread  ] [DEBUG]  Solving lambda_badge_check -> floor1_light requires hard solver:
2024-10-21 21:42:53,906 [MainThread  ] [DEBUG]          [0.0349] #1 topic levels is unsat
2024-10-21 21:42:55,414 [MainThread  ] [DEBUG]          [1.4968] #2 topic levels is unsat
2024-10-21 21:43:23,512 [MainThread  ] [DEBUG]          [28.0879] #3 topic levels is unsat
2024-10-21 21:43:49,983 [MainThread  ] [DEBUG]          [26.4619] #4 topic levels is unsat
2024-10-21 21:45:02,500 [MainThread  ] [DEBUG]          [72.5056] #5 topic levels is unsat
2024-10-21 21:45:40,976 [MainThread  ] [DEBUG]          [38.4656] #6 topic levels is unsat
2024-10-21 21:46:28,709 [MainThread  ] [DEBUG]          [47.7222] #7 topic levels is unsat
2024-10-21 21:48:37,958 [MainThread  ] [DEBUG]          [129.2367] #8 topic levels is unsat
2024-10-21 21:48:37,958 [MainThread  ] [DEBUG]          [344.0944] No solution found.
2024-10-21 21:48:37,968 [MainThread  ] [INFO ]  Checking certificates:   lambda_badge_check  ->  floor2_light
2024-10-21 21:48:37,968 [MainThread  ] [DEBUG]           A witness is known: None
2024-10-21 21:48:37,968 [MainThread  ] [INFO ]  Checking certificates:   lambda_badge_check  ->  lambda_badge_check
2024-10-21 21:48:38,026 [MainThread  ] [INFO ]  Checking certificates:   lambda_badge_check  ->  lambda_fire_alarm
2024-10-21 21:48:38,046 [MainThread  ] [INFO ]  Checking certificates:   lambda_badge_check  ->  lambda_logger
2024-10-21 21:48:38,183 [MainThread  ] [INFO ]  Checking certificates:   lambda_badge_check  ->  presenceSensor1
2024-10-21 21:48:38,202 [MainThread  ] [INFO ]  Checking certificates:   lambda_badge_check  ->  presenceSensor2
2024-10-21 21:48:38,203 [MainThread  ] [DEBUG]           A witness is known: None
2024-10-21 21:48:38,203 [MainThread  ] [INFO ]  Checking certificates:   lambda_fire_alarm  ->  elevator
2024-10-21 21:48:38,302 [MainThread  ] [INFO ]  Checking certificates:   lambda_fire_alarm  ->  floor1_fire_alarm
2024-10-21 21:48:38,319 [MainThread  ] [INFO ]  Checking certificates:   lambda_fire_alarm  ->  floor2_fire_alarm
2024-10-21 21:48:38,319 [MainThread  ] [DEBUG]           A witness is known: None
2024-10-21 21:48:38,320 [MainThread  ] [INFO ]  Checking certificates:   lambda_fire_alarm  ->  floor1_fire_siren
2024-10-21 21:48:38,412 [MainThread  ] [INFO ]  Checking certificates:   lambda_fire_alarm  ->  floor2_fire_siren
2024-10-21 21:48:38,412 [MainThread  ] [DEBUG]           A witness is known: lambdaFireAlarm -> fire/detected => fire/detected <- siren/#
2024-10-21 21:48:38,412 [MainThread  ] [INFO ]  Checking certificates:   lambda_fire_alarm  ->  floor1_water_pump
2024-10-21 21:48:38,496 [MainThread  ] [INFO ]  Checking certificates:   lambda_fire_alarm  ->  floor2_water_pump
2024-10-21 21:48:38,496 [MainThread  ] [DEBUG]           A witness is known: lambdaFireAlarm -> fire/detected => fire/detected <- pumpk#
2024-10-21 21:48:38,497 [MainThread  ] [INFO ]  Checking certificates:   lambda_fire_alarm  ->  floor1_badge_reader
2024-10-21 21:48:38,513 [MainThread  ] [INFO ]  Checking certificates:   lambda_fire_alarm  ->  floor2_badge_reader
2024-10-21 21:48:38,513 [MainThread  ] [DEBUG]           A witness is known: None
2024-10-21 21:48:38,513 [MainThread  ] [INFO ]  Checking certificates:   lambda_fire_alarm  ->  floor1_door_lock
2024-10-21 21:48:38,628 [MainThread  ] [INFO ]  Checking certificates:   lambda_fire_alarm  ->  floor2_door_lock
2024-10-21 21:48:38,744 [MainThread  ] [INFO ]  Checking certificates:   lambda_fire_alarm  ->  floor1_smoke_sensor
2024-10-21 21:48:38,760 [MainThread  ] [INFO ]  Checking certificates:   lambda_fire_alarm  ->  floor2_smoke_sensor
2024-10-21 21:48:38,761 [MainThread  ] [DEBUG]           A witness is known: None
2024-10-21 21:48:38,761 [MainThread  ] [INFO ]  Checking certificates:   lambda_fire_alarm  ->  floor1_light
2024-10-21 21:48:38,927 [MainThread  ] [DEBUG]  Solving lambda_fire_alarm -> floor1_light requires hard solver:
2024-10-21 21:48:38,943 [MainThread  ] [DEBUG]          [0.0080] #1 topic levels is unsat
2024-10-21 21:48:39,046 [MainThread  ] [DEBUG]          [0.0938] #2 topic levels is unsat
2024-10-21 21:48:39,121 [MainThread  ] [DEBUG]          [0.0664] #3 topic levels is unsat
2024-10-21 21:48:39,137 [MainThread  ] [DEBUG]          [0.0070] #4 topic levels is unsat
2024-10-21 21:48:39,155 [MainThread  ] [DEBUG]          [0.0080] #5 topic levels is unsat
2024-10-21 21:48:39,171 [MainThread  ] [DEBUG]          [0.0080] #6 topic levels is unsat
2024-10-21 21:48:39,187 [MainThread  ] [DEBUG]          [0.0070] #7 topic levels is unsat
2024-10-21 21:48:39,204 [MainThread  ] [DEBUG]          [0.0069] #8 topic levels is unsat
2024-10-21 21:48:39,205 [MainThread  ] [DEBUG]          [0.2779] No solution found.
2024-10-21 21:48:39,207 [MainThread  ] [INFO ]  Checking certificates:   lambda_fire_alarm  ->  floor2_light
2024-10-21 21:48:39,207 [MainThread  ] [DEBUG]           A witness is known: None
2024-10-21 21:48:39,207 [MainThread  ] [INFO ]  Checking certificates:   lambda_fire_alarm  ->  lambda_badge_check
2024-10-21 21:48:39,226 [MainThread  ] [INFO ]  Checking certificates:   lambda_fire_alarm  ->  lambda_fire_alarm
2024-10-21 21:48:39,244 [MainThread  ] [INFO ]  Checking certificates:   lambda_fire_alarm  ->  lambda_logger
2024-10-21 21:48:39,260 [MainThread  ] [INFO ]  Checking certificates:   lambda_fire_alarm  ->  presenceSensor1
2024-10-21 21:48:39,278 [MainThread  ] [INFO ]  Checking certificates:   lambda_fire_alarm  ->  presenceSensor2
2024-10-21 21:48:39,278 [MainThread  ] [DEBUG]           A witness is known: None
2024-10-21 21:48:39,278 [MainThread  ] [INFO ]  Checking certificates:   lambda_logger  ->  elevator
2024-10-21 21:48:39,296 [MainThread  ] [INFO ]  Checking certificates:   lambda_logger  ->  floor1_fire_alarm
2024-10-21 21:48:39,312 [MainThread  ] [INFO ]  Checking certificates:   lambda_logger  ->  floor2_fire_alarm
2024-10-21 21:48:39,312 [MainThread  ] [DEBUG]           A witness is known: None
2024-10-21 21:48:39,312 [MainThread  ] [INFO ]  Checking certificates:   lambda_logger  ->  floor1_fire_siren
2024-10-21 21:48:39,331 [MainThread  ] [INFO ]  Checking certificates:   lambda_logger  ->  floor2_fire_siren
2024-10-21 21:48:39,331 [MainThread  ] [DEBUG]           A witness is known: None
2024-10-21 21:48:39,331 [MainThread  ] [INFO ]  Checking certificates:   lambda_logger  ->  floor1_water_pump
2024-10-21 21:48:39,349 [MainThread  ] [INFO ]  Checking certificates:   lambda_logger  ->  floor2_water_pump
2024-10-21 21:48:39,349 [MainThread  ] [DEBUG]           A witness is known: None
2024-10-21 21:48:39,349 [MainThread  ] [INFO ]  Checking certificates:   lambda_logger  ->  floor1_badge_reader
2024-10-21 21:48:39,366 [MainThread  ] [INFO ]  Checking certificates:   lambda_logger  ->  floor2_badge_reader
2024-10-21 21:48:39,366 [MainThread  ] [DEBUG]           A witness is known: None
2024-10-21 21:48:39,366 [MainThread  ] [INFO ]  Checking certificates:   lambda_logger  ->  floor1_door_lock
2024-10-21 21:48:39,384 [MainThread  ] [INFO ]  Checking certificates:   lambda_logger  ->  floor2_door_lock
2024-10-21 21:48:39,402 [MainThread  ] [INFO ]  Checking certificates:   lambda_logger  ->  floor1_smoke_sensor
2024-10-21 21:48:39,419 [MainThread  ] [INFO ]  Checking certificates:   lambda_logger  ->  floor2_smoke_sensor
2024-10-21 21:48:39,419 [MainThread  ] [DEBUG]           A witness is known: None
2024-10-21 21:48:39,420 [MainThread  ] [INFO ]  Checking certificates:   lambda_logger  ->  floor1_light
2024-10-21 21:48:39,435 [MainThread  ] [INFO ]  Checking certificates:   lambda_logger  ->  floor2_light
2024-10-21 21:48:39,435 [MainThread  ] [DEBUG]           A witness is known: None
2024-10-21 21:48:39,436 [MainThread  ] [INFO ]  Checking certificates:   lambda_logger  ->  lambda_badge_check
2024-10-21 21:48:39,452 [MainThread  ] [INFO ]  Checking certificates:   lambda_logger  ->  lambda_fire_alarm
2024-10-21 21:48:39,467 [MainThread  ] [INFO ]  Checking certificates:   lambda_logger  ->  lambda_logger
2024-10-21 21:48:39,483 [MainThread  ] [INFO ]  Checking certificates:   lambda_logger  ->  presenceSensor1
2024-10-21 21:48:39,498 [MainThread  ] [INFO ]  Checking certificates:   lambda_logger  ->  presenceSensor2
2024-10-21 21:48:39,499 [MainThread  ] [DEBUG]           A witness is known: None
2024-10-21 21:48:39,499 [MainThread  ] [INFO ]  Checking certificates:   presenceSensor1  ->  elevator
2024-10-21 21:48:39,519 [MainThread  ] [INFO ]  Checking certificates:   presenceSensor1  ->  floor1_fire_alarm
2024-10-21 21:48:39,537 [MainThread  ] [INFO ]  Checking certificates:   presenceSensor1  ->  floor2_fire_alarm
2024-10-21 21:48:39,537 [MainThread  ] [DEBUG]           A witness is known: None
2024-10-21 21:48:39,537 [MainThread  ] [INFO ]  Checking certificates:   presenceSensor1  ->  floor1_fire_siren
2024-10-21 21:48:39,556 [MainThread  ] [INFO ]  Checking certificates:   presenceSensor1  ->  floor2_fire_siren
2024-10-21 21:48:39,556 [MainThread  ] [DEBUG]           A witness is known: None
2024-10-21 21:48:39,557 [MainThread  ] [INFO ]  Checking certificates:   presenceSensor1  ->  floor1_water_pump
2024-10-21 21:48:39,576 [MainThread  ] [INFO ]  Checking certificates:   presenceSensor1  ->  floor2_water_pump
2024-10-21 21:48:39,576 [MainThread  ] [DEBUG]           A witness is known: None
2024-10-21 21:48:39,576 [MainThread  ] [INFO ]  Checking certificates:   presenceSensor1  ->  floor1_badge_reader
2024-10-21 21:48:39,594 [MainThread  ] [INFO ]  Checking certificates:   presenceSensor1  ->  floor2_badge_reader
2024-10-21 21:48:39,594 [MainThread  ] [DEBUG]           A witness is known: None
2024-10-21 21:48:39,594 [MainThread  ] [INFO ]  Checking certificates:   presenceSensor1  ->  floor1_door_lock
2024-10-21 21:48:39,613 [MainThread  ] [INFO ]  Checking certificates:   presenceSensor1  ->  floor2_door_lock
2024-10-21 21:48:39,632 [MainThread  ] [INFO ]  Checking certificates:   presenceSensor1  ->  floor1_smoke_sensor
2024-10-21 21:48:39,650 [MainThread  ] [INFO ]  Checking certificates:   presenceSensor1  ->  floor2_smoke_sensor
2024-10-21 21:48:39,650 [MainThread  ] [DEBUG]           A witness is known: None
2024-10-21 21:48:39,650 [MainThread  ] [INFO ]  Checking certificates:   presenceSensor1  ->  floor1_light
2024-10-21 21:48:39,897 [MainThread  ] [INFO ]  Checking certificates:   presenceSensor1  ->  floor2_light
2024-10-21 21:48:39,898 [MainThread  ] [DEBUG]           A witness is known: presenceSensor1 -> physicalAC/floor1/detectedMovement/light1 => physicalAC/floor1/detectedMovement/light1 <- light1
2024-10-21 21:48:39,898 [MainThread  ] [INFO ]  Checking certificates:   presenceSensor1  ->  lambda_badge_check
2024-10-21 21:48:39,916 [MainThread  ] [INFO ]  Checking certificates:   presenceSensor1  ->  lambda_fire_alarm
2024-10-21 21:48:39,935 [MainThread  ] [INFO ]  Checking certificates:   presenceSensor1  ->  lambda_logger
2024-10-21 21:48:40,029 [MainThread  ] [INFO ]  Checking certificates:   presenceSensor1  ->  presenceSensor1
2024-10-21 21:48:40,043 [MainThread  ] [INFO ]  Checking certificates:   presenceSensor1  ->  presenceSensor2
2024-10-21 21:48:40,044 [MainThread  ] [DEBUG]           A witness is known: None
2024-10-21 21:48:40,044 [MainThread  ] [INFO ]  Checking certificates:   presenceSensor2  ->  elevator
2024-10-21 21:48:40,044 [MainThread  ] [DEBUG]           A witness is known: None
2024-10-21 21:48:40,044 [MainThread  ] [INFO ]  Checking certificates:   presenceSensor2  ->  floor1_fire_alarm
2024-10-21 21:48:40,044 [MainThread  ] [DEBUG]           A witness is known: None
2024-10-21 21:48:40,044 [MainThread  ] [INFO ]  Checking certificates:   presenceSensor2  ->  floor2_fire_alarm
2024-10-21 21:48:40,045 [MainThread  ] [DEBUG]           A witness is known: None
2024-10-21 21:48:40,045 [MainThread  ] [INFO ]  Checking certificates:   presenceSensor2  ->  floor1_fire_siren
2024-10-21 21:48:40,045 [MainThread  ] [DEBUG]           A witness is known: None
2024-10-21 21:48:40,045 [MainThread  ] [INFO ]  Checking certificates:   presenceSensor2  ->  floor2_fire_siren
2024-10-21 21:48:40,045 [MainThread  ] [DEBUG]           A witness is known: None
2024-10-21 21:48:40,045 [MainThread  ] [INFO ]  Checking certificates:   presenceSensor2  ->  floor1_water_pump
2024-10-21 21:48:40,045 [MainThread  ] [DEBUG]           A witness is known: None
2024-10-21 21:48:40,045 [MainThread  ] [INFO ]  Checking certificates:   presenceSensor2  ->  floor2_water_pump
2024-10-21 21:48:40,045 [MainThread  ] [DEBUG]           A witness is known: None
2024-10-21 21:48:40,046 [MainThread  ] [INFO ]  Checking certificates:   presenceSensor2  ->  floor1_badge_reader
2024-10-21 21:48:40,046 [MainThread  ] [DEBUG]           A witness is known: None
2024-10-21 21:48:40,046 [MainThread  ] [INFO ]  Checking certificates:   presenceSensor2  ->  floor2_badge_reader
2024-10-21 21:48:40,046 [MainThread  ] [DEBUG]           A witness is known: None
2024-10-21 21:48:40,046 [MainThread  ] [INFO ]  Checking certificates:   presenceSensor2  ->  floor1_door_lock
2024-10-21 21:48:40,046 [MainThread  ] [DEBUG]           A witness is known: None
2024-10-21 21:48:40,046 [MainThread  ] [INFO ]  Checking certificates:   presenceSensor2  ->  floor2_door_lock
2024-10-21 21:48:40,046 [MainThread  ] [DEBUG]           A witness is known: None
2024-10-21 21:48:40,046 [MainThread  ] [INFO ]  Checking certificates:   presenceSensor2  ->  floor1_smoke_sensor
2024-10-21 21:48:40,046 [MainThread  ] [DEBUG]           A witness is known: None
2024-10-21 21:48:40,046 [MainThread  ] [INFO ]  Checking certificates:   presenceSensor2  ->  floor2_smoke_sensor
2024-10-21 21:48:40,047 [MainThread  ] [DEBUG]           A witness is known: None
2024-10-21 21:48:40,047 [MainThread  ] [INFO ]  Checking certificates:   presenceSensor2  ->  floor1_light
2024-10-21 21:48:40,047 [MainThread  ] [DEBUG]           A witness is known: presenceSensor1 -> physicalAC/floor1/detectedMovement/light1 => physicalAC/floor1/detectedMovement/light1 <- light1
2024-10-21 21:48:40,047 [MainThread  ] [INFO ]  Checking certificates:   presenceSensor2  ->  floor2_light
2024-10-21 21:48:40,047 [MainThread  ] [DEBUG]           A witness is known: presenceSensor1 -> physicalAC/floor1/detectedMovement/light1 => physicalAC/floor1/detectedMovement/light1 <- light1
2024-10-21 21:48:40,047 [MainThread  ] [INFO ]  Checking certificates:   presenceSensor2  ->  lambda_badge_check
2024-10-21 21:48:40,047 [MainThread  ] [DEBUG]           A witness is known: None
2024-10-21 21:48:40,047 [MainThread  ] [INFO ]  Checking certificates:   presenceSensor2  ->  lambda_fire_alarm
2024-10-21 21:48:40,047 [MainThread  ] [DEBUG]           A witness is known: None
2024-10-21 21:48:40,047 [MainThread  ] [INFO ]  Checking certificates:   presenceSensor2  ->  lambda_logger
2024-10-21 21:48:40,048 [MainThread  ] [DEBUG]           A witness is known: presenceSensor1 -> physicalAC/floor1/detectedMovement/light1 => physicalAC/floor1/detectedMovement/light1 <- lambdaDoorLog
2024-10-21 21:48:40,048 [MainThread  ] [INFO ]  Checking certificates:   presenceSensor2  ->  presenceSensor1
2024-10-21 21:48:40,048 [MainThread  ] [DEBUG]           A witness is known: None
2024-10-21 21:48:40,048 [MainThread  ] [INFO ]  Checking certificates:   presenceSensor2  ->  presenceSensor2
2024-10-21 21:48:40,048 [MainThread  ] [DEBUG]           A witness is known: None
[764.4542] Built symbolic information flow graph of 57 nodes.
-- 0.0010s -- Found the path:
                 floor1_door_lock
                 (doorLocka#) -> physicalAC/floor1/presenceSensor1/enable -> (presenceSensor1)
                 presenceSensor1
                 (presenceSensor1) -> physicalAC/floor1/detectedMovement/light1 -> (light1)
                 floor2_light
              from floor1_door_lock to floor2_light.
-- 0.0000s -- No path found from elevator to floor1_door_lock.
-- 0.0000s -- Checkin if elevator reaches only [].
-- 0.0000s -- Correct: elevator reaches only [].
-- 0.0000s -- Checkin if floor1_door_lock reaches only ['floor1_light', 'presenceSensor1', 'lambda_logger'].
-- 0.0010s -- Found the following unexpected paths (2):
                 floor1_door_lock
                 (doorLocka#) -> physicalAC/floor1/presenceSensor1/enable -> (presenceSensor1)
                 presenceSensor1
                 (presenceSensor1) -> physicalAC/floor1/detectedMovement/light1 -> (light1)
                 floor2_light

                 floor1_door_lock
                 (doorLocka#) -> physicalAC/floor1/presenceSensor1/enable -> (presenceSensor1)
                 presenceSensor2

-- 0.0000s -- Checkin if floor1_smoke_sensor reaches only ['elevator', 'floor1_door_lock'].
-- 0.0000s -- Found the following unexpected paths (11):
                 floor1_smoke_sensor
                 (smokeSensorh/) -> fire/floor1/smokeLevels -> (lambdaFireAlarm)
                 lambda_fire_alarm
                 (lambdaFireAlarm) -> fire/detected -> (siren/#)
                 floor1_fire_siren

                 floor1_smoke_sensor
                 (smokeSensorh/) -> fire/floor1/smokeLevels -> (lambdaFireAlarm)
                 lambda_fire_alarm
                 (lambdaFireAlarm) -> fire/detected -> (doorLock#+)
                 floor1_door_lock
                 (doorLock80) -> physicalAC/floor1/presenceSensor1/enable -> (lambdaDoorLog)
                 lambda_logger

                 floor1_smoke_sensor
                 (smokeSensorh/) -> fire/floor1/smokeLevels -> (lambdaFireAlarm)
                 lambda_fire_alarm
                 (lambdaFireAlarm) -> fire/detected -> (pumpk#)
                 floor2_water_pump

                 floor1_smoke_sensor
                 (smokeSensorh/) -> fire/floor1/smokeLevels -> (lambdaFireAlarm)
                 lambda_fire_alarm
                 (lambdaFireAlarm) -> fire/detected -> (doorLock#+)
                 floor1_door_lock
                 (doorLocka#) -> physicalAC/floor1/presenceSensor1/enable -> (presenceSensor1)
                 presenceSensor1

                 floor1_smoke_sensor
                 (smokeSensorh/) -> fire/floor1/smokeLevels -> (lambdaFireAlarm)
                 lambda_fire_alarm

                 floor1_smoke_sensor
                 (smokeSensorh/) -> fire/floor1/smokeLevels -> (lambdaFireAlarm)
                 lambda_fire_alarm
                 (lambdaFireAlarm) -> fire/detected -> (doorLock#+)
                 floor1_door_lock
                 (doorLocka#) -> physicalAC/floor1/presenceSensor1/enable -> (presenceSensor1)
                 presenceSensor1
                 (presenceSensor1) -> physicalAC/floor1/detectedMovement/light1 -> (light1)
                 floor2_light

                 floor1_smoke_sensor
                 (smokeSensorh/) -> fire/floor1/smokeLevels -> (lambdaFireAlarm)
                 lambda_fire_alarm
                 (lambdaFireAlarm) -> fire/detected -> (doorLock#+)
                 floor1_door_lock
                 (doorLocka#) -> physicalAC/floor1/presenceSensor1/enable -> (presenceSensor1)
                 presenceSensor2

                 floor1_smoke_sensor
                 (smokeSensorh/) -> fire/floor1/smokeLevels -> (lambdaFireAlarm)
                 lambda_fire_alarm
                 (lambdaFireAlarm) -> fire/detected -> (pumpk#)
                 floor1_water_pump

                 floor1_smoke_sensor
                 (smokeSensorh/) -> fire/floor1/smokeLevels -> (lambdaFireAlarm)
                 lambda_fire_alarm
                 (lambdaFireAlarm) -> fire/detected -> (siren/#)
                 floor2_fire_siren

                 floor1_smoke_sensor
                 (smokeSensorh/) -> fire/floor1/smokeLevels -> (lambdaFireAlarm)
                 lambda_fire_alarm
                 (lambdaFireAlarm) -> fire/detected -> (doorLock+4)
                 floor2_door_lock

                 floor1_smoke_sensor
                 (smokeSensorh/) -> fire/floor1/smokeLevels -> (lambdaFireAlarm)
                 lambda_fire_alarm
                 (lambdaFireAlarm) -> fire/detected -> (doorLock#+)
                 floor1_door_lock
                 (doorLocka#) -> physicalAC/floor1/presenceSensor1/enable -> (presenceSensor1)
                 presenceSensor1
                 (presenceSensor1) -> physicalAC/floor1/detectedMovement/light1 -> (light1)
                 floor1_light

-- 0.0000s -- Checkin if elevator reaches only ['floor2_water_pump'].
-- 0.0000s -- No path found for the nodes:
                floor2_water_pump
-- 0.0000s -- Checking if elevator is only reached by ['lambda_fire_alarm', 'floor1_smoke_sensor', 'floor2_smoke_sensor', 'floor1_fire_alarm', 'floor2_fire_alarm'].
-- 0.0000s -- Correct: elevator is only reached by ['lambda_fire_alarm', 'floor1_smoke_sensor', 'floor2_smoke_sensor', 'floor1_fire_alarm', 'floor2_fire_alarm'].
-- 0.0000s -- Checking if floor1_fire_siren is only reached by ['floor1_smoke_sensor', 'floor2_smoke_sensor', 'floor1_fire_alarm', 'floor2_fire_alarm', 'lambda_fire_alarm', 'elevator'].
-- 0.0010s -- No path found for the nodes:
                elevator
-- 0.0000s -- Checking if floor1_light is only reached by ['lambda_fire_alarm'].
-- 0.0000s -- Found the following unexpected paths (10):
                 lambda_badge_check
                 (lambdaBadgeCheck) -> physicalAC/floor1/doorLock50/open -> (doorLock50)
                 floor1_door_lock
                 (doorLocka#) -> physicalAC/floor1/presenceSensor1/enable -> (presenceSensor1)
                 presenceSensor1
                 (presenceSensor1) -> physicalAC/floor1/detectedMovement/light1 -> (light1)
                 floor1_light

                 floor1_fire_alarm
                 (fireAlarm8+) -> fire/detected -> (doorLock+0)
                 floor1_door_lock
                 (doorLocka#) -> physicalAC/floor1/presenceSensor1/enable -> (presenceSensor1)
                 presenceSensor1
                 (presenceSensor1) -> physicalAC/floor1/detectedMovement/light1 -> (light1)
                 floor1_light

                 floor1_smoke_sensor
                 (smokeSensorh/) -> fire/floor1/smokeLevels -> (lambdaFireAlarm)
                 lambda_fire_alarm
                 (lambdaFireAlarm) -> fire/detected -> (doorLock#+)
                 floor1_door_lock
                 (doorLocka#) -> physicalAC/floor1/presenceSensor1/enable -> (presenceSensor1)
                 presenceSensor1
                 (presenceSensor1) -> physicalAC/floor1/detectedMovement/light1 -> (light1)
                 floor1_light

                 presenceSensor1
                 (presenceSensor1) -> physicalAC/floor1/detectedMovement/light1 -> (light1)
                 floor1_light

                 floor2_fire_alarm
                 (fireAlarm8+) -> fire/detected -> (doorLock+0)
                 floor1_door_lock
                 (doorLocka#) -> physicalAC/floor1/presenceSensor1/enable -> (presenceSensor1)
                 presenceSensor1
                 (presenceSensor1) -> physicalAC/floor1/detectedMovement/light1 -> (light1)
                 floor1_light

                 floor2_badge_reader
                 (badgeReader08) -> physicalAC/floor2/badgeReader08/check -> (lambdaBadgeCheck)
                 lambda_badge_check
                 (lambdaBadgeCheck) -> physicalAC/floor1/doorLock50/open -> (doorLock50)
                 floor1_door_lock
                 (doorLocka#) -> physicalAC/floor1/presenceSensor1/enable -> (presenceSensor1)
                 presenceSensor1
                 (presenceSensor1) -> physicalAC/floor1/detectedMovement/light1 -> (light1)
                 floor1_light

                 presenceSensor2
                 (presenceSensor1) -> physicalAC/floor1/detectedMovement/light1 -> (light1)
                 floor1_light

                 floor1_badge_reader
                 (badgeReader#J) -> physicalAC/floor1/badgeReader#J/check -> (lambdaBadgeCheck)
                 lambda_badge_check
                 (lambdaBadgeCheck) -> physicalAC/floor1/doorLock50/open -> (doorLock50)
                 floor1_door_lock
                 (doorLocka#) -> physicalAC/floor1/presenceSensor1/enable -> (presenceSensor1)
                 presenceSensor1
                 (presenceSensor1) -> physicalAC/floor1/detectedMovement/light1 -> (light1)
                 floor1_light

                 floor1_door_lock
                 (doorLocka#) -> physicalAC/floor1/presenceSensor1/enable -> (presenceSensor1)
                 presenceSensor1
                 (presenceSensor1) -> physicalAC/floor1/detectedMovement/light1 -> (light1)
                 floor1_light

                 floor2_smoke_sensor
                 (smokeSensorK#) -> fire/floor2/smokeLevels -> (lambdaFireAlarm)
                 lambda_fire_alarm
                 (lambdaFireAlarm) -> fire/detected -> (doorLock#+)
                 floor1_door_lock
                 (doorLocka#) -> physicalAC/floor1/presenceSensor1/enable -> (presenceSensor1)
                 presenceSensor1
                 (presenceSensor1) -> physicalAC/floor1/detectedMovement/light1 -> (light1)
                 floor1_light

-- 0.0000s -- Checking if the subsystems ['floor1_badge_reader'] and ['floor1_water_pump', 'elevator'] are isolated.
-- 0.0000s -- The subsystems ['floor1_badge_reader'] and ['floor1_water_pump', 'elevator'] are isolated
-- 0.0000s -- Checking if the subsystems ['floor2_badge_reader'] and ['lambda_fire_alarm', 'elevator', 'floor2_smoke_sensor'] are isolated.  
-- 0.0010s -- The subsystems ['floor2_badge_reader'] and ['lambda_fire_alarm', 'elevator', 'floor2_smoke_sensor'] are isolated
-- 0.0000s -- Checking if the subsystems ['floor1_light', 'floor2_light'] and ['lambda_fire_alarm', 'elevator', 'floor2_smoke_sensor'] are isolated.
-- 0.0000s -- Not isolated since lambda_fire_alarm can reach floor1_light with the path:
-- 0.0000s -- Found the path:
                 lambda_fire_alarm
                 (lambdaFireAlarm) -> fire/detected -> (doorLock#+)
                 floor1_door_lock
                 (doorLocka#) -> physicalAC/floor1/presenceSensor1/enable -> (presenceSensor1)
                 presenceSensor1
                 (presenceSensor1) -> physicalAC/floor1/detectedMovement/light1 -> (light1)
                 floor1_light
              from lambda_fire_alarm to floor1_light.