-- 0.0085s -- Read 18 policy certificates and 2 things.
2024-10-15 15:32:14,116 [MainThread  ] [INFO ]  Checking certificates:   elevator  ->  elevator
2024-10-15 15:32:14,134 [MainThread  ] [INFO ]  Checking certificates:   elevator  ->  floor1_fire_alarm
2024-10-15 15:32:14,151 [MainThread  ] [INFO ]  Checking certificates:   elevator  ->  floor2_fire_alarm
2024-10-15 15:32:14,167 [MainThread  ] [INFO ]  Checking certificates:   elevator  ->  floor1_fire_siren
2024-10-15 15:32:14,184 [MainThread  ] [INFO ]  Checking certificates:   elevator  ->  floor2_fire_siren
2024-10-15 15:32:14,200 [MainThread  ] [INFO ]  Checking certificates:   elevator  ->  floor1_water_pump
2024-10-15 15:32:14,217 [MainThread  ] [INFO ]  Checking certificates:   elevator  ->  floor2_water_pump
2024-10-15 15:32:14,235 [MainThread  ] [INFO ]  Checking certificates:   elevator  ->  floor1_badge_reader
2024-10-15 15:32:14,251 [MainThread  ] [INFO ]  Checking certificates:   elevator  ->  floor2_badge_reader
2024-10-15 15:32:14,267 [MainThread  ] [INFO ]  Checking certificates:   elevator  ->  floor1_door_lock
2024-10-15 15:32:14,285 [MainThread  ] [INFO ]  Checking certificates:   elevator  ->  floor2_door_lock
2024-10-15 15:32:14,302 [MainThread  ] [INFO ]  Checking certificates:   elevator  ->  floor1_smoke_sensor
2024-10-15 15:32:14,319 [MainThread  ] [INFO ]  Checking certificates:   elevator  ->  floor2_smoke_sensor
2024-10-15 15:32:14,335 [MainThread  ] [INFO ]  Checking certificates:   elevator  ->  floor1_light
2024-10-15 15:32:14,352 [MainThread  ] [INFO ]  Checking certificates:   elevator  ->  floor2_light
2024-10-15 15:32:14,369 [MainThread  ] [INFO ]  Checking certificates:   elevator  ->  lambda_badge_check
2024-10-15 15:32:14,385 [MainThread  ] [INFO ]  Checking certificates:   elevator  ->  lambda_fire_alarm
2024-10-15 15:32:14,402 [MainThread  ] [INFO ]  Checking certificates:   elevator  ->  lambda_logger
2024-10-15 15:32:14,421 [MainThread  ] [INFO ]  Checking certificates:   elevator  ->  presenceSensor1
2024-10-15 15:32:14,440 [MainThread  ] [INFO ]  Checking certificates:   elevator  ->  presenceSensor2
2024-10-15 15:32:14,456 [MainThread  ] [INFO ]  Checking certificates:   floor1_fire_alarm  ->  elevator
2024-10-15 15:32:14,529 [MainThread  ] [INFO ]  Checking certificates:   floor1_fire_alarm  ->  floor1_fire_alarm
2024-10-15 15:32:14,546 [MainThread  ] [INFO ]  Checking certificates:   floor1_fire_alarm  ->  floor2_fire_alarm
2024-10-15 15:32:14,562 [MainThread  ] [INFO ]  Checking certificates:   floor1_fire_alarm  ->  floor1_fire_siren
2024-10-15 15:32:14,625 [MainThread  ] [INFO ]  Checking certificates:   floor1_fire_alarm  ->  floor2_fire_siren
2024-10-15 15:32:14,688 [MainThread  ] [INFO ]  Checking certificates:   floor1_fire_alarm  ->  floor1_water_pump
2024-10-15 15:32:14,752 [MainThread  ] [INFO ]  Checking certificates:   floor1_fire_alarm  ->  floor2_water_pump
2024-10-15 15:32:14,813 [MainThread  ] [INFO ]  Checking certificates:   floor1_fire_alarm  ->  floor1_badge_reader
2024-10-15 15:32:14,829 [MainThread  ] [INFO ]  Checking certificates:   floor1_fire_alarm  ->  floor2_badge_reader
2024-10-15 15:32:14,845 [MainThread  ] [INFO ]  Checking certificates:   floor1_fire_alarm  ->  floor1_door_lock
2024-10-15 15:32:14,929 [MainThread  ] [INFO ]  Checking certificates:   floor1_fire_alarm  ->  floor2_door_lock
2024-10-15 15:32:15,014 [MainThread  ] [INFO ]  Checking certificates:   floor1_fire_alarm  ->  floor1_smoke_sensor
2024-10-15 15:32:15,029 [MainThread  ] [INFO ]  Checking certificates:   floor1_fire_alarm  ->  floor2_smoke_sensor
2024-10-15 15:32:15,045 [MainThread  ] [INFO ]  Checking certificates:   floor1_fire_alarm  ->  floor1_light
2024-10-15 15:32:15,148 [MainThread  ] [DEBUG]  Solving floor1_fire_alarm -> floor1_light requires hard solver:
2024-10-15 15:32:15,164 [MainThread  ] [DEBUG]          T:0.007511615753173828 -- #1 topic levels is unsat
2024-10-15 15:32:15,227 [MainThread  ] [DEBUG]          T:0.05285048484802246 -- #2 topic levels is unsat
2024-10-15 15:32:15,268 [MainThread  ] [DEBUG]          T:0.03034520149230957 -- #3 topic levels is unsat
2024-10-15 15:32:15,286 [MainThread  ] [DEBUG]          T:0.006611347198486328 -- #4 topic levels is unsat
2024-10-15 15:32:15,305 [MainThread  ] [DEBUG]          T:0.0069005489349365234 -- #5 topic levels is unsat
2024-10-15 15:32:15,324 [MainThread  ] [DEBUG]          T:0.006006717681884766 -- #6 topic levels is unsat
2024-10-15 15:32:15,345 [MainThread  ] [DEBUG]          T:0.006501197814941406 -- #7 topic levels is unsat
2024-10-15 15:32:15,368 [MainThread  ] [DEBUG]          T:0.007627964019775391 -- #8 topic levels is unsat
2024-10-15 15:32:15,368 [MainThread  ] [DEBUG]          T:0.22000503540039062 -- No solution found.
2024-10-15 15:32:15,369 [MainThread  ] [INFO ]  Checking certificates:   floor1_fire_alarm  ->  floor2_light
2024-10-15 15:32:15,497 [MainThread  ] [DEBUG]  Solving floor1_fire_alarm -> floor2_light requires hard solver:
2024-10-15 15:32:15,514 [MainThread  ] [DEBUG]          T:0.007525205612182617 -- #1 topic levels is unsat
2024-10-15 15:32:15,575 [MainThread  ] [DEBUG]          T:0.05116152763366699 -- #2 topic levels is unsat
2024-10-15 15:32:15,627 [MainThread  ] [DEBUG]          T:0.04187202453613281 -- #3 topic levels is unsat
2024-10-15 15:32:15,645 [MainThread  ] [DEBUG]          T:0.006999969482421875 -- #4 topic levels is unsat
2024-10-15 15:32:15,663 [MainThread  ] [DEBUG]          T:0.00691676139831543 -- #5 topic levels is unsat
2024-10-15 15:32:15,683 [MainThread  ] [DEBUG]          T:0.005980253219604492 -- #6 topic levels is unsat
2024-10-15 15:32:15,703 [MainThread  ] [DEBUG]          T:0.006000518798828125 -- #7 topic levels is unsat
2024-10-15 15:32:15,726 [MainThread  ] [DEBUG]          T:0.0073337554931640625 -- #8 topic levels is unsat
2024-10-15 15:32:15,726 [MainThread  ] [DEBUG]          T:0.2290019989013672 -- No solution found.
2024-10-15 15:32:15,729 [MainThread  ] [INFO ]  Checking certificates:   floor1_fire_alarm  ->  lambda_badge_check
2024-10-15 15:32:15,747 [MainThread  ] [INFO ]  Checking certificates:   floor1_fire_alarm  ->  lambda_fire_alarm
2024-10-15 15:32:15,765 [MainThread  ] [INFO ]  Checking certificates:   floor1_fire_alarm  ->  lambda_logger
2024-10-15 15:32:15,783 [MainThread  ] [INFO ]  Checking certificates:   floor1_fire_alarm  ->  presenceSensor1
2024-10-15 15:32:15,802 [MainThread  ] [INFO ]  Checking certificates:   floor1_fire_alarm  ->  presenceSensor2
2024-10-15 15:32:15,818 [MainThread  ] [INFO ]  Checking certificates:   floor2_fire_alarm  ->  elevator
2024-10-15 15:32:15,888 [MainThread  ] [INFO ]  Checking certificates:   floor2_fire_alarm  ->  floor1_fire_alarm
2024-10-15 15:32:15,904 [MainThread  ] [INFO ]  Checking certificates:   floor2_fire_alarm  ->  floor2_fire_alarm
2024-10-15 15:32:15,919 [MainThread  ] [INFO ]  Checking certificates:   floor2_fire_alarm  ->  floor1_fire_siren
2024-10-15 15:32:15,980 [MainThread  ] [INFO ]  Checking certificates:   floor2_fire_alarm  ->  floor2_fire_siren
2024-10-15 15:32:16,042 [MainThread  ] [INFO ]  Checking certificates:   floor2_fire_alarm  ->  floor1_water_pump
2024-10-15 15:32:16,104 [MainThread  ] [INFO ]  Checking certificates:   floor2_fire_alarm  ->  floor2_water_pump
2024-10-15 15:32:16,165 [MainThread  ] [INFO ]  Checking certificates:   floor2_fire_alarm  ->  floor1_badge_reader
2024-10-15 15:32:16,180 [MainThread  ] [INFO ]  Checking certificates:   floor2_fire_alarm  ->  floor2_badge_reader
2024-10-15 15:32:16,195 [MainThread  ] [INFO ]  Checking certificates:   floor2_fire_alarm  ->  floor1_door_lock
2024-10-15 15:32:16,281 [MainThread  ] [INFO ]  Checking certificates:   floor2_fire_alarm  ->  floor2_door_lock
2024-10-15 15:32:16,363 [MainThread  ] [INFO ]  Checking certificates:   floor2_fire_alarm  ->  floor1_smoke_sensor
2024-10-15 15:32:16,380 [MainThread  ] [INFO ]  Checking certificates:   floor2_fire_alarm  ->  floor2_smoke_sensor
2024-10-15 15:32:16,395 [MainThread  ] [INFO ]  Checking certificates:   floor2_fire_alarm  ->  floor1_light
2024-10-15 15:32:16,500 [MainThread  ] [DEBUG]  Solving floor2_fire_alarm -> floor1_light requires hard solver:
2024-10-15 15:32:16,517 [MainThread  ] [DEBUG]          T:0.007001399993896484 -- #1 topic levels is unsat
2024-10-15 15:32:16,582 [MainThread  ] [DEBUG]          T:0.05562901496887207 -- #2 topic levels is unsat
2024-10-15 15:32:16,620 [MainThread  ] [DEBUG]          T:0.027993440628051758 -- #3 topic levels is unsat
2024-10-15 15:32:16,637 [MainThread  ] [DEBUG]          T:0.0065042972564697266 -- #4 topic levels is unsat
2024-10-15 15:32:16,656 [MainThread  ] [DEBUG]          T:0.006484031677246094 -- #5 topic levels is unsat
2024-10-15 15:32:16,675 [MainThread  ] [DEBUG]          T:0.006504058837890625 -- #6 topic levels is unsat
2024-10-15 15:32:16,696 [MainThread  ] [DEBUG]          T:0.0064849853515625 -- #7 topic levels is unsat
2024-10-15 15:32:16,717 [MainThread  ] [DEBUG]          T:0.006997346878051758 -- #8 topic levels is unsat
2024-10-15 15:32:16,717 [MainThread  ] [DEBUG]          T:0.21733832359313965 -- No solution found.
2024-10-15 15:32:16,719 [MainThread  ] [INFO ]  Checking certificates:   floor2_fire_alarm  ->  floor2_light
2024-10-15 15:32:16,845 [MainThread  ] [DEBUG]  Solving floor2_fire_alarm -> floor2_light requires hard solver:
2024-10-15 15:32:16,863 [MainThread  ] [DEBUG]          T:0.007034778594970703 -- #1 topic levels is unsat
2024-10-15 15:32:16,922 [MainThread  ] [DEBUG]          T:0.04903578758239746 -- #2 topic levels is unsat
2024-10-15 15:32:16,966 [MainThread  ] [DEBUG]          T:0.0335080623626709 -- #3 topic levels is unsat
2024-10-15 15:32:16,985 [MainThread  ] [DEBUG]          T:0.006479978561401367 -- #4 topic levels is unsat
2024-10-15 15:32:17,002 [MainThread  ] [DEBUG]          T:0.005495309829711914 -- #5 topic levels is unsat
2024-10-15 15:32:17,022 [MainThread  ] [DEBUG]          T:0.006494045257568359 -- #6 topic levels is unsat
2024-10-15 15:32:17,043 [MainThread  ] [DEBUG]          T:0.00699925422668457 -- #7 topic levels is unsat
2024-10-15 15:32:17,064 [MainThread  ] [DEBUG]          T:0.0064220428466796875 -- #8 topic levels is unsat
2024-10-15 15:32:17,064 [MainThread  ] [DEBUG]          T:0.2189638614654541 -- No solution found.
2024-10-15 15:32:17,066 [MainThread  ] [INFO ]  Checking certificates:   floor2_fire_alarm  ->  lambda_badge_check
2024-10-15 15:32:17,084 [MainThread  ] [INFO ]  Checking certificates:   floor2_fire_alarm  ->  lambda_fire_alarm
2024-10-15 15:32:17,102 [MainThread  ] [INFO ]  Checking certificates:   floor2_fire_alarm  ->  lambda_logger
2024-10-15 15:32:17,120 [MainThread  ] [INFO ]  Checking certificates:   floor2_fire_alarm  ->  presenceSensor1
2024-10-15 15:32:17,137 [MainThread  ] [INFO ]  Checking certificates:   floor2_fire_alarm  ->  presenceSensor2
2024-10-15 15:32:17,154 [MainThread  ] [INFO ]  Checking certificates:   floor1_fire_siren  ->  elevator
2024-10-15 15:32:17,171 [MainThread  ] [INFO ]  Checking certificates:   floor1_fire_siren  ->  floor1_fire_alarm
2024-10-15 15:32:17,187 [MainThread  ] [INFO ]  Checking certificates:   floor1_fire_siren  ->  floor2_fire_alarm
2024-10-15 15:32:17,204 [MainThread  ] [INFO ]  Checking certificates:   floor1_fire_siren  ->  floor1_fire_siren
2024-10-15 15:32:17,221 [MainThread  ] [INFO ]  Checking certificates:   floor1_fire_siren  ->  floor2_fire_siren
2024-10-15 15:32:17,237 [MainThread  ] [INFO ]  Checking certificates:   floor1_fire_siren  ->  floor1_water_pump
2024-10-15 15:32:17,254 [MainThread  ] [INFO ]  Checking certificates:   floor1_fire_siren  ->  floor2_water_pump
2024-10-15 15:32:17,271 [MainThread  ] [INFO ]  Checking certificates:   floor1_fire_siren  ->  floor1_badge_reader
2024-10-15 15:32:17,287 [MainThread  ] [INFO ]  Checking certificates:   floor1_fire_siren  ->  floor2_badge_reader
2024-10-15 15:32:17,303 [MainThread  ] [INFO ]  Checking certificates:   floor1_fire_siren  ->  floor1_door_lock
2024-10-15 15:32:17,320 [MainThread  ] [INFO ]  Checking certificates:   floor1_fire_siren  ->  floor2_door_lock
2024-10-15 15:32:17,338 [MainThread  ] [INFO ]  Checking certificates:   floor1_fire_siren  ->  floor1_smoke_sensor
2024-10-15 15:32:17,354 [MainThread  ] [INFO ]  Checking certificates:   floor1_fire_siren  ->  floor2_smoke_sensor
2024-10-15 15:32:17,370 [MainThread  ] [INFO ]  Checking certificates:   floor1_fire_siren  ->  floor1_light
2024-10-15 15:32:17,386 [MainThread  ] [INFO ]  Checking certificates:   floor1_fire_siren  ->  floor2_light
2024-10-15 15:32:17,403 [MainThread  ] [INFO ]  Checking certificates:   floor1_fire_siren  ->  lambda_badge_check
2024-10-15 15:32:17,423 [MainThread  ] [INFO ]  Checking certificates:   floor1_fire_siren  ->  lambda_fire_alarm
2024-10-15 15:32:17,443 [MainThread  ] [INFO ]  Checking certificates:   floor1_fire_siren  ->  lambda_logger
2024-10-15 15:32:17,461 [MainThread  ] [INFO ]  Checking certificates:   floor1_fire_siren  ->  presenceSensor1
2024-10-15 15:32:17,477 [MainThread  ] [INFO ]  Checking certificates:   floor1_fire_siren  ->  presenceSensor2
2024-10-15 15:32:17,493 [MainThread  ] [INFO ]  Checking certificates:   floor2_fire_siren  ->  elevator
2024-10-15 15:32:17,511 [MainThread  ] [INFO ]  Checking certificates:   floor2_fire_siren  ->  floor1_fire_alarm
2024-10-15 15:32:17,527 [MainThread  ] [INFO ]  Checking certificates:   floor2_fire_siren  ->  floor2_fire_alarm
2024-10-15 15:32:17,542 [MainThread  ] [INFO ]  Checking certificates:   floor2_fire_siren  ->  floor1_fire_siren
2024-10-15 15:32:17,557 [MainThread  ] [INFO ]  Checking certificates:   floor2_fire_siren  ->  floor2_fire_siren
2024-10-15 15:32:17,574 [MainThread  ] [INFO ]  Checking certificates:   floor2_fire_siren  ->  floor1_water_pump
2024-10-15 15:32:17,588 [MainThread  ] [INFO ]  Checking certificates:   floor2_fire_siren  ->  floor2_water_pump
2024-10-15 15:32:17,603 [MainThread  ] [INFO ]  Checking certificates:   floor2_fire_siren  ->  floor1_badge_reader
2024-10-15 15:32:17,618 [MainThread  ] [INFO ]  Checking certificates:   floor2_fire_siren  ->  floor2_badge_reader
2024-10-15 15:32:17,635 [MainThread  ] [INFO ]  Checking certificates:   floor2_fire_siren  ->  floor1_door_lock
2024-10-15 15:32:17,652 [MainThread  ] [INFO ]  Checking certificates:   floor2_fire_siren  ->  floor2_door_lock
2024-10-15 15:32:17,667 [MainThread  ] [INFO ]  Checking certificates:   floor2_fire_siren  ->  floor1_smoke_sensor
2024-10-15 15:32:17,682 [MainThread  ] [INFO ]  Checking certificates:   floor2_fire_siren  ->  floor2_smoke_sensor
2024-10-15 15:32:17,698 [MainThread  ] [INFO ]  Checking certificates:   floor2_fire_siren  ->  floor1_light
2024-10-15 15:32:17,714 [MainThread  ] [INFO ]  Checking certificates:   floor2_fire_siren  ->  floor2_light
2024-10-15 15:32:17,729 [MainThread  ] [INFO ]  Checking certificates:   floor2_fire_siren  ->  lambda_badge_check
2024-10-15 15:32:17,745 [MainThread  ] [INFO ]  Checking certificates:   floor2_fire_siren  ->  lambda_fire_alarm
2024-10-15 15:32:17,760 [MainThread  ] [INFO ]  Checking certificates:   floor2_fire_siren  ->  lambda_logger
2024-10-15 15:32:17,776 [MainThread  ] [INFO ]  Checking certificates:   floor2_fire_siren  ->  presenceSensor1
2024-10-15 15:32:17,792 [MainThread  ] [INFO ]  Checking certificates:   floor2_fire_siren  ->  presenceSensor2
2024-10-15 15:32:17,808 [MainThread  ] [INFO ]  Checking certificates:   floor1_water_pump  ->  elevator
2024-10-15 15:32:17,824 [MainThread  ] [INFO ]  Checking certificates:   floor1_water_pump  ->  floor1_fire_alarm
2024-10-15 15:32:17,839 [MainThread  ] [INFO ]  Checking certificates:   floor1_water_pump  ->  floor2_fire_alarm
2024-10-15 15:32:17,854 [MainThread  ] [INFO ]  Checking certificates:   floor1_water_pump  ->  floor1_fire_siren
2024-10-15 15:32:17,871 [MainThread  ] [INFO ]  Checking certificates:   floor1_water_pump  ->  floor2_fire_siren
2024-10-15 15:32:17,886 [MainThread  ] [INFO ]  Checking certificates:   floor1_water_pump  ->  floor1_water_pump
2024-10-15 15:32:17,902 [MainThread  ] [INFO ]  Checking certificates:   floor1_water_pump  ->  floor2_water_pump
2024-10-15 15:32:17,917 [MainThread  ] [INFO ]  Checking certificates:   floor1_water_pump  ->  floor1_badge_reader
2024-10-15 15:32:17,937 [MainThread  ] [INFO ]  Checking certificates:   floor1_water_pump  ->  floor2_badge_reader
2024-10-15 15:32:17,953 [MainThread  ] [INFO ]  Checking certificates:   floor1_water_pump  ->  floor1_door_lock
2024-10-15 15:32:17,968 [MainThread  ] [INFO ]  Checking certificates:   floor1_water_pump  ->  floor2_door_lock
2024-10-15 15:32:17,985 [MainThread  ] [INFO ]  Checking certificates:   floor1_water_pump  ->  floor1_smoke_sensor
2024-10-15 15:32:18,000 [MainThread  ] [INFO ]  Checking certificates:   floor1_water_pump  ->  floor2_smoke_sensor
2024-10-15 15:32:18,015 [MainThread  ] [INFO ]  Checking certificates:   floor1_water_pump  ->  floor1_light
2024-10-15 15:32:18,030 [MainThread  ] [INFO ]  Checking certificates:   floor1_water_pump  ->  floor2_light
2024-10-15 15:32:18,047 [MainThread  ] [INFO ]  Checking certificates:   floor1_water_pump  ->  lambda_badge_check
2024-10-15 15:32:18,063 [MainThread  ] [INFO ]  Checking certificates:   floor1_water_pump  ->  lambda_fire_alarm
2024-10-15 15:32:18,079 [MainThread  ] [INFO ]  Checking certificates:   floor1_water_pump  ->  lambda_logger
2024-10-15 15:32:18,094 [MainThread  ] [INFO ]  Checking certificates:   floor1_water_pump  ->  presenceSensor1
2024-10-15 15:32:18,111 [MainThread  ] [INFO ]  Checking certificates:   floor1_water_pump  ->  presenceSensor2
2024-10-15 15:32:18,126 [MainThread  ] [INFO ]  Checking certificates:   floor2_water_pump  ->  elevator
2024-10-15 15:32:18,142 [MainThread  ] [INFO ]  Checking certificates:   floor2_water_pump  ->  floor1_fire_alarm
2024-10-15 15:32:18,156 [MainThread  ] [INFO ]  Checking certificates:   floor2_water_pump  ->  floor2_fire_alarm
2024-10-15 15:32:18,172 [MainThread  ] [INFO ]  Checking certificates:   floor2_water_pump  ->  floor1_fire_siren
2024-10-15 15:32:18,187 [MainThread  ] [INFO ]  Checking certificates:   floor2_water_pump  ->  floor2_fire_siren
2024-10-15 15:32:18,203 [MainThread  ] [INFO ]  Checking certificates:   floor2_water_pump  ->  floor1_water_pump
2024-10-15 15:32:18,219 [MainThread  ] [INFO ]  Checking certificates:   floor2_water_pump  ->  floor2_water_pump
2024-10-15 15:32:18,235 [MainThread  ] [INFO ]  Checking certificates:   floor2_water_pump  ->  floor1_badge_reader
2024-10-15 15:32:18,248 [MainThread  ] [INFO ]  Checking certificates:   floor2_water_pump  ->  floor2_badge_reader
2024-10-15 15:32:18,264 [MainThread  ] [INFO ]  Checking certificates:   floor2_water_pump  ->  floor1_door_lock
2024-10-15 15:32:18,281 [MainThread  ] [INFO ]  Checking certificates:   floor2_water_pump  ->  floor2_door_lock
2024-10-15 15:32:18,297 [MainThread  ] [INFO ]  Checking certificates:   floor2_water_pump  ->  floor1_smoke_sensor
2024-10-15 15:32:18,311 [MainThread  ] [INFO ]  Checking certificates:   floor2_water_pump  ->  floor2_smoke_sensor
2024-10-15 15:32:18,326 [MainThread  ] [INFO ]  Checking certificates:   floor2_water_pump  ->  floor1_light
2024-10-15 15:32:18,342 [MainThread  ] [INFO ]  Checking certificates:   floor2_water_pump  ->  floor2_light
2024-10-15 15:32:18,358 [MainThread  ] [INFO ]  Checking certificates:   floor2_water_pump  ->  lambda_badge_check
2024-10-15 15:32:18,373 [MainThread  ] [INFO ]  Checking certificates:   floor2_water_pump  ->  lambda_fire_alarm
2024-10-15 15:32:18,387 [MainThread  ] [INFO ]  Checking certificates:   floor2_water_pump  ->  lambda_logger
2024-10-15 15:32:18,405 [MainThread  ] [INFO ]  Checking certificates:   floor2_water_pump  ->  presenceSensor1
2024-10-15 15:32:18,420 [MainThread  ] [INFO ]  Checking certificates:   floor2_water_pump  ->  presenceSensor2
2024-10-15 15:32:18,435 [MainThread  ] [INFO ]  Checking certificates:   floor1_badge_reader  ->  elevator
2024-10-15 15:32:18,451 [MainThread  ] [INFO ]  Checking certificates:   floor1_badge_reader  ->  floor1_fire_alarm
2024-10-15 15:32:18,466 [MainThread  ] [INFO ]  Checking certificates:   floor1_badge_reader  ->  floor2_fire_alarm
2024-10-15 15:32:18,482 [MainThread  ] [INFO ]  Checking certificates:   floor1_badge_reader  ->  floor1_fire_siren
2024-10-15 15:32:18,497 [MainThread  ] [INFO ]  Checking certificates:   floor1_badge_reader  ->  floor2_fire_siren
2024-10-15 15:32:18,513 [MainThread  ] [INFO ]  Checking certificates:   floor1_badge_reader  ->  floor1_water_pump
2024-10-15 15:32:18,530 [MainThread  ] [INFO ]  Checking certificates:   floor1_badge_reader  ->  floor2_water_pump
2024-10-15 15:32:18,547 [MainThread  ] [INFO ]  Checking certificates:   floor1_badge_reader  ->  floor1_badge_reader
2024-10-15 15:32:18,562 [MainThread  ] [INFO ]  Checking certificates:   floor1_badge_reader  ->  floor2_badge_reader
2024-10-15 15:32:18,579 [MainThread  ] [INFO ]  Checking certificates:   floor1_badge_reader  ->  floor1_door_lock
2024-10-15 15:32:18,596 [MainThread  ] [INFO ]  Checking certificates:   floor1_badge_reader  ->  floor2_door_lock
2024-10-15 15:32:18,612 [MainThread  ] [INFO ]  Checking certificates:   floor1_badge_reader  ->  floor1_smoke_sensor
2024-10-15 15:32:18,627 [MainThread  ] [INFO ]  Checking certificates:   floor1_badge_reader  ->  floor2_smoke_sensor
2024-10-15 15:32:18,643 [MainThread  ] [INFO ]  Checking certificates:   floor1_badge_reader  ->  floor1_light
2024-10-15 15:32:19,242 [MainThread  ] [DEBUG]  Solving floor1_badge_reader -> floor1_light requires hard solver:
2024-10-15 15:32:19,260 [MainThread  ] [DEBUG]          T:0.007144927978515625 -- #1 topic levels is unsat
2024-10-15 15:32:19,853 [MainThread  ] [DEBUG]          T:0.5814392566680908 -- #2 topic levels is unsat
2024-10-15 15:32:29,301 [MainThread  ] [DEBUG]          T:9.436354160308838 -- #3 topic levels is unsat
2024-10-15 15:32:47,630 [MainThread  ] [DEBUG]          T:18.316991329193115 -- #4 topic levels is unsat
2024-10-15 15:33:05,978 [MainThread  ] [DEBUG]          T:18.33398723602295 -- #5 topic levels is unsat
2024-10-15 15:33:36,390 [MainThread  ] [DEBUG]          T:30.397072076797485 -- #6 topic levels is unsat
2024-10-15 15:34:09,950 [MainThread  ] [DEBUG]          T:33.54389238357544 -- #7 topic levels is unsat
2024-10-15 15:35:20,807 [MainThread  ] [DEBUG]          T:70.84063506126404 -- #8 topic levels is unsat
2024-10-15 15:35:20,807 [MainThread  ] [DEBUG]          T:181.56477451324463 -- No solution found.
2024-10-15 15:35:20,818 [MainThread  ] [INFO ]  Checking certificates:   floor1_badge_reader  ->  floor2_light
2024-10-15 15:35:21,441 [MainThread  ] [DEBUG]  Solving floor1_badge_reader -> floor2_light requires hard solver:
2024-10-15 15:35:21,461 [MainThread  ] [DEBUG]          T:0.009984970092773438 -- #1 topic levels is unsat
2024-10-15 15:35:22,574 [MainThread  ] [DEBUG]          T:1.1009595394134521 -- #2 topic levels is unsat
2024-10-15 15:35:38,175 [MainThread  ] [DEBUG]          T:15.587637186050415 -- #3 topic levels is unsat
2024-10-15 15:35:58,683 [MainThread  ] [DEBUG]          T:20.49450969696045 -- #4 topic levels is unsat
2024-10-15 15:36:19,956 [MainThread  ] [DEBUG]          T:21.2568142414093 -- #5 topic levels is unsat
2024-10-15 15:36:41,043 [MainThread  ] [DEBUG]          T:21.071249961853027 -- #6 topic levels is unsat
2024-10-15 15:37:40,625 [MainThread  ] [DEBUG]          T:59.56727981567383 -- #7 topic levels is unsat
2024-10-15 15:38:04,378 [MainThread  ] [DEBUG]          T:23.734100580215454 -- #8 topic levels is unsat
2024-10-15 15:38:04,378 [MainThread  ] [DEBUG]          T:162.93706011772156 -- No solution found.
2024-10-15 15:38:04,389 [MainThread  ] [INFO ]  Checking certificates:   floor1_badge_reader  ->  lambda_badge_check
2024-10-15 15:38:04,931 [MainThread  ] [INFO ]  Checking certificates:   floor1_badge_reader  ->  lambda_fire_alarm
2024-10-15 15:38:04,949 [MainThread  ] [INFO ]  Checking certificates:   floor1_badge_reader  ->  lambda_logger
2024-10-15 15:38:04,971 [MainThread  ] [INFO ]  Checking certificates:   floor1_badge_reader  ->  presenceSensor1
2024-10-15 15:38:04,990 [MainThread  ] [INFO ]  Checking certificates:   floor1_badge_reader  ->  presenceSensor2
2024-10-15 15:38:05,008 [MainThread  ] [INFO ]  Checking certificates:   floor2_badge_reader  ->  elevator
2024-10-15 15:38:05,028 [MainThread  ] [INFO ]  Checking certificates:   floor2_badge_reader  ->  floor1_fire_alarm
2024-10-15 15:38:05,046 [MainThread  ] [INFO ]  Checking certificates:   floor2_badge_reader  ->  floor2_fire_alarm
2024-10-15 15:38:05,063 [MainThread  ] [INFO ]  Checking certificates:   floor2_badge_reader  ->  floor1_fire_siren
2024-10-15 15:38:05,082 [MainThread  ] [INFO ]  Checking certificates:   floor2_badge_reader  ->  floor2_fire_siren
2024-10-15 15:38:05,101 [MainThread  ] [INFO ]  Checking certificates:   floor2_badge_reader  ->  floor1_water_pump
2024-10-15 15:38:05,119 [MainThread  ] [INFO ]  Checking certificates:   floor2_badge_reader  ->  floor2_water_pump
2024-10-15 15:38:05,137 [MainThread  ] [INFO ]  Checking certificates:   floor2_badge_reader  ->  floor1_badge_reader
2024-10-15 15:38:05,155 [MainThread  ] [INFO ]  Checking certificates:   floor2_badge_reader  ->  floor2_badge_reader
2024-10-15 15:38:05,173 [MainThread  ] [INFO ]  Checking certificates:   floor2_badge_reader  ->  floor1_door_lock
2024-10-15 15:38:05,192 [MainThread  ] [INFO ]  Checking certificates:   floor2_badge_reader  ->  floor2_door_lock
2024-10-15 15:38:05,213 [MainThread  ] [INFO ]  Checking certificates:   floor2_badge_reader  ->  floor1_smoke_sensor
2024-10-15 15:38:05,230 [MainThread  ] [INFO ]  Checking certificates:   floor2_badge_reader  ->  floor2_smoke_sensor
2024-10-15 15:38:05,248 [MainThread  ] [INFO ]  Checking certificates:   floor2_badge_reader  ->  floor1_light
2024-10-15 15:38:06,048 [MainThread  ] [DEBUG]  Solving floor2_badge_reader -> floor1_light requires hard solver:
2024-10-15 15:38:06,071 [MainThread  ] [DEBUG]          T:0.00904703140258789 -- #1 topic levels is unsat
2024-10-15 15:38:06,888 [MainThread  ] [DEBUG]          T:0.8051307201385498 -- #2 topic levels is unsat
2024-10-15 15:38:17,313 [MainThread  ] [DEBUG]          T:10.413066148757935 -- #3 topic levels is unsat
2024-10-15 15:38:30,363 [MainThread  ] [DEBUG]          T:13.034734964370728 -- #4 topic levels is unsat
2024-10-15 15:39:13,361 [MainThread  ] [DEBUG]          T:42.98331093788147 -- #5 topic levels is unsat
2024-10-15 15:39:42,542 [MainThread  ] [DEBUG]          T:29.167213201522827 -- #6 topic levels is unsat
2024-10-15 15:40:10,891 [MainThread  ] [DEBUG]          T:28.33206295967102 -- #7 topic levels is unsat
2024-10-15 15:41:13,021 [MainThread  ] [DEBUG]          T:62.11243176460266 -- #8 topic levels is unsat
2024-10-15 15:41:13,021 [MainThread  ] [DEBUG]          T:186.97304224967957 -- No solution found.
2024-10-15 15:41:13,036 [MainThread  ] [INFO ]  Checking certificates:   floor2_badge_reader  ->  floor2_light
2024-10-15 15:41:13,879 [MainThread  ] [DEBUG]  Solving floor2_badge_reader -> floor2_light requires hard solver:
2024-10-15 15:41:13,902 [MainThread  ] [DEBUG]          T:0.01280069351196289 -- #1 topic levels is unsat
2024-10-15 15:41:14,648 [MainThread  ] [DEBUG]          T:0.7328112125396729 -- #2 topic levels is unsat
2024-10-15 15:41:42,835 [MainThread  ] [DEBUG]          T:28.17484712600708 -- #3 topic levels is unsat
2024-10-15 15:42:04,022 [MainThread  ] [DEBUG]          T:21.17025589942932 -- #4 topic levels is unsat
2024-10-15 15:42:55,261 [MainThread  ] [DEBUG]          T:51.22205185890198 -- #5 topic levels is unsat
2024-10-15 15:43:32,494 [MainThread  ] [DEBUG]          T:37.21682262420654 -- #6 topic levels is unsat
2024-10-15 15:44:11,623 [MainThread  ] [DEBUG]          T:39.109705686569214 -- #7 topic levels is unsat
2024-10-15 15:45:30,034 [MainThread  ] [DEBUG]          T:78.39328241348267 -- #8 topic levels is unsat
2024-10-15 15:45:30,034 [MainThread  ] [DEBUG]          T:256.1559727191925 -- No solution found.
2024-10-15 15:45:30,046 [MainThread  ] [INFO ]  Checking certificates:   floor2_badge_reader  ->  lambda_badge_check
2024-10-15 15:45:30,753 [MainThread  ] [INFO ]  Checking certificates:   floor2_badge_reader  ->  lambda_fire_alarm
2024-10-15 15:45:30,775 [MainThread  ] [INFO ]  Checking certificates:   floor2_badge_reader  ->  lambda_logger
2024-10-15 15:45:30,797 [MainThread  ] [INFO ]  Checking certificates:   floor2_badge_reader  ->  presenceSensor1
2024-10-15 15:45:30,816 [MainThread  ] [INFO ]  Checking certificates:   floor2_badge_reader  ->  presenceSensor2
2024-10-15 15:45:30,835 [MainThread  ] [INFO ]  Checking certificates:   floor1_door_lock  ->  elevator
2024-10-15 15:45:30,855 [MainThread  ] [INFO ]  Checking certificates:   floor1_door_lock  ->  floor1_fire_alarm
2024-10-15 15:45:30,872 [MainThread  ] [INFO ]  Checking certificates:   floor1_door_lock  ->  floor2_fire_alarm
2024-10-15 15:45:30,889 [MainThread  ] [INFO ]  Checking certificates:   floor1_door_lock  ->  floor1_fire_siren
2024-10-15 15:45:30,909 [MainThread  ] [INFO ]  Checking certificates:   floor1_door_lock  ->  floor2_fire_siren
2024-10-15 15:45:30,928 [MainThread  ] [INFO ]  Checking certificates:   floor1_door_lock  ->  floor1_water_pump
2024-10-15 15:45:30,947 [MainThread  ] [INFO ]  Checking certificates:   floor1_door_lock  ->  floor2_water_pump
2024-10-15 15:45:30,965 [MainThread  ] [INFO ]  Checking certificates:   floor1_door_lock  ->  floor1_badge_reader
2024-10-15 15:45:30,984 [MainThread  ] [INFO ]  Checking certificates:   floor1_door_lock  ->  floor2_badge_reader
2024-10-15 15:45:31,000 [MainThread  ] [INFO ]  Checking certificates:   floor1_door_lock  ->  floor1_door_lock
2024-10-15 15:45:31,017 [MainThread  ] [INFO ]  Checking certificates:   floor1_door_lock  ->  floor2_door_lock
2024-10-15 15:45:31,040 [MainThread  ] [INFO ]  Checking certificates:   floor1_door_lock  ->  floor1_smoke_sensor
2024-10-15 15:45:31,056 [MainThread  ] [INFO ]  Checking certificates:   floor1_door_lock  ->  floor2_smoke_sensor
2024-10-15 15:45:31,072 [MainThread  ] [INFO ]  Checking certificates:   floor1_door_lock  ->  floor1_light
2024-10-15 15:45:31,309 [MainThread  ] [DEBUG]  Solving floor1_door_lock -> floor1_light requires hard solver:
2024-10-15 15:45:31,330 [MainThread  ] [DEBUG]          T:0.010037422180175781 -- #1 topic levels is unsat
2024-10-15 15:45:31,684 [MainThread  ] [DEBUG]          T:0.3425788879394531 -- #2 topic levels is unsat
2024-10-15 15:45:34,911 [MainThread  ] [DEBUG]          T:3.2131857872009277 -- #3 topic levels is unsat
2024-10-15 15:45:42,811 [MainThread  ] [DEBUG]          T:7.8877198696136475 -- #4 topic levels is unsat
2024-10-15 15:45:50,867 [MainThread  ] [DEBUG]          T:8.040776014328003 -- #5 topic levels is unsat
2024-10-15 15:46:07,106 [MainThread  ] [DEBUG]          T:16.223742246627808 -- #6 topic levels is unsat
2024-10-15 15:46:17,022 [MainThread  ] [DEBUG]          T:9.89916181564331 -- #7 topic levels is unsat
2024-10-15 15:46:26,079 [MainThread  ] [DEBUG]          T:9.039352416992188 -- #8 topic levels is unsat
2024-10-15 15:46:26,079 [MainThread  ] [DEBUG]          T:54.76914715766907 -- No solution found.
2024-10-15 15:46:26,081 [MainThread  ] [INFO ]  Checking certificates:   floor1_door_lock  ->  floor2_light
2024-10-15 15:46:26,292 [MainThread  ] [DEBUG]  Solving floor1_door_lock -> floor2_light requires hard solver:
2024-10-15 15:46:26,312 [MainThread  ] [DEBUG]          T:0.00980997085571289 -- #1 topic levels is unsat
2024-10-15 15:46:26,867 [MainThread  ] [DEBUG]          T:0.542616605758667 -- #2 topic levels is unsat
2024-10-15 15:46:30,614 [MainThread  ] [DEBUG]          T:3.7338905334472656 -- #3 topic levels is unsat
2024-10-15 15:46:37,854 [MainThread  ] [DEBUG]          T:7.22647500038147 -- #4 topic levels is unsat
2024-10-15 15:46:46,764 [MainThread  ] [DEBUG]          T:8.895121097564697 -- #5 topic levels is unsat
2024-10-15 15:46:59,238 [MainThread  ] [DEBUG]          T:12.45818018913269 -- #6 topic levels is unsat
2024-10-15 15:47:05,328 [MainThread  ] [DEBUG]          T:6.073862791061401 -- #7 topic levels is unsat
2024-10-15 15:47:09,759 [MainThread  ] [DEBUG]          T:4.4135143756866455 -- #8 topic levels is unsat
2024-10-15 15:47:09,759 [MainThread  ] [DEBUG]          T:43.46730399131775 -- No solution found.
2024-10-15 15:47:09,761 [MainThread  ] [INFO ]  Checking certificates:   floor1_door_lock  ->  lambda_badge_check
2024-10-15 15:47:09,783 [MainThread  ] [INFO ]  Checking certificates:   floor1_door_lock  ->  lambda_fire_alarm
2024-10-15 15:47:09,804 [MainThread  ] [INFO ]  Checking certificates:   floor1_door_lock  ->  lambda_logger
2024-10-15 15:47:09,955 [MainThread  ] [INFO ]  Checking certificates:   floor1_door_lock  ->  presenceSensor1
2024-10-15 15:47:10,043 [MainThread  ] [INFO ]  Checking certificates:   floor1_door_lock  ->  presenceSensor2
2024-10-15 15:47:10,060 [MainThread  ] [INFO ]  Checking certificates:   floor2_door_lock  ->  elevator
2024-10-15 15:47:10,078 [MainThread  ] [INFO ]  Checking certificates:   floor2_door_lock  ->  floor1_fire_alarm
2024-10-15 15:47:10,095 [MainThread  ] [INFO ]  Checking certificates:   floor2_door_lock  ->  floor2_fire_alarm
2024-10-15 15:47:10,112 [MainThread  ] [INFO ]  Checking certificates:   floor2_door_lock  ->  floor1_fire_siren
2024-10-15 15:47:10,129 [MainThread  ] [INFO ]  Checking certificates:   floor2_door_lock  ->  floor2_fire_siren
2024-10-15 15:47:10,146 [MainThread  ] [INFO ]  Checking certificates:   floor2_door_lock  ->  floor1_water_pump
2024-10-15 15:47:10,165 [MainThread  ] [INFO ]  Checking certificates:   floor2_door_lock  ->  floor2_water_pump
2024-10-15 15:47:10,182 [MainThread  ] [INFO ]  Checking certificates:   floor2_door_lock  ->  floor1_badge_reader
2024-10-15 15:47:10,199 [MainThread  ] [INFO ]  Checking certificates:   floor2_door_lock  ->  floor2_badge_reader
2024-10-15 15:47:10,216 [MainThread  ] [INFO ]  Checking certificates:   floor2_door_lock  ->  floor1_door_lock
2024-10-15 15:47:10,235 [MainThread  ] [INFO ]  Checking certificates:   floor2_door_lock  ->  floor2_door_lock
2024-10-15 15:47:10,253 [MainThread  ] [INFO ]  Checking certificates:   floor2_door_lock  ->  floor1_smoke_sensor
2024-10-15 15:47:10,271 [MainThread  ] [INFO ]  Checking certificates:   floor2_door_lock  ->  floor2_smoke_sensor
2024-10-15 15:47:10,288 [MainThread  ] [INFO ]  Checking certificates:   floor2_door_lock  ->  floor1_light
2024-10-15 15:47:10,482 [MainThread  ] [DEBUG]  Solving floor2_door_lock -> floor1_light requires hard solver:
2024-10-15 15:47:10,500 [MainThread  ] [DEBUG]          T:0.008010149002075195 -- #1 topic levels is unsat
2024-10-15 15:47:10,852 [MainThread  ] [DEBUG]          T:0.3411409854888916 -- #2 topic levels is unsat
2024-10-15 15:47:14,975 [MainThread  ] [DEBUG]          T:4.110877513885498 -- #3 topic levels is unsat
2024-10-15 15:47:22,467 [MainThread  ] [DEBUG]          T:7.478416919708252 -- #4 topic levels is unsat
2024-10-15 15:47:29,003 [MainThread  ] [DEBUG]          T:6.522285223007202 -- #5 topic levels is unsat
2024-10-15 15:47:40,191 [MainThread  ] [DEBUG]          T:11.174206972122192 -- #6 topic levels is unsat
2024-10-15 15:47:42,487 [MainThread  ] [DEBUG]          T:2.2801449298858643 -- #7 topic levels is unsat
2024-10-15 15:47:47,131 [MainThread  ] [DEBUG]          T:4.627523422241211 -- #8 topic levels is unsat
2024-10-15 15:47:47,132 [MainThread  ] [DEBUG]          T:36.649771213531494 -- No solution found.
2024-10-15 15:47:47,134 [MainThread  ] [INFO ]  Checking certificates:   floor2_door_lock  ->  floor2_light
2024-10-15 15:47:47,348 [MainThread  ] [DEBUG]  Solving floor2_door_lock -> floor2_light requires hard solver:
2024-10-15 15:47:47,367 [MainThread  ] [DEBUG]          T:0.008481264114379883 -- #1 topic levels is unsat
2024-10-15 15:47:47,796 [MainThread  ] [DEBUG]          T:0.41730761528015137 -- #2 topic levels is unsat
2024-10-15 15:47:52,022 [MainThread  ] [DEBUG]          T:4.212592840194702 -- #3 topic levels is unsat
2024-10-15 15:47:58,897 [MainThread  ] [DEBUG]          T:6.863247632980347 -- #4 topic levels is unsat
2024-10-15 15:48:08,045 [MainThread  ] [DEBUG]          T:9.134203433990479 -- #5 topic levels is unsat
2024-10-15 15:48:16,880 [MainThread  ] [DEBUG]          T:8.820407152175903 -- #6 topic levels is unsat
2024-10-15 15:48:20,622 [MainThread  ] [DEBUG]          T:3.727254867553711 -- #7 topic levels is unsat
2024-10-15 15:48:28,132 [MainThread  ] [DEBUG]          T:7.49174427986145 -- #8 topic levels is unsat
2024-10-15 15:48:28,132 [MainThread  ] [DEBUG]          T:40.78362703323364 -- No solution found.
2024-10-15 15:48:28,133 [MainThread  ] [INFO ]  Checking certificates:   floor2_door_lock  ->  lambda_badge_check
2024-10-15 15:48:28,153 [MainThread  ] [INFO ]  Checking certificates:   floor2_door_lock  ->  lambda_fire_alarm
2024-10-15 15:48:28,174 [MainThread  ] [INFO ]  Checking certificates:   floor2_door_lock  ->  lambda_logger
2024-10-15 15:48:28,326 [MainThread  ] [INFO ]  Checking certificates:   floor2_door_lock  ->  presenceSensor1
2024-10-15 15:48:28,343 [MainThread  ] [INFO ]  Checking certificates:   floor2_door_lock  ->  presenceSensor2
2024-10-15 15:48:28,432 [MainThread  ] [INFO ]  Checking certificates:   floor1_smoke_sensor  ->  elevator
2024-10-15 15:48:28,448 [MainThread  ] [INFO ]  Checking certificates:   floor1_smoke_sensor  ->  floor1_fire_alarm
2024-10-15 15:48:28,466 [MainThread  ] [INFO ]  Checking certificates:   floor1_smoke_sensor  ->  floor2_fire_alarm
2024-10-15 15:48:28,483 [MainThread  ] [INFO ]  Checking certificates:   floor1_smoke_sensor  ->  floor1_fire_siren
2024-10-15 15:48:28,501 [MainThread  ] [INFO ]  Checking certificates:   floor1_smoke_sensor  ->  floor2_fire_siren
2024-10-15 15:48:28,519 [MainThread  ] [INFO ]  Checking certificates:   floor1_smoke_sensor  ->  floor1_water_pump
2024-10-15 15:48:28,537 [MainThread  ] [INFO ]  Checking certificates:   floor1_smoke_sensor  ->  floor2_water_pump
2024-10-15 15:48:28,555 [MainThread  ] [INFO ]  Checking certificates:   floor1_smoke_sensor  ->  floor1_badge_reader
2024-10-15 15:48:28,573 [MainThread  ] [INFO ]  Checking certificates:   floor1_smoke_sensor  ->  floor2_badge_reader
2024-10-15 15:48:28,590 [MainThread  ] [INFO ]  Checking certificates:   floor1_smoke_sensor  ->  floor1_door_lock
2024-10-15 15:48:28,610 [MainThread  ] [INFO ]  Checking certificates:   floor1_smoke_sensor  ->  floor2_door_lock
2024-10-15 15:48:28,628 [MainThread  ] [INFO ]  Checking certificates:   floor1_smoke_sensor  ->  floor1_smoke_sensor
2024-10-15 15:48:28,645 [MainThread  ] [INFO ]  Checking certificates:   floor1_smoke_sensor  ->  floor2_smoke_sensor
2024-10-15 15:48:28,662 [MainThread  ] [INFO ]  Checking certificates:   floor1_smoke_sensor  ->  floor1_light
2024-10-15 15:48:28,824 [MainThread  ] [DEBUG]  Solving floor1_smoke_sensor -> floor1_light requires hard solver:
2024-10-15 15:48:28,842 [MainThread  ] [DEBUG]          T:0.007498741149902344 -- #1 topic levels is unsat
2024-10-15 15:48:28,951 [MainThread  ] [DEBUG]          T:0.0973656177520752 -- #2 topic levels is unsat
2024-10-15 15:48:29,107 [MainThread  ] [DEBUG]          T:0.14439630508422852 -- #3 topic levels is unsat
2024-10-15 15:48:29,248 [MainThread  ] [DEBUG]          T:0.12801814079284668 -- #4 topic levels is unsat
2024-10-15 15:48:29,410 [MainThread  ] [DEBUG]          T:0.14809918403625488 -- #5 topic levels is unsat
2024-10-15 15:48:29,574 [MainThread  ] [DEBUG]          T:0.1499006748199463 -- #6 topic levels is unsat
2024-10-15 15:48:29,752 [MainThread  ] [DEBUG]          T:0.16171598434448242 -- #7 topic levels is unsat
2024-10-15 15:48:29,966 [MainThread  ] [DEBUG]          T:0.19837331771850586 -- #8 topic levels is unsat
2024-10-15 15:48:29,966 [MainThread  ] [DEBUG]          T:1.142232894897461 -- No solution found.
2024-10-15 15:48:29,969 [MainThread  ] [INFO ]  Checking certificates:   floor1_smoke_sensor  ->  floor2_light
2024-10-15 15:48:30,142 [MainThread  ] [DEBUG]  Solving floor1_smoke_sensor -> floor2_light requires hard solver:
2024-10-15 15:48:30,159 [MainThread  ] [DEBUG]          T:0.008554220199584961 -- #1 topic levels is unsat
2024-10-15 15:48:30,274 [MainThread  ] [DEBUG]          T:0.10341739654541016 -- #2 topic levels is unsat
2024-10-15 15:48:30,423 [MainThread  ] [DEBUG]          T:0.13645672798156738 -- #3 topic levels is unsat
2024-10-15 15:48:30,573 [MainThread  ] [DEBUG]          T:0.1370840072631836 -- #4 topic levels is unsat
2024-10-15 15:48:30,711 [MainThread  ] [DEBUG]          T:0.12486076354980469 -- #5 topic levels is unsat
2024-10-15 15:48:30,892 [MainThread  ] [DEBUG]          T:0.164886474609375 -- #6 topic levels is unsat
2024-10-15 15:48:31,157 [MainThread  ] [DEBUG]          T:0.24915337562561035 -- #7 topic levels is unsat
2024-10-15 15:48:31,353 [MainThread  ] [DEBUG]          T:0.17983746528625488 -- #8 topic levels is unsat
2024-10-15 15:48:31,354 [MainThread  ] [DEBUG]          T:1.2117822170257568 -- No solution found.
2024-10-15 15:48:31,356 [MainThread  ] [INFO ]  Checking certificates:   floor1_smoke_sensor  ->  lambda_badge_check
2024-10-15 15:48:31,376 [MainThread  ] [INFO ]  Checking certificates:   floor1_smoke_sensor  ->  lambda_fire_alarm
2024-10-15 15:48:31,507 [MainThread  ] [INFO ]  Checking certificates:   floor1_smoke_sensor  ->  lambda_logger
2024-10-15 15:48:31,524 [MainThread  ] [INFO ]  Checking certificates:   floor1_smoke_sensor  ->  presenceSensor1
2024-10-15 15:48:31,540 [MainThread  ] [INFO ]  Checking certificates:   floor1_smoke_sensor  ->  presenceSensor2
2024-10-15 15:48:31,557 [MainThread  ] [INFO ]  Checking certificates:   floor2_smoke_sensor  ->  elevator
2024-10-15 15:48:31,574 [MainThread  ] [INFO ]  Checking certificates:   floor2_smoke_sensor  ->  floor1_fire_alarm
2024-10-15 15:48:31,589 [MainThread  ] [INFO ]  Checking certificates:   floor2_smoke_sensor  ->  floor2_fire_alarm
2024-10-15 15:48:31,605 [MainThread  ] [INFO ]  Checking certificates:   floor2_smoke_sensor  ->  floor1_fire_siren
2024-10-15 15:48:31,621 [MainThread  ] [INFO ]  Checking certificates:   floor2_smoke_sensor  ->  floor2_fire_siren
2024-10-15 15:48:31,638 [MainThread  ] [INFO ]  Checking certificates:   floor2_smoke_sensor  ->  floor1_water_pump
2024-10-15 15:48:31,655 [MainThread  ] [INFO ]  Checking certificates:   floor2_smoke_sensor  ->  floor2_water_pump
2024-10-15 15:48:31,672 [MainThread  ] [INFO ]  Checking certificates:   floor2_smoke_sensor  ->  floor1_badge_reader
2024-10-15 15:48:31,688 [MainThread  ] [INFO ]  Checking certificates:   floor2_smoke_sensor  ->  floor2_badge_reader
2024-10-15 15:48:31,704 [MainThread  ] [INFO ]  Checking certificates:   floor2_smoke_sensor  ->  floor1_door_lock
2024-10-15 15:48:31,724 [MainThread  ] [INFO ]  Checking certificates:   floor2_smoke_sensor  ->  floor2_door_lock
2024-10-15 15:48:31,742 [MainThread  ] [INFO ]  Checking certificates:   floor2_smoke_sensor  ->  floor1_smoke_sensor
2024-10-15 15:48:31,758 [MainThread  ] [INFO ]  Checking certificates:   floor2_smoke_sensor  ->  floor2_smoke_sensor
2024-10-15 15:48:31,774 [MainThread  ] [INFO ]  Checking certificates:   floor2_smoke_sensor  ->  floor1_light
2024-10-15 15:48:31,933 [MainThread  ] [DEBUG]  Solving floor2_smoke_sensor -> floor1_light requires hard solver:
2024-10-15 15:48:31,950 [MainThread  ] [DEBUG]          T:0.007019758224487305 -- #1 topic levels is unsat
2024-10-15 15:48:32,067 [MainThread  ] [DEBUG]          T:0.10701227188110352 -- #2 topic levels is unsat
2024-10-15 15:48:32,205 [MainThread  ] [DEBUG]          T:0.12685060501098633 -- #3 topic levels is unsat
2024-10-15 15:48:32,351 [MainThread  ] [DEBUG]          T:0.13292288780212402 -- #4 topic levels is unsat
2024-10-15 15:48:32,491 [MainThread  ] [DEBUG]          T:0.12760114669799805 -- #5 topic levels is unsat
2024-10-15 15:48:33,630 [MainThread  ] [DEBUG]          T:1.124812126159668 -- #6 topic levels is unsat
2024-10-15 15:48:35,439 [MainThread  ] [DEBUG]          T:1.7944526672363281 -- #7 topic levels is unsat
2024-10-15 15:48:35,672 [MainThread  ] [DEBUG]          T:0.2160325050354004 -- #8 topic levels is unsat
2024-10-15 15:48:35,673 [MainThread  ] [DEBUG]          T:3.739694356918335 -- No solution found.
2024-10-15 15:48:35,674 [MainThread  ] [INFO ]  Checking certificates:   floor2_smoke_sensor  ->  floor2_light
2024-10-15 15:48:35,825 [MainThread  ] [DEBUG]  Solving floor2_smoke_sensor -> floor2_light requires hard solver:
2024-10-15 15:48:35,843 [MainThread  ] [DEBUG]          T:0.007991790771484375 -- #1 topic levels is unsat
2024-10-15 15:48:35,959 [MainThread  ] [DEBUG]          T:0.10495376586914062 -- #2 topic levels is unsat
2024-10-15 15:48:36,136 [MainThread  ] [DEBUG]          T:0.1647181510925293 -- #3 topic levels is unsat
2024-10-15 15:48:36,289 [MainThread  ] [DEBUG]          T:0.1424417495727539 -- #4 topic levels is unsat
2024-10-15 15:48:36,466 [MainThread  ] [DEBUG]          T:0.16379165649414062 -- #5 topic levels is unsat
2024-10-15 15:48:36,627 [MainThread  ] [DEBUG]          T:0.1479482650756836 -- #6 topic levels is unsat
2024-10-15 15:48:36,801 [MainThread  ] [DEBUG]          T:0.15890717506408691 -- #7 topic levels is unsat
2024-10-15 15:48:37,009 [MainThread  ] [DEBUG]          T:0.19226932525634766 -- #8 topic levels is unsat
2024-10-15 15:48:37,009 [MainThread  ] [DEBUG]          T:1.1836912631988525 -- No solution found.
2024-10-15 15:48:37,010 [MainThread  ] [INFO ]  Checking certificates:   floor2_smoke_sensor  ->  lambda_badge_check
2024-10-15 15:48:37,028 [MainThread  ] [INFO ]  Checking certificates:   floor2_smoke_sensor  ->  lambda_fire_alarm
2024-10-15 15:48:37,153 [MainThread  ] [INFO ]  Checking certificates:   floor2_smoke_sensor  ->  lambda_logger
2024-10-15 15:48:37,170 [MainThread  ] [INFO ]  Checking certificates:   floor2_smoke_sensor  ->  presenceSensor1
2024-10-15 15:48:37,187 [MainThread  ] [INFO ]  Checking certificates:   floor2_smoke_sensor  ->  presenceSensor2
2024-10-15 15:48:37,202 [MainThread  ] [INFO ]  Checking certificates:   floor1_light  ->  elevator
2024-10-15 15:48:37,219 [MainThread  ] [INFO ]  Checking certificates:   floor1_light  ->  floor1_fire_alarm
2024-10-15 15:48:37,234 [MainThread  ] [INFO ]  Checking certificates:   floor1_light  ->  floor2_fire_alarm
2024-10-15 15:48:37,248 [MainThread  ] [INFO ]  Checking certificates:   floor1_light  ->  floor1_fire_siren
2024-10-15 15:48:37,263 [MainThread  ] [INFO ]  Checking certificates:   floor1_light  ->  floor2_fire_siren
2024-10-15 15:48:37,282 [MainThread  ] [INFO ]  Checking certificates:   floor1_light  ->  floor1_water_pump
2024-10-15 15:48:37,297 [MainThread  ] [INFO ]  Checking certificates:   floor1_light  ->  floor2_water_pump
2024-10-15 15:48:37,312 [MainThread  ] [INFO ]  Checking certificates:   floor1_light  ->  floor1_badge_reader
2024-10-15 15:48:37,328 [MainThread  ] [INFO ]  Checking certificates:   floor1_light  ->  floor2_badge_reader
2024-10-15 15:48:37,344 [MainThread  ] [INFO ]  Checking certificates:   floor1_light  ->  floor1_door_lock
2024-10-15 15:48:37,359 [MainThread  ] [INFO ]  Checking certificates:   floor1_light  ->  floor2_door_lock
2024-10-15 15:48:37,375 [MainThread  ] [INFO ]  Checking certificates:   floor1_light  ->  floor1_smoke_sensor
2024-10-15 15:48:37,392 [MainThread  ] [INFO ]  Checking certificates:   floor1_light  ->  floor2_smoke_sensor
2024-10-15 15:48:37,412 [MainThread  ] [INFO ]  Checking certificates:   floor1_light  ->  floor1_light
2024-10-15 15:48:37,431 [MainThread  ] [INFO ]  Checking certificates:   floor1_light  ->  floor2_light
2024-10-15 15:48:37,447 [MainThread  ] [INFO ]  Checking certificates:   floor1_light  ->  lambda_badge_check
2024-10-15 15:48:37,463 [MainThread  ] [INFO ]  Checking certificates:   floor1_light  ->  lambda_fire_alarm
2024-10-15 15:48:37,478 [MainThread  ] [INFO ]  Checking certificates:   floor1_light  ->  lambda_logger
2024-10-15 15:48:37,494 [MainThread  ] [INFO ]  Checking certificates:   floor1_light  ->  presenceSensor1
2024-10-15 15:48:37,509 [MainThread  ] [INFO ]  Checking certificates:   floor1_light  ->  presenceSensor2
2024-10-15 15:48:37,524 [MainThread  ] [INFO ]  Checking certificates:   floor2_light  ->  elevator
2024-10-15 15:48:37,540 [MainThread  ] [INFO ]  Checking certificates:   floor2_light  ->  floor1_fire_alarm
2024-10-15 15:48:37,555 [MainThread  ] [INFO ]  Checking certificates:   floor2_light  ->  floor2_fire_alarm
2024-10-15 15:48:37,570 [MainThread  ] [INFO ]  Checking certificates:   floor2_light  ->  floor1_fire_siren
2024-10-15 15:48:37,592 [MainThread  ] [INFO ]  Checking certificates:   floor2_light  ->  floor2_fire_siren
2024-10-15 15:48:37,608 [MainThread  ] [INFO ]  Checking certificates:   floor2_light  ->  floor1_water_pump
2024-10-15 15:48:37,623 [MainThread  ] [INFO ]  Checking certificates:   floor2_light  ->  floor2_water_pump
2024-10-15 15:48:37,639 [MainThread  ] [INFO ]  Checking certificates:   floor2_light  ->  floor1_badge_reader
2024-10-15 15:48:37,654 [MainThread  ] [INFO ]  Checking certificates:   floor2_light  ->  floor2_badge_reader
2024-10-15 15:48:37,669 [MainThread  ] [INFO ]  Checking certificates:   floor2_light  ->  floor1_door_lock
2024-10-15 15:48:37,684 [MainThread  ] [INFO ]  Checking certificates:   floor2_light  ->  floor2_door_lock
2024-10-15 15:48:37,702 [MainThread  ] [INFO ]  Checking certificates:   floor2_light  ->  floor1_smoke_sensor
2024-10-15 15:48:37,717 [MainThread  ] [INFO ]  Checking certificates:   floor2_light  ->  floor2_smoke_sensor
2024-10-15 15:48:37,732 [MainThread  ] [INFO ]  Checking certificates:   floor2_light  ->  floor1_light
2024-10-15 15:48:37,746 [MainThread  ] [INFO ]  Checking certificates:   floor2_light  ->  floor2_light
2024-10-15 15:48:37,762 [MainThread  ] [INFO ]  Checking certificates:   floor2_light  ->  lambda_badge_check
2024-10-15 15:48:37,777 [MainThread  ] [INFO ]  Checking certificates:   floor2_light  ->  lambda_fire_alarm
2024-10-15 15:48:37,792 [MainThread  ] [INFO ]  Checking certificates:   floor2_light  ->  lambda_logger
2024-10-15 15:48:37,810 [MainThread  ] [INFO ]  Checking certificates:   floor2_light  ->  presenceSensor1
2024-10-15 15:48:37,826 [MainThread  ] [INFO ]  Checking certificates:   floor2_light  ->  presenceSensor2
2024-10-15 15:48:37,841 [MainThread  ] [INFO ]  Checking certificates:   lambda_badge_check  ->  elevator
2024-10-15 15:48:37,859 [MainThread  ] [INFO ]  Checking certificates:   lambda_badge_check  ->  floor1_fire_alarm
2024-10-15 15:48:37,875 [MainThread  ] [INFO ]  Checking certificates:   lambda_badge_check  ->  floor2_fire_alarm
2024-10-15 15:48:37,891 [MainThread  ] [INFO ]  Checking certificates:   lambda_badge_check  ->  floor1_fire_siren
2024-10-15 15:48:37,908 [MainThread  ] [INFO ]  Checking certificates:   lambda_badge_check  ->  floor2_fire_siren
2024-10-15 15:48:37,925 [MainThread  ] [INFO ]  Checking certificates:   lambda_badge_check  ->  floor1_water_pump
2024-10-15 15:48:37,945 [MainThread  ] [INFO ]  Checking certificates:   lambda_badge_check  ->  floor2_water_pump
2024-10-15 15:48:37,961 [MainThread  ] [INFO ]  Checking certificates:   lambda_badge_check  ->  floor1_badge_reader
2024-10-15 15:48:37,977 [MainThread  ] [INFO ]  Checking certificates:   lambda_badge_check  ->  floor2_badge_reader
2024-10-15 15:48:37,994 [MainThread  ] [INFO ]  Checking certificates:   lambda_badge_check  ->  floor1_door_lock
2024-10-15 15:48:39,486 [MainThread  ] [INFO ]  Checking certificates:   lambda_badge_check  ->  floor2_door_lock
2024-10-15 15:48:40,795 [MainThread  ] [INFO ]  Checking certificates:   lambda_badge_check  ->  floor1_smoke_sensor
2024-10-15 15:48:40,812 [MainThread  ] [INFO ]  Checking certificates:   lambda_badge_check  ->  floor2_smoke_sensor
2024-10-15 15:48:40,828 [MainThread  ] [INFO ]  Checking certificates:   lambda_badge_check  ->  floor1_light
2024-10-15 15:48:43,415 [MainThread  ] [DEBUG]  Solving lambda_badge_check -> floor1_light requires hard solver:
2024-10-15 15:48:43,457 [MainThread  ] [DEBUG]          T:0.031978607177734375 -- #1 topic levels is unsat
2024-10-15 15:48:45,406 [MainThread  ] [DEBUG]          T:1.9368884563446045 -- #2 topic levels is unsat
2024-10-15 15:49:18,763 [MainThread  ] [DEBUG]          T:33.34626746177673 -- #3 topic levels is unsat
2024-10-15 15:50:05,334 [MainThread  ] [DEBUG]          T:46.55879759788513 -- #4 topic levels is unsat
2024-10-15 15:50:51,249 [MainThread  ] [DEBUG]          T:45.900792360305786 -- #5 topic levels is unsat
2024-10-15 15:52:54,038 [MainThread  ] [DEBUG]          T:122.77346205711365 -- #6 topic levels is unsat
2024-10-15 15:54:14,671 [MainThread  ] [DEBUG]          T:80.617600440979 -- #7 topic levels is unsat
2024-10-15 15:57:00,385 [MainThread  ] [DEBUG]          T:165.69664096832275 -- #8 topic levels is unsat
2024-10-15 15:57:00,385 [MainThread  ] [DEBUG]          T:496.97001791000366 -- No solution found.
2024-10-15 15:57:00,398 [MainThread  ] [INFO ]  Checking certificates:   lambda_badge_check  ->  floor2_light
2024-10-15 15:57:02,658 [MainThread  ] [DEBUG]  Solving lambda_badge_check -> floor2_light requires hard solver:
2024-10-15 15:57:02,719 [MainThread  ] [DEBUG]          T:0.049964189529418945 -- #1 topic levels is unsat
2024-10-15 15:57:04,958 [MainThread  ] [DEBUG]          T:2.2267348766326904 -- #2 topic levels is unsat
2024-10-15 15:57:20,517 [MainThread  ] [DEBUG]          T:15.545799732208252 -- #3 topic levels is unsat
2024-10-15 15:58:06,220 [MainThread  ] [DEBUG]          T:45.688188314437866 -- #4 topic levels is unsat
2024-10-15 15:59:49,196 [MainThread  ] [DEBUG]          T:102.95893692970276 -- #5 topic levels is unsat
2024-10-15 16:03:31,379 [MainThread  ] [DEBUG]          T:222.16703867912292 -- #6 topic levels is unsat
2024-10-15 16:09:08,069 [MainThread  ] [DEBUG]          T:336.66892552375793 -- #7 topic levels is unsat
2024-10-15 16:13:12,685 [MainThread  ] [DEBUG]          T:244.5937099456787 -- #8 topic levels is unsat
2024-10-15 16:13:12,685 [MainThread  ] [DEBUG]          T:970.0267202854156 -- No solution found.
2024-10-15 16:13:12,704 [MainThread  ] [INFO ]  Checking certificates:   lambda_badge_check  ->  lambda_badge_check
2024-10-15 16:13:12,789 [MainThread  ] [INFO ]  Checking certificates:   lambda_badge_check  ->  lambda_fire_alarm
2024-10-15 16:13:12,816 [MainThread  ] [INFO ]  Checking certificates:   lambda_badge_check  ->  lambda_logger
2024-10-15 16:13:13,018 [MainThread  ] [INFO ]  Checking certificates:   lambda_badge_check  ->  presenceSensor1
2024-10-15 16:13:13,042 [MainThread  ] [INFO ]  Checking certificates:   lambda_badge_check  ->  presenceSensor2
2024-10-15 16:13:13,066 [MainThread  ] [INFO ]  Checking certificates:   lambda_fire_alarm  ->  elevator
2024-10-15 16:13:13,127 [MainThread  ] [INFO ]  Checking certificates:   lambda_fire_alarm  ->  floor1_fire_alarm
2024-10-15 16:13:13,145 [MainThread  ] [INFO ]  Checking certificates:   lambda_fire_alarm  ->  floor2_fire_alarm
2024-10-15 16:13:13,164 [MainThread  ] [INFO ]  Checking certificates:   lambda_fire_alarm  ->  floor1_fire_siren
2024-10-15 16:13:13,218 [MainThread  ] [INFO ]  Checking certificates:   lambda_fire_alarm  ->  floor2_fire_siren
2024-10-15 16:13:13,270 [MainThread  ] [INFO ]  Checking certificates:   lambda_fire_alarm  ->  floor1_water_pump
2024-10-15 16:13:13,321 [MainThread  ] [INFO ]  Checking certificates:   lambda_fire_alarm  ->  floor2_water_pump
2024-10-15 16:13:13,370 [MainThread  ] [INFO ]  Checking certificates:   lambda_fire_alarm  ->  floor1_badge_reader
2024-10-15 16:13:13,387 [MainThread  ] [INFO ]  Checking certificates:   lambda_fire_alarm  ->  floor2_badge_reader
2024-10-15 16:13:13,403 [MainThread  ] [INFO ]  Checking certificates:   lambda_fire_alarm  ->  floor1_door_lock
2024-10-15 16:13:13,506 [MainThread  ] [INFO ]  Checking certificates:   lambda_fire_alarm  ->  floor2_door_lock
2024-10-15 16:13:13,595 [MainThread  ] [INFO ]  Checking certificates:   lambda_fire_alarm  ->  floor1_smoke_sensor
2024-10-15 16:13:13,613 [MainThread  ] [INFO ]  Checking certificates:   lambda_fire_alarm  ->  floor2_smoke_sensor
2024-10-15 16:13:13,636 [MainThread  ] [INFO ]  Checking certificates:   lambda_fire_alarm  ->  floor1_light
2024-10-15 16:13:13,951 [MainThread  ] [DEBUG]  Solving lambda_fire_alarm -> floor1_light requires hard solver:
2024-10-15 16:13:13,969 [MainThread  ] [DEBUG]          T:0.008011102676391602 -- #1 topic levels is unsat
2024-10-15 16:13:14,086 [MainThread  ] [DEBUG]          T:0.1050567626953125 -- #2 topic levels is unsat
2024-10-15 16:13:14,186 [MainThread  ] [DEBUG]          T:0.08695507049560547 -- #3 topic levels is unsat
2024-10-15 16:13:14,208 [MainThread  ] [DEBUG]          T:0.007007122039794922 -- #4 topic levels is unsat
2024-10-15 16:13:14,231 [MainThread  ] [DEBUG]          T:0.008171558380126953 -- #5 topic levels is unsat
2024-10-15 16:13:14,254 [MainThread  ] [DEBUG]          T:0.007649898529052734 -- #6 topic levels is unsat
2024-10-15 16:13:14,278 [MainThread  ] [DEBUG]          T:0.006627082824707031 -- #7 topic levels is unsat
2024-10-15 16:13:14,302 [MainThread  ] [DEBUG]          T:0.0076100826263427734 -- #8 topic levels is unsat
2024-10-15 16:13:14,302 [MainThread  ] [DEBUG]          T:0.35186195373535156 -- No solution found.
2024-10-15 16:13:14,305 [MainThread  ] [INFO ]  Checking certificates:   lambda_fire_alarm  ->  floor2_light
2024-10-15 16:13:14,513 [MainThread  ] [DEBUG]  Solving lambda_fire_alarm -> floor2_light requires hard solver:
2024-10-15 16:13:14,533 [MainThread  ] [DEBUG]          T:0.008520126342773438 -- #1 topic levels is unsat
2024-10-15 16:13:14,695 [MainThread  ] [DEBUG]          T:0.15124106407165527 -- #2 topic levels is unsat
2024-10-15 16:13:14,812 [MainThread  ] [DEBUG]          T:0.10433030128479004 -- #3 topic levels is unsat
2024-10-15 16:13:14,830 [MainThread  ] [DEBUG]          T:0.0069811344146728516 -- #4 topic levels is unsat
2024-10-15 16:13:14,854 [MainThread  ] [DEBUG]          T:0.006640434265136719 -- #5 topic levels is unsat
2024-10-15 16:13:14,877 [MainThread  ] [DEBUG]          T:0.0076596736907958984 -- #6 topic levels is unsat
2024-10-15 16:13:14,899 [MainThread  ] [DEBUG]          T:0.007681608200073242 -- #7 topic levels is unsat
2024-10-15 16:13:14,922 [MainThread  ] [DEBUG]          T:0.0066280364990234375 -- #8 topic levels is unsat
2024-10-15 16:13:14,922 [MainThread  ] [DEBUG]          T:0.4085428714752197 -- No solution found.
2024-10-15 16:13:14,924 [MainThread  ] [INFO ]  Checking certificates:   lambda_fire_alarm  ->  lambda_badge_check
2024-10-15 16:13:14,948 [MainThread  ] [INFO ]  Checking certificates:   lambda_fire_alarm  ->  lambda_fire_alarm
2024-10-15 16:13:14,969 [MainThread  ] [INFO ]  Checking certificates:   lambda_fire_alarm  ->  lambda_logger
2024-10-15 16:13:14,988 [MainThread  ] [INFO ]  Checking certificates:   lambda_fire_alarm  ->  presenceSensor1
2024-10-15 16:13:15,007 [MainThread  ] [INFO ]  Checking certificates:   lambda_fire_alarm  ->  presenceSensor2
2024-10-15 16:13:15,028 [MainThread  ] [INFO ]  Checking certificates:   lambda_logger  ->  elevator
2024-10-15 16:13:15,048 [MainThread  ] [INFO ]  Checking certificates:   lambda_logger  ->  floor1_fire_alarm
2024-10-15 16:13:15,067 [MainThread  ] [INFO ]  Checking certificates:   lambda_logger  ->  floor2_fire_alarm
2024-10-15 16:13:15,087 [MainThread  ] [INFO ]  Checking certificates:   lambda_logger  ->  floor1_fire_siren
2024-10-15 16:13:15,106 [MainThread  ] [INFO ]  Checking certificates:   lambda_logger  ->  floor2_fire_siren
2024-10-15 16:13:15,128 [MainThread  ] [INFO ]  Checking certificates:   lambda_logger  ->  floor1_water_pump
2024-10-15 16:13:15,148 [MainThread  ] [INFO ]  Checking certificates:   lambda_logger  ->  floor2_water_pump
2024-10-15 16:13:15,167 [MainThread  ] [INFO ]  Checking certificates:   lambda_logger  ->  floor1_badge_reader
2024-10-15 16:13:15,187 [MainThread  ] [INFO ]  Checking certificates:   lambda_logger  ->  floor2_badge_reader
2024-10-15 16:13:15,210 [MainThread  ] [INFO ]  Checking certificates:   lambda_logger  ->  floor1_door_lock
2024-10-15 16:13:15,230 [MainThread  ] [INFO ]  Checking certificates:   lambda_logger  ->  floor2_door_lock
2024-10-15 16:13:15,253 [MainThread  ] [INFO ]  Checking certificates:   lambda_logger  ->  floor1_smoke_sensor
2024-10-15 16:13:15,277 [MainThread  ] [INFO ]  Checking certificates:   lambda_logger  ->  floor2_smoke_sensor
2024-10-15 16:13:15,296 [MainThread  ] [INFO ]  Checking certificates:   lambda_logger  ->  floor1_light
2024-10-15 16:13:15,316 [MainThread  ] [INFO ]  Checking certificates:   lambda_logger  ->  floor2_light
2024-10-15 16:13:15,334 [MainThread  ] [INFO ]  Checking certificates:   lambda_logger  ->  lambda_badge_check
2024-10-15 16:13:15,353 [MainThread  ] [INFO ]  Checking certificates:   lambda_logger  ->  lambda_fire_alarm
2024-10-15 16:13:15,372 [MainThread  ] [INFO ]  Checking certificates:   lambda_logger  ->  lambda_logger
2024-10-15 16:13:15,392 [MainThread  ] [INFO ]  Checking certificates:   lambda_logger  ->  presenceSensor1
2024-10-15 16:13:15,410 [MainThread  ] [INFO ]  Checking certificates:   lambda_logger  ->  presenceSensor2
2024-10-15 16:13:15,428 [MainThread  ] [INFO ]  Checking certificates:   presenceSensor1  ->  elevator
2024-10-15 16:13:15,447 [MainThread  ] [INFO ]  Checking certificates:   presenceSensor1  ->  floor1_fire_alarm
2024-10-15 16:13:15,466 [MainThread  ] [INFO ]  Checking certificates:   presenceSensor1  ->  floor2_fire_alarm
2024-10-15 16:13:15,485 [MainThread  ] [INFO ]  Checking certificates:   presenceSensor1  ->  floor1_fire_siren
2024-10-15 16:13:15,507 [MainThread  ] [INFO ]  Checking certificates:   presenceSensor1  ->  floor2_fire_siren
2024-10-15 16:13:15,527 [MainThread  ] [INFO ]  Checking certificates:   presenceSensor1  ->  floor1_water_pump
2024-10-15 16:13:15,545 [MainThread  ] [INFO ]  Checking certificates:   presenceSensor1  ->  floor2_water_pump
2024-10-15 16:13:15,564 [MainThread  ] [INFO ]  Checking certificates:   presenceSensor1  ->  floor1_badge_reader
2024-10-15 16:13:15,583 [MainThread  ] [INFO ]  Checking certificates:   presenceSensor1  ->  floor2_badge_reader
2024-10-15 16:13:15,605 [MainThread  ] [INFO ]  Checking certificates:   presenceSensor1  ->  floor1_door_lock
2024-10-15 16:13:15,629 [MainThread  ] [INFO ]  Checking certificates:   presenceSensor1  ->  floor2_door_lock
2024-10-15 16:13:15,651 [MainThread  ] [INFO ]  Checking certificates:   presenceSensor1  ->  floor1_smoke_sensor
2024-10-15 16:13:15,670 [MainThread  ] [INFO ]  Checking certificates:   presenceSensor1  ->  floor2_smoke_sensor
2024-10-15 16:13:15,692 [MainThread  ] [INFO ]  Checking certificates:   presenceSensor1  ->  floor1_light
2024-10-15 16:13:16,002 [MainThread  ] [INFO ]  Checking certificates:   presenceSensor1  ->  floor2_light
2024-10-15 16:13:16,248 [MainThread  ] [INFO ]  Checking certificates:   presenceSensor1  ->  lambda_badge_check
2024-10-15 16:13:16,268 [MainThread  ] [INFO ]  Checking certificates:   presenceSensor1  ->  lambda_fire_alarm
2024-10-15 16:13:16,285 [MainThread  ] [INFO ]  Checking certificates:   presenceSensor1  ->  lambda_logger
2024-10-15 16:13:16,395 [MainThread  ] [INFO ]  Checking certificates:   presenceSensor1  ->  presenceSensor1
2024-10-15 16:13:16,411 [MainThread  ] [INFO ]  Checking certificates:   presenceSensor1  ->  presenceSensor2
2024-10-15 16:13:16,430 [MainThread  ] [INFO ]  Checking certificates:   presenceSensor2  ->  elevator
2024-10-15 16:13:16,449 [MainThread  ] [INFO ]  Checking certificates:   presenceSensor2  ->  floor1_fire_alarm
2024-10-15 16:13:16,466 [MainThread  ] [INFO ]  Checking certificates:   presenceSensor2  ->  floor2_fire_alarm
2024-10-15 16:13:16,484 [MainThread  ] [INFO ]  Checking certificates:   presenceSensor2  ->  floor1_fire_siren
2024-10-15 16:13:16,502 [MainThread  ] [INFO ]  Checking certificates:   presenceSensor2  ->  floor2_fire_siren
2024-10-15 16:13:16,521 [MainThread  ] [INFO ]  Checking certificates:   presenceSensor2  ->  floor1_water_pump
2024-10-15 16:13:16,540 [MainThread  ] [INFO ]  Checking certificates:   presenceSensor2  ->  floor2_water_pump
2024-10-15 16:13:16,559 [MainThread  ] [INFO ]  Checking certificates:   presenceSensor2  ->  floor1_badge_reader
2024-10-15 16:13:16,576 [MainThread  ] [INFO ]  Checking certificates:   presenceSensor2  ->  floor2_badge_reader
2024-10-15 16:13:16,594 [MainThread  ] [INFO ]  Checking certificates:   presenceSensor2  ->  floor1_door_lock
2024-10-15 16:13:16,613 [MainThread  ] [INFO ]  Checking certificates:   presenceSensor2  ->  floor2_door_lock
2024-10-15 16:13:16,632 [MainThread  ] [INFO ]  Checking certificates:   presenceSensor2  ->  floor1_smoke_sensor
2024-10-15 16:13:16,651 [MainThread  ] [INFO ]  Checking certificates:   presenceSensor2  ->  floor2_smoke_sensor
2024-10-15 16:13:16,671 [MainThread  ] [INFO ]  Checking certificates:   presenceSensor2  ->  floor1_light
2024-10-15 16:13:16,923 [MainThread  ] [INFO ]  Checking certificates:   presenceSensor2  ->  floor2_light
2024-10-15 16:13:17,262 [MainThread  ] [INFO ]  Checking certificates:   presenceSensor2  ->  lambda_badge_check
2024-10-15 16:13:17,280 [MainThread  ] [INFO ]  Checking certificates:   presenceSensor2  ->  lambda_fire_alarm
2024-10-15 16:13:17,300 [MainThread  ] [INFO ]  Checking certificates:   presenceSensor2  ->  lambda_logger
2024-10-15 16:13:17,407 [MainThread  ] [INFO ]  Checking certificates:   presenceSensor2  ->  presenceSensor1
2024-10-15 16:13:17,424 [MainThread  ] [INFO ]  Checking certificates:   presenceSensor2  ->  presenceSensor2
-- 2463.3265s -- Built symbolic information flow graph of 57 nodes.
-- 0.0010s -- Found the path:
                 floor1_door_lock
                 (oorLock+) -> hysicalAC/floor1/presenceSensor1/\u{3ba -> (resenceSensor)
                 presenceSensor1
                 (resenceSensor) -> hysicalAC/floor1/detectedMovement/light -> (ight)
                 floor2_light
              from floor1_door_lock to floor2_light.
-- 0.0000s -- No path found from elevator to floor1_door_lock.
-- 0.0000s -- Checkin if elevator reaches only [].
-- 0.0005s -- Correct: elevator reaches only [].
-- 0.0000s -- Checkin if floor1_door_lock reaches only ['floor1_light', 'presenceSensor1', 'lambda_logger'].
-- 0.0005s -- Found the following unexpected paths (1):
                 floor1_door_lock
                 (oorLock+) -> hysicalAC/floor1/presenceSensor1/\u{3ba -> (resenceSensor)
                 presenceSensor1
                 (resenceSensor) -> hysicalAC/floor1/detectedMovement/light -> (ight)
                 floor2_light

-- 0.0000s -- Checkin if floor1_smoke_sensor reaches only ['elevator', 'floor1_door_lock'].
-- 0.0000s -- Found the following unexpected paths (11):
                 floor1_smoke_sensor
                 (mokeSensor0) -> ire/floor1/smokeLevel -> (ambdaFireAlar)
                 lambda_fire_alarm
                 (ambdaFireAlar) -> ire/detecte -> (iren#)
                 floor2_fire_siren

                 floor1_smoke_sensor
                 (mokeSensor0) -> ire/floor1/smokeLevel -> (ambdaFireAlar)
                 lambda_fire_alarm
                 (ambdaFireAlar) -> ire/detecte -> (iren#)
                 floor1_fire_siren

                 floor1_smoke_sensor
                 (mokeSensor0) -> ire/floor1/smokeLevel -> (ambdaFireAlar)
                 lambda_fire_alarm
                 (ambdaFireAlar) -> ire/detecte -> (oorLock/)
                 floor1_door_lock
                 (oorLock+) -> hysicalAC/floor1/presenceSensor1/\u{3ba -> (resenceSensor)
                 presenceSensor1
                 (resenceSensor) -> hysicalAC/floor1/detectedMovement/light -> (ight)
                 floor1_light

                 floor1_smoke_sensor
                 (mokeSensor0) -> ire/floor1/smokeLevel -> (ambdaFireAlar)
                 lambda_fire_alarm
                 (ambdaFireAlar) -> ire/detecte -> (ump/)
                 floor1_water_pump

                 floor1_smoke_sensor
                 (mokeSensor0) -> ire/floor1/smokeLevel -> (ambdaFireAlar)
                 lambda_fire_alarm
                 (ambdaFireAlar) -> ire/detecte -> (ump/)
                 floor2_water_pump

                 floor1_smoke_sensor
                 (mokeSensor0) -> ire/floor1/smokeLevel -> (ambdaFireAlar)
                 lambda_fire_alarm
                 (ambdaFireAlar) -> ire/detecte -> (oorLock/)
                 floor2_door_lock

                 floor1_smoke_sensor
                 (mokeSensor0) -> ire/floor1/smokeLevel -> (ambdaFireAlar)
                 lambda_fire_alarm
                 (ambdaFireAlar) -> ire/detecte -> (oorLock/)
                 floor1_door_lock
                 (oorLock/) -> hysicalAC/floor1/presenceSensor1/enabl -> (ambdaDoorLo)
                 lambda_logger

                 floor1_smoke_sensor
                 (mokeSensor0) -> ire/floor1/smokeLevel -> (ambdaFireAlar)
                 lambda_fire_alarm
                 (ambdaFireAlar) -> ire/detecte -> (oorLock/)
                 floor2_door_lock
                 (oorLock+) -> hysicalAC/floor2/presenceSensor2/\u{3ba -> (resenceSensor)
                 presenceSensor2

                 floor1_smoke_sensor
                 (mokeSensor0) -> ire/floor1/smokeLevel -> (ambdaFireAlar)
                 lambda_fire_alarm

                 floor1_smoke_sensor
                 (mokeSensor0) -> ire/floor1/smokeLevel -> (ambdaFireAlar)
                 lambda_fire_alarm
                 (ambdaFireAlar) -> ire/detecte -> (oorLock/)
                 floor1_door_lock
                 (oorLock+) -> hysicalAC/floor1/presenceSensor1/\u{3ba -> (resenceSensor)
                 presenceSensor1
                 (resenceSensor) -> hysicalAC/floor1/detectedMovement/light -> (ight)
                 floor2_light

                 floor1_smoke_sensor
                 (mokeSensor0) -> ire/floor1/smokeLevel -> (ambdaFireAlar)
                 lambda_fire_alarm
                 (ambdaFireAlar) -> ire/detecte -> (oorLock/)
                 floor1_door_lock
                 (oorLock+) -> hysicalAC/floor1/presenceSensor1/\u{3ba -> (resenceSensor)
                 presenceSensor1

-- 0.0000s -- Checkin if elevator reaches only ['floor2_water_pump'].
-- 0.0000s -- No path found for the nodes:
                floor2_water_pump
-- 0.0000s -- Checking if elevator is only reached by ['lambda_fire_alarm', 'floor1_smoke_sensor', 'floor2_smoke_sensor', 'floor1_fire_alarm', 'floor2_fire_alarm'].
-- 0.0000s -- Correct: elevator is only reached by ['lambda_fire_alarm', 'floor1_smoke_sensor', 'floor2_smoke_sensor', 'floor1_fire_alarm', 'floor2_fire_alarm'].
-- 0.0000s -- Checking if floor1_fire_siren is only reached by ['floor1_smoke_sensor', 'floor2_smoke_sensor', 'floor1_fire_alarm', 'floor2_fire_alarm', 'lambda_fire_alarm', 'elevator'].
-- 0.0000s -- No path found for the nodes:
                elevator
-- 0.0000s -- Checking if floor1_light is only reached by ['lambda_fire_alarm'].
-- 0.0000s -- Found the following unexpected paths (11):
                 floor1_badge_reader
                 (adgeReader#) -> hysicalAC/floor1/badgeReader#0/chec -> (ambdaBadgeChec)
                 lambda_badge_check
                 (ambdaBadgeChec) -> hysicalAC/floor1/doorLockY#/ope -> (oorLockY)
                 floor1_door_lock
                 (oorLock+) -> hysicalAC/floor1/presenceSensor1/\u{3ba -> (resenceSensor)
                 presenceSensor1
                 (resenceSensor) -> hysicalAC/floor1/detectedMovement/light -> (ight)
                 floor1_light

                 floor1_door_lock
                 (oorLock+) -> hysicalAC/floor1/presenceSensor1/\u{3ba -> (resenceSensor)
                 presenceSensor1
                 (resenceSensor) -> hysicalAC/floor1/detectedMovement/light -> (ight)
                 floor1_light

                 lambda_badge_check
                 (ambdaBadgeChec) -> hysicalAC/floor1/doorLockY#/ope -> (oorLockY)
                 floor1_door_lock
                 (oorLock+) -> hysicalAC/floor1/presenceSensor1/\u{3ba -> (resenceSensor)
                 presenceSensor1
                 (resenceSensor) -> hysicalAC/floor1/detectedMovement/light -> (ight)
                 floor1_light

                 floor2_badge_reader
                 (adgeReader#) -> hysicalAC/floor2/badgeReader#s/chec -> (ambdaBadgeChec)
                 lambda_badge_check
                 (ambdaBadgeChec) -> hysicalAC/floor1/doorLockY#/ope -> (oorLockY)
                 floor1_door_lock
                 (oorLock+) -> hysicalAC/floor1/presenceSensor1/\u{3ba -> (resenceSensor)
                 presenceSensor1
                 (resenceSensor) -> hysicalAC/floor1/detectedMovement/light -> (ight)
                 floor1_light

                 floor2_door_lock
                 (oorLock+) -> hysicalAC/floor2/presenceSensor2/\u{3ba -> (resenceSensor)
                 presenceSensor2
                 (resenceSensor) -> hysicalAC/floor2/detectedMovement/light -> (ight)
                 floor1_light

                 floor2_fire_alarm
                 (ireAlarmk) -> ire/detecte -> (oorLock8)
                 floor1_door_lock
                 (oorLock+) -> hysicalAC/floor1/presenceSensor1/\u{3ba -> (resenceSensor)
                 presenceSensor1
                 (resenceSensor) -> hysicalAC/floor1/detectedMovement/light -> (ight)
                 floor1_light

                 floor2_smoke_sensor
                 (mokeSensor0) -> ire/floor2/smokeLevel -> (ambdaFireAlar)
                 lambda_fire_alarm
                 (ambdaFireAlar) -> ire/detecte -> (oorLock/)
                 floor1_door_lock
                 (oorLock+) -> hysicalAC/floor1/presenceSensor1/\u{3ba -> (resenceSensor)
                 presenceSensor1
                 (resenceSensor) -> hysicalAC/floor1/detectedMovement/light -> (ight)
                 floor1_light

                 floor1_fire_alarm
                 (ireAlarmk) -> ire/detecte -> (oorLock8)
                 floor1_door_lock
                 (oorLock+) -> hysicalAC/floor1/presenceSensor1/\u{3ba -> (resenceSensor)
                 presenceSensor1
                 (resenceSensor) -> hysicalAC/floor1/detectedMovement/light -> (ight)
                 floor1_light

                 floor1_smoke_sensor
                 (mokeSensor0) -> ire/floor1/smokeLevel -> (ambdaFireAlar)
                 lambda_fire_alarm
                 (ambdaFireAlar) -> ire/detecte -> (oorLock/)
                 floor1_door_lock
                 (oorLock+) -> hysicalAC/floor1/presenceSensor1/\u{3ba -> (resenceSensor)
                 presenceSensor1
                 (resenceSensor) -> hysicalAC/floor1/detectedMovement/light -> (ight)
                 floor1_light

                 presenceSensor2
                 (resenceSensor) -> hysicalAC/floor2/detectedMovement/light -> (ight)
                 floor1_light

                 presenceSensor1
                 (resenceSensor) -> hysicalAC/floor1/detectedMovement/light -> (ight)
                 floor1_light

-- 0.0000s -- Checking if the subsystems ['floor1_badge_reader'] and ['floor1_water_pump', 'elevator'] are isolated.
-- 0.0000s -- The subsystems ['floor1_badge_reader'] and ['floor1_water_pump', 'elevator'] are isolated
-- 0.0000s -- Checking if the subsystems ['floor2_badge_reader'] and ['lambda_fire_alarm', 'elevator', 'floor2_smoke_sensor'] are isolated.
-- 0.0000s -- The subsystems ['floor2_badge_reader'] and ['lambda_fire_alarm', 'elevator', 'floor2_smoke_sensor'] are isolated
-- 0.0000s -- Checking if the subsystems ['floor1_light', 'floor2_light'] and ['lambda_fire_alarm', 'elevator', 'floor2_smoke_sensor'] are isolated.
-- 0.0010s -- Not isolated since lambda_fire_alarm can reach floor1_light with the path:
-- 0.0000s -- Found the path:
                 lambda_fire_alarm
                 (ambdaFireAlar) -> ire/detecte -> (oorLock/)
                 floor1_door_lock
                 (oorLock+) -> hysicalAC/floor1/presenceSensor1/\u{3ba -> (resenceSensor)
                 presenceSensor1
                 (resenceSensor) -> hysicalAC/floor1/detectedMovement/light -> (ight)
                 floor1_light
              from lambda_fire_alarm to floor1_light.
PS C:\Users\edolu\git\IMT\Proposal\IoT\ToolIoT> 