[0.0599] Read 258 policies from .\tests\policies\policy_benchmark\FLAW1\.
[0.0000] Starting tests with 2^0 = 1 certificates).
[END   ] Run 10 test for 2^0 certs with the following averages:
         Average build time:    0.35136334896087645
         Average number of nodes:       1.0
         Average query times:   0.0024863719940185548
[0.0000] Starting tests with 2^1 = 2 certificates).
[END   ] Run 10 test for 2^1 certs with the following averages:
         Average build time:    0.12796356678009033
[0.0000] Starting tests with 2^1 = 2 certificates).
[END   ] Run 10 test for 2^1 certs with the following averages:
[0.0000] Starting tests with 2^1 = 2 certificates).
[0.0000] Starting tests with 2^1 = 2 certificates).
[END   ] Run 10 test for 2^1 certs with the following averages:
         Average build time:    0.12796356678009033
         Average number of nodes:       3.0
         Average query times:   0.004185009002685547
[0.0000] Starting tests with 2^2 = 4 certificates).
[END   ] Run 10 test for 2^2 certs with the following averages:
         Average build time:    0.7834384918212891
         Average number of nodes:       12.9
         Average query times:   0.004579687118530273
[0.0000] Starting tests with 2^3 = 8 certificates).
[END   ] Run 10 test for 2^3 certs with the following averages:
         Average build time:    3.0021557807922363  
         Average number of nodes:       46.3        
         Average query times:   0.005884742736816407
[0.0000] Starting tests with 2^4 = 16 certificates).
[END   ] Run 10 test for 2^4 certs with the following averages:
         Average build time:    26.711165499687194  
         Average number of nodes:       178.8       
         Average query times:   0.007779145240783691
[0.0000] Starting tests with 2^5 = 32 certificates).
[END   ] Run 10 test for 2^5 certs with the following averages:
         Average build time:    81.39846074581146   
         Average number of nodes:       647.5       
         Average query times:   0.010870862007141113
[0.0000] Starting tests with 2^6 = 64 certificates).
[0.0000] Starting test_0.
[282.8864] Test_0 -- Built symbolic information flow graph of 2687 nodes.
[0.0120] Test_0 -- Run 1000 reach queries in 0.011987924575805664s.
[0.0120] Test_0 ended (282.89940643310547s).
[0.0000] Starting test_1.
[402.0179] Test_1 -- Built symbolic information flow graph of 2669 nodes.
[0.0295] Test_1 -- Run 1000 reach queries in 0.029486417770385742s.
[0.0295] Test_1 ended (429.0318775177002s).
[0.0000] Starting test_2.
[708.5135] Test_2 -- Built symbolic information flow graph of 2660 nodes.
[0.0350] Test_2 -- Run 1000 reach queries in 0.035010576248168945s.
[0.0350] Test_2 ended (735.0701777935028s).
[0.0000] Starting test_3.
[270.8776] Test_3 -- Built symbolic information flow graph of 2853 nodes.
[0.0240] Test_3 -- Run 1000 reach queries in 0.023955106735229492s.
[0.0240] Test_3 ended (305.06897258758545s).
[0.0000] Starting test_4.
[334.7338] Test_4 -- Built symbolic information flow graph of 3064 nodes.
[0.0296] Test_4 -- Run 1000 reach queries in 0.02956390380859375s.
[0.0296] Test_4 ended (374.85773944854736s).
[0.0000] Starting test_5.
[358.3108] Test_5 -- Built symbolic information flow graph of 2844 nodes.
[0.0413] Test_5 -- Run 1000 reach queries in 0.04129838943481445s.
[0.0413] Test_5 ended (397.36673283576965s).
[0.0000] Starting test_6.
[292.5489] Test_6 -- Built symbolic information flow graph of 2763 nodes.
[0.0279] Test_6 -- Run 1000 reach queries in 0.027922868728637695s.
[0.0279] Test_6 ended (326.49817419052124s).
[0.0000] Starting test_7.
[312.0565] Test_7 -- Built symbolic information flow graph of 2857 nodes.
[0.0274] Test_7 -- Run 1000 reach queries in 0.027414321899414062s.
[0.0274] Test_7 ended (341.81069445610046s).
[0.0000] Starting test_8.
[297.9167] Test_8 -- Built symbolic information flow graph of 2582 nodes.
[0.0325] Test_8 -- Run 1000 reach queries in 0.032453298568725586s.
[0.0325] Test_8 ended (326.85091972351074s).
[0.0000] Starting test_9.
[306.0482] Test_9 -- Built symbolic information flow graph of 2142 nodes.
[0.0180] Test_9 -- Run 1000 reach queries in 0.017952919006347656s.
[0.0180] Test_9 ended (320.89699816703796s).
[END   ] Run 10 test for 2^6 certs with the following averages:
         Average build time:    356.59104170799253
         Average number of nodes:       2712.1
         Average query times:   0.027704572677612303