[0.0000] Starting tests with 20 certificates.
[END   ] Run 10 tests for 20 certs with the following averages:
         Average build time:            18.9604          --     ['6.85', '13.37', '13.11', '3.33', '27.92', '24.63', '63.54', '3.02', '11.49', '22.34']
         Average nodes:                  261.5           --     [243, 260, 133, 328, 270, 292, 205, 305, 294, 285] 
         Average query times:           0.0059           --     ['0.01', '0.01', '0.00', '0.01', '0.01', '0.01', '0.01', '0.00', '0.01', '0.01']
         Average hard solvers:          4.7              --     [2, 6, 3, 2, 9, 6, 13, 1, 3, 2]
[0.0000] Starting tests with 40 certificates.
[END   ] Run 10 tests for 40 certs with the following averages:
         Average build time:            65.6036          --     ['60.32', '16.53', '62.93', '23.23', '77.03', '150.48', '52.12', '61.81', '93.39', '58.19']
         Average nodes:                  1015.6          --     [1050, 1107, 880, 927, 992, 983, 1159, 1269, 967, 822] 
         Average query times:           0.0090           --     ['0.01', '0.01', '0.01', '0.01', '0.01', '0.01', '0.01', '0.01', '0.01', '0.01']
         Average hard solvers:          12.6             --     [12, 5, 20, 6, 11, 28, 8, 6, 18, 12]
[0.0000] Starting tests with 60 certificates.
[END   ] Run 10 tests for 60 certs with the following averages:
         Average build time:            67.4953          --     ['133.43', '58.83', '68.42', '123.66', '59.83', '81.24', '28.80', '39.12', '22.52', '59.11']
         Average nodes:                  2210.1          --     [2146, 2585, 2047, 2439, 2003, 2434, 1918, 1937, 2076, 2516]
         Average query times:           0.0110           --     ['0.01', '0.01', '0.01', '0.01', '0.01', '0.01', '0.01', '0.01', '0.01', '0.01']
         Average hard solvers:          17.2             --     [20, 33, 11, 18, 9, 31, 12, 8, 12, 18]
[0.0000] Starting tests with 80 certificates.
[END   ] Run 10 tests for 80 certs with the following averages:
         Average build time:            116.3591         --     ['95.72', '171.45', '110.63', '142.42', '138.16', '46.18', '96.41', '187.57', '62.72', '112.32']
         Average nodes:                  3888.3          --     [4098, 4076, 3866, 4368, 4193, 3527, 4183, 3500, 3843, 3229]
         Average query times:           0.0135           --     ['0.01', '0.01', '0.01', '0.01', '0.01', '0.01', '0.01', '0.01', '0.01', '0.01']
         Average hard solvers:          27.8             --     [17, 43, 22, 27, 28, 11, 19, 46, 26, 39]
[0.0000] Starting tests with 90 certificates.
[END   ] Run 10 tests for 90 certs with the following averages:
         Average build time:            241.9924         --     ['184.84', '134.86', '381.60', '288.52', '153.74', '293.24', '341.25', '289.91', '250.59', '101.37']
         Average nodes:                  4967.6          --     [5006, 4869, 5358, 5000, 4747, 4967, 4315, 5220, 5390, 4804]
         Average query times:           0.0156           --     ['0.02', '0.02', '0.02', '0.02', '0.01', '0.01', '0.01', '0.02', '0.02', '0.01']
         Average hard solvers:          61.3             --     [39, 54, 90, 58, 42, 91, 62, 62, 70, 45]
[0.0000] Starting tests with 100 certificates.
[END   ] Run 10 tests for 100 certs with the following averages:
         Average build time:            156.7967         --     ['139.41', '161.47', '213.42', '117.78', '139.08', '125.03', '169.50', '111.60', '158.21', '232.47']
         Average nodes:                  6236.1          --     [6695, 5350, 6025, 6707, 5941, 5795, 5885, 6492, 6338, 7133]
         Average query times:           0.0167           --     ['0.02', '0.01', '0.02', '0.02', '0.01', '0.01', '0.01', '0.02', '0.02', '0.02']
         Average hard solvers:          46.3             --     [46, 57, 50, 31, 39, 38, 51, 34, 54, 63]



[0.0000] Starting tests with 20 certificates.
[END   ] Run 20 tests for 20 certs with the following averages:
         Average build time:            8.4020           --     ['29.76', '23.34', '2.37', '0.65', '1.56', '1.45', '3.25', '14.22', '1.20', '2.25', '0.94', '3.75', '8.19', '16.19', '6.70', '20.87', '15.01', '2.21', '1.67', '12.45']
         Average nodes:                  290.45          --     [220, 318, 301, 396, 252, 271, 256, 277, 360, 246, 304, 289, 292, 290, 297, 265, 306, 339, 268, 262]
         Average query times:           0.0063           --     ['0.01', '0.01', '0.01', '0.01', '0.01', '0.00', '0.01', '0.01', '0.01', '0.01', '0.01', '0.01', '0.01', '0.01', '0.01', '0.00', '0.01', '0.01', '0.01', '0.01']       
         Average hard solvers:          4.0              --     [13, 9, 3, 0, 0, 2, 6, 13, 0, 2, 0, 4, 2, 9, 3, 2, 2, 2, 2, 6]
[0.0000] Starting tests with 40 certificates.
[END   ] Run 20 tests for 40 certs with the following averages:
         Average build time:            25.2383          --     ['3.47', '14.94', '25.84', '21.79', '10.07', '16.37', '18.64', '11.31', '12.17', '20.83', '32.34', '90.75', '75.61', '19.51', '22.01', '5.24', '14.47', '16.37', '7.13', '65.91']
         Average nodes:                  985.25          --     [852, 922, 1193, 1271, 784, 1043, 940, 1155, 808, 749, 976, 938, 1102, 934, 1169, 942, 923, 1020, 1216, 768]
         Average query times:           0.0082           --     ['0.01', '0.01', '0.01', '0.01', '0.01', '0.01', '0.01', '0.01', '0.01', '0.01', '0.01', '0.01', '0.01', '0.01', '0.01', '0.01', '0.01', '0.01', '0.01', '0.01']
         Average hard solvers:          10.8             --     [0, 10, 13, 5, 18, 6, 4, 22, 19, 2, 15, 14, 19, 9, 18, 7, 2, 13, 9, 11]
[0.0000] Starting tests with 60 certificates.
[END   ] Run 20 tests for 60 certs with the following averages:
         Average build time:            68.3746          --     ['189.75', '64.27', '42.26', '183.94', '43.18', '84.23', '62.92', '15.22', '38.01', '48.02', '22.22', '46.81', '53.64', '64.36', '16.71', '55.95', '74.21', '135.81', '91.76', '34.22']
         Average nodes:                  2214.7          --     [2268, 2589, 2218, 2029, 2384, 1933, 2318, 2028, 2069, 2277, 1802, 2326, 2470, 2305, 2399, 2313, 1960, 2446, 2013, 2147]
         Average query times:           0.0115           --     ['0.01', '0.01', '0.01', '0.01', '0.01', '0.01', '0.01', '0.01', '0.01', '0.01', '0.01', '0.01', '0.01', '0.01', '0.01', '0.01', '0.01', '0.01', '0.01', '0.01']
         Average hard solvers:          24.4             --     [56, 12, 31, 38, 24, 29, 15, 16, 16, 12, 7, 31, 18, 22, 23, 47, 14, 34, 27, 16]
[0.0000] Starting tests with 80 certificates.
[END   ] Run 20 tests for 80 certs with the following averages:
         Average build time:            134.3157         --     ['245.82', '121.95', '249.50', '75.71', '134.74', '85.18', '32.04', '205.58', '57.21', '94.84', '66.69', '33.72', '141.08', '134.44', '158.28', '179.50', '95.58', '144.94', '148.63', '280.87']
         Average nodes:                  4078.0          --     [4248, 4149, 4612, 3940, 3965, 4182, 3064, 4816, 4528, 3525, 3758, 4213, 3738, 4135, 3851, 4491, 4497, 3247, 3979, 4622]
         Average query times:           0.0141           --     ['0.01', '0.01', '0.02', '0.01', '0.01', '0.01', '0.01', '0.02', '0.02', '0.01', '0.01', '0.01', '0.01', '0.01', '0.01', '0.01', '0.01', '0.01', '0.01', '0.02']
         Average hard solvers:          40.6             --     [57, 27, 69, 27, 50, 33, 12, 48, 30, 45, 34, 18, 27, 47, 50, 50, 26, 52, 41, 69]
[0.0000] Starting tests with 90 certificates.
[END   ] Run 20 tests for 90 certs with the following averages:
         Average build time:            151.4983         --     ['66.97', '116.01', '173.82', '65.06', '140.09', '115.80', '162.65', '152.39', '82.41', '168.11', '289.04', '201.18', '127.39', '138.31', '308.97', '232.02', '45.63', '107.72', '168.16', '168.22']
         Average nodes:                  4959.15         --     [5162, 4826, 4969, 4518, 4790, 5227, 4382, 4699, 4812, 5744, 4661, 4730, 5184, 5420, 4690, 4869, 5354, 5369, 5321, 4456]
         Average query times:           0.0153           --     ['0.02', '0.02', '0.01', '0.01', '0.01', '0.02', '0.01', '0.01', '0.01', '0.02', '0.01', '0.02', '0.01', '0.02', '0.01', '0.02', '0.01', '0.02', '0.02', '0.01']
         Average hard solvers:          43.6             --     [41, 32, 40, 31, 54, 39, 47, 34, 48, 35, 65, 49, 37, 68, 51, 52, 32, 39, 42, 36]
[0.0000] Starting tests with 100 certificates.
[END   ] Run 20 tests for 100 certs with the following averages:
         Average build time:            190.4856         --     ['141.69', '289.24', '118.83', '163.07', '86.75', '172.59', '373.91', '261.55', '122.45', '57.78', '140.08', '160.96', '185.05', '262.01', '208.30', '237.59', '138.92', '98.17', '307.58', '283.19']
         Average nodes:                  6398.45         --     [6638, 6189, 6643, 6448, 6259, 6209, 7338, 7082, 6032, 5803, 6469, 7243, 5563, 6111, 6572, 6458, 6047, 6197, 7065, 5603]
         Average query times:           0.0172           --     ['0.02', '0.02', '0.02', '0.02', '0.02', '0.01', '0.02', '0.02', '0.02', '0.01', '0.02', '0.02', '0.01', '0.02', '0.02', '0.02', '0.01', '0.02', '0.02', '0.02']
         Average hard solvers:          50.95            --     [48, 73, 25, 44, 28, 56, 68, 90, 34, 19, 38, 63, 58, 53, 74, 65, 25, 39, 59, 60]